Component: ARM Compiler 5.05 update 1 (build 106) Tool: armlink [4d0efa]

==============================================================================

Section Cross References

    main.o(i.main) refers to stm32f7xx_hal.o(i.HAL_Init) for HAL_Init
    main.o(i.main) refers to sys.o(i.Stm32_Clock_Init) for Stm32_Clock_Init
    main.o(i.main) refers to delay.o(i.delay_init) for delay_init
    main.o(i.main) refers to bf.o(i.BF_IO_Init) for BF_IO_Init
    main.o(i.main) refers to stm32f7xx_hal_gpio.o(i.HAL_GPIO_WritePin) for HAL_GPIO_WritePin
    main.o(i.main) refers to bf.o(i.BF_Init) for BF_Init
    main.o(i.main) refers to delay.o(i.delay_ms) for delay_ms
    main.o(i.main) refers to usart.o(i.uart_init) for uart_init
    main.o(i.main) refers to led.o(i.LED_Init) for LED_Init
    main.o(i.main) refers to exti.o(i.EXTI_Init) for EXTI_Init
    main.o(i.main) refers to wifi.o(i.Wifi_Init) for Wifi_Init
    main.o(i.main) refers to wifi.o(i.Set_Socket) for Set_Socket
    main.o(i.main) refers to dac.o(i.DAC_Init) for DAC_Init
    main.o(i.main) refers to dac.o(i.DAC_Set_Vol) for DAC_Set_Vol
    main.o(i.main) refers to pulser.o(i.Pulser_IO_Init) for Pulser_IO_Init
    main.o(i.main) refers to pulser.o(i.ALL_CH_HZ) for ALL_CH_HZ
    main.o(i.main) refers to timer.o(i.TIM3_Init) for TIM3_Init
    main.o(i.main) refers to stm32f7xx_hal_gpio.o(i.HAL_GPIO_TogglePin) for HAL_GPIO_TogglePin
    main.o(i.main) refers to adc.o(i.Rheostat_Init) for Rheostat_Init
    main.o(i.main) refers to timer.o(i.Start_TIM3) for Start_TIM3
    main.o(i.main) refers to pulser.o(i.CH_TX) for CH_TX
    main.o(i.main) refers to delay.o(i.delay_us) for delay_us
    main.o(i.main) refers to adc.o(i.FIFO_read) for FIFO_read
    main.o(i.main) refers to wifi.o(i.Wifi_Send_Packet) for Wifi_Send_Packet
    main.o(i.main) refers to timer.o(i.Stop_TIM3) for Stop_TIM3
    main.o(i.main) refers to adc.o(.bss) for FIFO_buffer
    main.o(i.main) refers to timer.o(.data) for Ch_Flag
    stm32f7xx_it.o(i.SysTick_Handler) refers to stm32f7xx_hal.o(i.HAL_IncTick) for HAL_IncTick
    system_stm32f7xx.o(i.SystemCoreClockUpdate) refers to system_stm32f7xx.o(.data) for SystemCoreClock
    system_stm32f7xx.o(i.SystemCoreClockUpdate) refers to system_stm32f7xx.o(.constdata) for AHBPrescTable
    startup_stm32f767xx.o(RESET) refers to startup_stm32f767xx.o(STACK) for __initial_sp
    startup_stm32f767xx.o(RESET) refers to startup_stm32f767xx.o(.text) for Reset_Handler
    startup_stm32f767xx.o(RESET) refers to stm32f7xx_it.o(i.NMI_Handler) for NMI_Handler
    startup_stm32f767xx.o(RESET) refers to stm32f7xx_it.o(i.HardFault_Handler) for HardFault_Handler
    startup_stm32f767xx.o(RESET) refers to stm32f7xx_it.o(i.MemManage_Handler) for MemManage_Handler
    startup_stm32f767xx.o(RESET) refers to stm32f7xx_it.o(i.BusFault_Handler) for BusFault_Handler
    startup_stm32f767xx.o(RESET) refers to stm32f7xx_it.o(i.UsageFault_Handler) for UsageFault_Handler
    startup_stm32f767xx.o(RESET) refers to stm32f7xx_it.o(i.SVC_Handler) for SVC_Handler
    startup_stm32f767xx.o(RESET) refers to stm32f7xx_it.o(i.DebugMon_Handler) for DebugMon_Handler
    startup_stm32f767xx.o(RESET) refers to stm32f7xx_it.o(i.PendSV_Handler) for PendSV_Handler
    startup_stm32f767xx.o(RESET) refers to stm32f7xx_it.o(i.SysTick_Handler) for SysTick_Handler
    startup_stm32f767xx.o(RESET) refers to exti.o(i.EXTI9_5_IRQHandler) for EXTI9_5_IRQHandler
    startup_stm32f767xx.o(RESET) refers to timer.o(i.TIM3_IRQHandler) for TIM3_IRQHandler
    startup_stm32f767xx.o(RESET) refers to usart.o(i.USART1_IRQHandler) for USART1_IRQHandler
    startup_stm32f767xx.o(RESET) refers to exti.o(i.EXTI15_10_IRQHandler) for EXTI15_10_IRQHandler
    startup_stm32f767xx.o(.text) refers to system_stm32f7xx.o(i.SystemInit) for SystemInit
    startup_stm32f767xx.o(.text) refers to entry.o(.ARM.Collect$$$$00000000) for __main
    stm32f7xx_hal.o(i.HAL_DeInit) refers to stm32f7xx_hal_msp.o(i.HAL_MspDeInit) for HAL_MspDeInit
    stm32f7xx_hal.o(i.HAL_Delay) refers to stm32f7xx_hal.o(i.HAL_GetTick) for HAL_GetTick
    stm32f7xx_hal.o(i.HAL_GetTick) refers to stm32f7xx_hal.o(.data) for uwTick
    stm32f7xx_hal.o(i.HAL_IncTick) refers to stm32f7xx_hal.o(.data) for uwTick
    stm32f7xx_hal.o(i.HAL_Init) refers to stm32f7xx_hal_cortex.o(i.HAL_NVIC_SetPriorityGrouping) for HAL_NVIC_SetPriorityGrouping
    stm32f7xx_hal.o(i.HAL_Init) refers to stm32f7xx_hal.o(i.HAL_InitTick) for HAL_InitTick
    stm32f7xx_hal.o(i.HAL_Init) refers to stm32f7xx_hal_msp.o(i.HAL_MspInit) for HAL_MspInit
    stm32f7xx_hal.o(i.HAL_InitTick) refers to stm32f7xx_hal_cortex.o(i.HAL_SYSTICK_Config) for HAL_SYSTICK_Config
    stm32f7xx_hal.o(i.HAL_InitTick) refers to stm32f7xx_hal_cortex.o(i.HAL_NVIC_SetPriority) for HAL_NVIC_SetPriority
    stm32f7xx_hal.o(i.HAL_InitTick) refers to system_stm32f7xx.o(.data) for SystemCoreClock
[...]
    .ARM.Collect$$$$00000004                 0x080001fc   Section        4  entry5.o(.ARM.Collect$$$$00000004)
    .ARM.Collect$$$$00000008                 0x08000200   Section        0  entry7b.o(.ARM.Collect$$$$00000008)
    .ARM.Collect$$$$0000000A                 0x08000200   Section        0  entry8b.o(.ARM.Collect$$$$0000000A)
    .ARM.Collect$$$$0000000B                 0x08000200   Section        8  entry9a.o(.ARM.Collect$$$$0000000B)
    .ARM.Collect$$$$0000000D                 0x08000208   Section        0  entry10a.o(.ARM.Collect$$$$0000000D)
    .ARM.Collect$$$$0000000F                 0x08000208   Section        0  entry11a.o(.ARM.Collect$$$$0000000F)
    .ARM.Collect$$$$00002712                 0x08000208   Section        4  entry2.o(.ARM.Collect$$$$00002712)
    __lit__00000000                          0x08000208   Data           4  entry2.o(.ARM.Collect$$$$00002712)
    .text                                    0x0800020c   Section       36  startup_stm32f767xx.o(.text)
    $v0                                      0x0800020c   Number         0  startup_stm32f767xx.o(.text)
    .text                                    0x08000230   Section        0  memseta.o(.text)
    .text                                    0x08000254   Section        0  strcmp.o(.text)
    .text                                    0x08000270   Section       36  init.o(.text)
    i.ADC_DMAConvCplt                        0x08000294   Section        0  stm32f7xx_hal_adc.o(i.ADC_DMAConvCplt)
    ADC_DMAConvCplt                          0x08000295   Thumb Code   110  stm32f7xx_hal_adc.o(i.ADC_DMAConvCplt)
    i.ADC_DMAError                           0x08000302   Section        0  stm32f7xx_hal_adc.o(i.ADC_DMAError)
    ADC_DMAError                             0x08000303   Thumb Code    26  stm32f7xx_hal_adc.o(i.ADC_DMAError)
    i.ADC_DMAHalfConvCplt                    0x0800031c   Section        0  stm32f7xx_hal_adc.o(i.ADC_DMAHalfConvCplt)
    ADC_DMAHalfConvCplt                      0x0800031d   Thumb Code    14  stm32f7xx_hal_adc.o(i.ADC_DMAHalfConvCplt)
    i.ADC_Init                               0x0800032c   Section        0  stm32f7xx_hal_adc.o(i.ADC_Init)
    ADC_Init                                 0x0800032d   Thumb Code   362  stm32f7xx_hal_adc.o(i.ADC_Init)
    i.ALL_CH_HZ                              0x080004a4   Section        0  pulser.o(i.ALL_CH_HZ)
    i.BF_IO_Init                             0x08000500   Section        0  bf.o(i.BF_IO_Init)
    i.BF_Init                                0x0800059c   Section        0  bf.o(i.BF_Init)
    i.BF_Write                               0x08000648   Section        0  bf.o(i.BF_Write)
    i.BusFault_Handler                       0x08000768   Section        0  stm32f7xx_it.o(i.BusFault_Handler)
    i.CH_RX                                  0x0800076c   Section        0  pulser.o(i.CH_RX)
    i.CH_TX                                  0x080007bc   Section        0  pulser.o(i.CH_TX)
    i.DAC_Init                               0x0800083c   Section        0  dac.o(i.DAC_Init)
    i.DAC_Set_Vol                            0x08000890   Section        0  dac.o(i.DAC_Set_Vol)
    i.DMA_CalcBaseAndBitshift                0x08000904   Section        0  stm32f7xx_hal_dma.o(i.DMA_CalcBaseAndBitshift)
    DMA_CalcBaseAndBitshift                  0x08000905   Thumb Code    46  stm32f7xx_hal_dma.o(i.DMA_CalcBaseAndBitshift)
    i.DMA_CheckFifoParam                     0x08000938   Section        0  stm32f7xx_hal_dma.o(i.DMA_CheckFifoParam)
    DMA_CheckFifoParam                       0x08000939   Thumb Code   186  stm32f7xx_hal_dma.o(i.DMA_CheckFifoParam)
    i.DMA_SetConfig                          0x080009f2   Section        0  stm32f7xx_hal_dma.o(i.DMA_SetConfig)
    DMA_SetConfig                            0x080009f3   Thumb Code    44  stm32f7xx_hal_dma.o(i.DMA_SetConfig)
    i.DebugMon_Handler                       0x08000a1e   Section        0  stm32f7xx_it.o(i.DebugMon_Handler)
    i.EXTI15_10_IRQHandler                   0x08000a20   Section        0  exti.o(i.EXTI15_10_IRQHandler)
    i.EXTI9_5_IRQHandler                     0x08000a2c   Section        0  exti.o(i.EXTI9_5_IRQHandler)
    i.EXTI_Init                              0x08000a38   Section        0  exti.o(i.EXTI_Init)
    i.FIFO_read                              0x08000ad0   Section        0  adc.o(i.FIFO_read)
    i.HAL_ADC_ConfigChannel                  0x08000af8   Section        0  stm32f7xx_hal_adc.o(i.HAL_ADC_ConfigChannel)
    i.HAL_ADC_ConvCpltCallback               0x08000cac   Section        0  stm32f7xx_hal_adc.o(i.HAL_ADC_ConvCpltCallback)
    i.HAL_ADC_ConvHalfCpltCallback           0x08000cae   Section        0  stm32f7xx_hal_adc.o(i.HAL_ADC_ConvHalfCpltCallback)
    i.HAL_ADC_ErrorCallback                  0x08000cb0   Section        0  stm32f7xx_hal_adc.o(i.HAL_ADC_ErrorCallback)
    i.HAL_ADC_Init                           0x08000cb4   Section        0  stm32f7xx_hal_adc.o(i.HAL_ADC_Init)
    i.HAL_ADC_MspInit                        0x08000d1c   Section        0  stm32f7xx_hal_adc.o(i.HAL_ADC_MspInit)
    i.HAL_ADC_Start_DMA                      0x08000d20   Section        0  stm32f7xx_hal_adc.o(i.HAL_ADC_Start_DMA)
    i.HAL_DAC_ConfigChannel                  0x08000e68   Section        0  stm32f7xx_hal_dac.o(i.HAL_DAC_ConfigChannel)
    i.HAL_DAC_Init                           0x08000ec2   Section        0  stm32f7xx_hal_dac.o(i.HAL_DAC_Init)
    i.HAL_DAC_MspInit                        0x08000eec   Section        0  dac.o(i.HAL_DAC_MspInit)
    i.HAL_DAC_SetValue                       0x08000f54   Section        0  stm32f7xx_hal_dac.o(i.HAL_DAC_SetValue)
    i.HAL_DAC_Start                          0x08000f80   Section        0  stm32f7xx_hal_dac.o(i.HAL_DAC_Start)
    i.HAL_DMA_Abort_IT                       0x0800100c   Section        0  stm32f7xx_hal_dma.o(i.HAL_DMA_Abort_IT)
    i.HAL_DMA_Init                           0x08001034   Section        0  stm32f7xx_hal_dma.o(i.HAL_DMA_Init)
    i.HAL_DMA_Start                          0x0800111c   Section        0  stm32f7xx_hal_dma.o(i.HAL_DMA_Start)
    i.HAL_DMA_Start_IT                       0x08001182   Section        0  stm32f7xx_hal_dma.o(i.HAL_DMA_Start_IT)
    i.HAL_GPIO_EXTI_Callback                 0x08001220   Section        0  exti.o(i.HAL_GPIO_EXTI_Callback)
    i.HAL_GPIO_EXTI_IRQHandler               0x08001278   Section        0  stm32f7xx_hal_gpio.o(i.HAL_GPIO_EXTI_IRQHandler)
    i.HAL_GPIO_Init                          0x08001294   Section        0  stm32f7xx_hal_gpio.o(i.HAL_GPIO_Init)
    i.HAL_GPIO_ReadPin                       0x080014ac   Section        0  stm32f7xx_hal_gpio.o(i.HAL_GPIO_ReadPin)
    i.HAL_GPIO_TogglePin                     0x080014bc   Section        0  stm32f7xx_hal_gpio.o(i.HAL_GPIO_TogglePin)
    i.HAL_GPIO_WritePin                      0x080014c4   Section        0  stm32f7xx_hal_gpio.o(i.HAL_GPIO_WritePin)
    i.HAL_GetTick                            0x080014d0   Section        0  stm32f7xx_hal.o(i.HAL_GetTick)
    i.HAL_IncTick                            0x080014dc   Section        0  stm32f7xx_hal.o(i.HAL_IncTick)
    i.HAL_Init                               0x080014ec   Section        0  stm32f7xx_hal.o(i.HAL_Init)
    i.HAL_InitTick                           0x08001514   Section        0  stm32f7xx_hal.o(i.HAL_InitTick)
    i.HAL_MspInit                            0x0800153c   Section        0  stm32f7xx_hal_msp.o(i.HAL_MspInit)
    i.HAL_NVIC_EnableIRQ                     0x0800153e   Section        0  stm32f7xx_hal_cortex.o(i.HAL_NVIC_EnableIRQ)
    i.HAL_NVIC_SetPriority                   0x08001558   Section        0  stm32f7xx_hal_cortex.o(i.HAL_NVIC_SetPriority)
    i.HAL_NVIC_SetPriorityGrouping           0x080015d4   Section        0  stm32f7xx_hal_cortex.o(i.HAL_NVIC_SetPriorityGrouping)
    i.HAL_PWREx_EnableOverDrive              0x080015fc   Section        0  stm32f7xx_hal_pwr_ex.o(i.HAL_PWREx_EnableOverDrive)
    i.HAL_RCC_ClockConfig                    0x0800168c   Section        0  stm32f7xx_hal_rcc.o(i.HAL_RCC_ClockConfig)
    i.HAL_RCC_GetHCLKFreq                    0x08001840   Section        0  stm32f7xx_hal_rcc.o(i.HAL_RCC_GetHCLKFreq)
    i.HAL_RCC_GetPCLK1Freq                   0x0800184c   Section        0  stm32f7xx_hal_rcc.o(i.HAL_RCC_GetPCLK1Freq)
    i.HAL_RCC_GetPCLK2Freq                   0x08001878   Section        0  stm32f7xx_hal_rcc.o(i.HAL_RCC_GetPCLK2Freq)
    i.HAL_RCC_GetSysClockFreq                0x080018a4   Section        0  stm32f7xx_hal_rcc.o(i.HAL_RCC_GetSysClockFreq)
    i.HAL_RCC_OscConfig                      0x08001958   Section        0  stm32f7xx_hal_rcc_ex.o(i.HAL_RCC_OscConfig)
    i.HAL_SPI_Init                           0x08001e28   Section        0  stm32f7xx_hal_spi.o(i.HAL_SPI_Init)
    i.HAL_SPI_MspInit                        0x08001f00   Section        0  stm32f7xx_hal_spi.o(i.HAL_SPI_MspInit)
    i.HAL_SYSTICK_CLKSourceConfig            0x08001f02   Section        0  stm32f7xx_hal_cortex.o(i.HAL_SYSTICK_CLKSourceConfig)
    i.HAL_SYSTICK_Config                     0x08001f2a   Section        0  stm32f7xx_hal_cortex.o(i.HAL_SYSTICK_Config)
    i.HAL_TIMEx_BreakCallback                0x08001f5e   Section        0  stm32f7xx_hal_tim_ex.o(i.HAL_TIMEx_BreakCallback)
    i.HAL_TIMEx_CommutationCallback          0x08001f60   Section        0  stm32f7xx_hal_tim_ex.o(i.HAL_TIMEx_CommutationCallback)
    i.HAL_TIM_Base_Init                      0x08001f62   Section        0  stm32f7xx_hal_tim.o(i.HAL_TIM_Base_Init)
    i.HAL_TIM_Base_MspInit                   0x08001f90   Section        0  timer.o(i.HAL_TIM_Base_MspInit)
    i.HAL_TIM_Base_Start_IT                  0x08001fd4   Section        0  stm32f7xx_hal_tim.o(i.HAL_TIM_Base_Start_IT)
    i.HAL_TIM_Base_Stop_IT                   0x08001ff2   Section        0  stm32f7xx_hal_tim.o(i.HAL_TIM_Base_Stop_IT)
    i.HAL_TIM_IC_CaptureCallback             0x0800202a   Section        0  stm32f7xx_hal_tim.o(i.HAL_TIM_IC_CaptureCallback)
    i.HAL_TIM_IRQHandler                     0x0800202c   Section        0  stm32f7xx_hal_tim.o(i.HAL_TIM_IRQHandler)
    i.HAL_TIM_OC_DelayElapsedCallback        0x080021e4   Section        0  stm32f7xx_hal_tim.o(i.HAL_TIM_OC_DelayElapsedCallback)
    i.HAL_TIM_PWM_PulseFinishedCallback      0x080021e6   Section        0  stm32f7xx_hal_tim.o(i.HAL_TIM_PWM_PulseFinishedCallback)
    i.HAL_TIM_PeriodElapsedCallback          0x080021e8   Section        0  timer.o(i.HAL_TIM_PeriodElapsedCallback)
    i.HAL_TIM_TriggerCallback                0x08002200   Section        0  stm32f7xx_hal_tim.o(i.HAL_TIM_TriggerCallback)
    i.HAL_UART_ErrorCallback                 0x08002202   Section        0  stm32f7xx_hal_uart.o(i.HAL_UART_ErrorCallback)
    i.HAL_UART_GetState                      0x08002204   Section        0  stm32f7xx_hal_uart.o(i.HAL_UART_GetState)
    i.HAL_UART_IRQHandler                    0x08002218   Section        0  stm32f7xx_hal_uart.o(i.HAL_UART_IRQHandler)
    i.HAL_UART_Init                          0x08002374   Section        0  stm32f7xx_hal_uart.o(i.HAL_UART_Init)
    i.HAL_UART_MspInit                       0x080023ec   Section        0  usart.o(i.HAL_UART_MspInit)
    i.HAL_UART_Receive_IT                    0x08002480   Section        0  stm32f7xx_hal_uart.o(i.HAL_UART_Receive_IT)
    i.HAL_UART_RxCpltCallback                0x08002548   Section        0  usart.o(i.HAL_UART_RxCpltCallback)
    i.HAL_UART_TxCpltCallback                0x080025d0   Section        0  stm32f7xx_hal_uart.o(i.HAL_UART_TxCpltCallback)
    i.HardFault_Handler                      0x080025d2   Section        0  stm32f7xx_it.o(i.HardFault_Handler)
    i.LED_Init                               0x080025d8   Section        0  led.o(i.LED_Init)
    i.M8266HostIf_GPIO_CS_RESET_Init         0x08002620   Section        0  m8266hostif_stm32xx.o(i.M8266HostIf_GPIO_CS_RESET_Init)
    i.M8266HostIf_Init                       0x080026a4   Section        0  m8266hostif_stm32xx.o(i.M8266HostIf_Init)
    i.M8266HostIf_SPI_DMA_StartReceiveSendData 0x080026b0   Section        0  m8266wifidrv.o(i.M8266HostIf_SPI_DMA_StartReceiveSendData)
    i.M8266HostIf_SPI_Init                   0x08002718   Section        0  m8266hostif_stm32xx.o(i.M8266HostIf_SPI_Init)
    i.M8266HostIf_SPI_Select                 0x080027e0   Section        0  m8266wifidrv.o(i.M8266HostIf_SPI_Select)
    i.M8266HostIf_SPI_SetSpeed               0x080028c0   Section        0  m8266hostif_stm32xx.o(i.M8266HostIf_SPI_SetSpeed)
    i.M8266HostIf_SPI_rrs                    0x08002908   Section        0  m8266wifidrv.o(i.M8266HostIf_SPI_rrs)
    i.M8266HostIf_SPI_wrs                    0x08002924   Section        0  m8266wifidrv.o(i.M8266HostIf_SPI_wrs)
    i.M8266HostIf_Set_SPI_nCS_Pin            0x08002968   Section        0  m8266hostif_stm32xx.o(i.M8266HostIf_Set_SPI_nCS_Pin)
    i.M8266HostIf_Set_nRESET_Pin             0x08002984   Section        0  m8266hostif_stm32xx.o(i.M8266HostIf_Set_nRESET_Pin)
    i.M8266HostIf_delay_us                   0x080029a0   Section        0  m8266hostif_stm32xx.o(i.M8266HostIf_delay_us)
    i.M8266WIFI_Module_Hardware_Reset        0x080029ac   Section        0  m8266wifi_ops.o(i.M8266WIFI_Module_Hardware_Reset)
    i.M8266WIFI_Module_Init_Via_SPI          0x080029e4   Section        0  m8266wifi_ops.o(i.M8266WIFI_Module_Init_Via_SPI)
    i.M8266WIFI_Module_delay_ms              0x08002b10   Section        0  m8266wifi_ops.o(i.M8266WIFI_Module_delay_ms)
    i.M8266WIFI_SPI_Config_AP                0x08002b34   Section        0  m8266wifidrv.o(i.M8266WIFI_SPI_Config_AP)
    i.M8266WIFI_SPI_Config_STA_Param         0x08002c1e   Section        0  m8266wifidrv.o(i.M8266WIFI_SPI_Config_STA_Param)
    i.M8266WIFI_SPI_Get_Module_Info          0x08002c34   Section        0  m8266wifidrv.o(i.M8266WIFI_SPI_Get_Module_Info)
    i.M8266WIFI_SPI_Get_Opmode               0x08002cde   Section        0  m8266wifidrv.o(i.M8266WIFI_SPI_Get_Opmode)
    i.M8266WIFI_SPI_Get_STA_Connection_Status 0x08002d44   Section        0  m8266wifidrv.o(i.M8266WIFI_SPI_Get_STA_Connection_Status)
    i.M8266WIFI_SPI_Get_STA_IP_Addr          0x08002db2   Section        0  m8266wifidrv.o(i.M8266WIFI_SPI_Get_STA_IP_Addr)
    i.M8266WIFI_SPI_Interface_Communication_OK 0x08002e30   Section        0  m8266wifidrv.o(i.M8266WIFI_SPI_Interface_Communication_OK)
    i.M8266WIFI_SPI_Interface_Communication_Stress_Test 0x08002e78   Section        0  m8266wifidrv.o(i.M8266WIFI_SPI_Interface_Communication_Stress_Test)
    i.M8266WIFI_SPI_Query_Connection         0x08002eda   Section        0  m8266wifidrv.o(i.M8266WIFI_SPI_Query_Connection)
    i.M8266WIFI_SPI_STA_Connect_Ap           0x08002fb0   Section        0  m8266wifidrv.o(i.M8266WIFI_SPI_STA_Connect_Ap)
    i.M8266WIFI_SPI_STA_Connect_Ap_Old       0x08003124   Section        0  m8266wifidrv.o(i.M8266WIFI_SPI_STA_Connect_Ap_Old)
    i.M8266WIFI_SPI_STA_Query_Current_SSID_And_RSSI 0x0800325e   Section        0  m8266wifidrv.o(i.M8266WIFI_SPI_STA_Query_Current_SSID_And_RSSI)
    i.M8266WIFI_SPI_Send_Data                0x080032f6   Section        0  m8266wifidrv.o(i.M8266WIFI_SPI_Send_Data)
    i.M8266WIFI_SPI_Send_Data_Block          0x08003308   Section        0  m8266wifidrv.o(i.M8266WIFI_SPI_Send_Data_Block)
    i.M8266WIFI_SPI_Set_Opmode               0x08003394   Section        0  m8266wifidrv.o(i.M8266WIFI_SPI_Set_Opmode)
    i.M8266WIFI_SPI_Set_TcpServer_Auto_Discon_Timeout 0x08003422   Section        0  m8266wifidrv.o(i.M8266WIFI_SPI_Set_TcpServer_Auto_Discon_Timeout)
    i.M8266WIFI_SPI_Setup_Connection         0x080034b0   Section        0  m8266wifidrv.o(i.M8266WIFI_SPI_Setup_Connection)
    i.M8266WIFI_SPI_Slave_Has_Response       0x080036a4   Section        0  m8266wifidrv.o(i.M8266WIFI_SPI_Slave_Has_Response)
    i.M8266WIFI_SPI_TxdBuffer_Free           0x080036ba   Section        0  m8266wifidrv.o(i.M8266WIFI_SPI_TxdBuffer_Free)
    i.M8266WIFI_SPI_capstp                   0x080036d0   Section        0  m8266wifidrv.o(i.M8266WIFI_SPI_capstp)
    i.M8266WIFI_SPI_csb                      0x080037bc   Section        0  m8266wifidrv.o(i.M8266WIFI_SPI_csb)
    i.M8266WIFI_SPI_rra                      0x08003814   Section        0  m8266wifidrv.o(i.M8266WIFI_SPI_rra)
    i.M8266WIFI_SPI_rru                      0x08003834   Section        0  m8266wifidrv.o(i.M8266WIFI_SPI_rru)
    i.M8266WIFI_SPI_sdfal                    0x080038b4   Section        0  m8266wifidrv.o(i.M8266WIFI_SPI_sdfal)
    i.M8266WIFI_SPI_srh                      0x08003af8   Section        0  m8266wifidrv.o(i.M8266WIFI_SPI_srh)
    i.M8266WIFI_SPI_ssa                      0x08003c1c   Section        0  m8266wifidrv.o(i.M8266WIFI_SPI_ssa)
    i.M8266WIFI_SPI_ssb                      0x08003c3c   Section        0  m8266wifidrv.o(i.M8266WIFI_SPI_ssb)
    i.M8266WIFI_SPI_ssmd                     0x08003cb0   Section        0  m8266wifidrv.o(i.M8266WIFI_SPI_ssmd)
    i.M8266WIFI_SPI_ssu                      0x08003d14   Section        0  m8266wifidrv.o(i.M8266WIFI_SPI_ssu)
    i.M8266WIFI_SPI_ssud                     0x08003d60   Section        0  m8266wifidrv.o(i.M8266WIFI_SPI_ssud)
    i.M8266WIFI_SPI_ssut                     0x08003da8   Section        0  m8266wifidrv.o(i.M8266WIFI_SPI_ssut)
    i.M8266WIFI_SPI_tufs                     0x08003df4   Section        0  m8266wifidrv.o(i.M8266WIFI_SPI_tufs)
    i.M8266WIFI_SPI_wait_sta_connecting_to_ap_and_get_ip 0x08003e0c   Section        0  m8266wifi_ops.o(i.M8266WIFI_SPI_wait_sta_connecting_to_ap_and_get_ip)
    i.M8266WIFI_SPI_wsbsbs1                  0x08003e5c   Section        0  m8266wifidrv.o(i.M8266WIFI_SPI_wsbsbs1)
    i.M8266WIFI_SPI_wscbf                    0x08003e96   Section        0  m8266wifidrv.o(i.M8266WIFI_SPI_wscbf)
    i.M8266WIFI_SPI_wscr                     0x08003ed8   Section        0  m8266wifidrv.o(i.M8266WIFI_SPI_wscr)
    i.M8266WIFI_SPI_wspss                    0x08003f24   Section        0  m8266wifidrv.o(i.M8266WIFI_SPI_wspss)
    i.M8266WIFI_Wait_SPI_sfad                0x08003f78   Section        0  m8266wifidrv.o(i.M8266WIFI_Wait_SPI_sfad)
    i.MemManage_Handler                      0x08003fb8   Section        0  stm32f7xx_it.o(i.MemManage_Handler)
    i.NMI_Handler                            0x08003fbc   Section        0  stm32f7xx_it.o(i.NMI_Handler)
    i.NVIC_GetPriorityGrouping               0x08003fc0   Section        0  stm32f7xx_hal_cortex.o(i.NVIC_GetPriorityGrouping)
    NVIC_GetPriorityGrouping                 0x08003fc1   Thumb Code    10  stm32f7xx_hal_cortex.o(i.NVIC_GetPriorityGrouping)
    i.NVIC_SetPriority                       0x08003fd0   Section        0  stm32f7xx_hal_cortex.o(i.NVIC_SetPriority)
    NVIC_SetPriority                         0x08003fd1   Thumb Code    32  stm32f7xx_hal_cortex.o(i.NVIC_SetPriority)
    i.PendSV_Handler                         0x08003ff8   Section        0  stm32f7xx_it.o(i.PendSV_Handler)
    i.Pulser_IO_Init                         0x08003ffc   Section        0  pulser.o(i.Pulser_IO_Init)
    i.Rheostat_ADC_GPIO_Config               0x0800406c   Section        0  adc.o(i.Rheostat_ADC_GPIO_Config)
    Rheostat_ADC_GPIO_Config                 0x0800406d   Thumb Code    56  adc.o(i.Rheostat_ADC_GPIO_Config)
    i.Rheostat_ADC_Mode_Config               0x080040ac   Section        0  adc.o(i.Rheostat_ADC_Mode_Config)
    Rheostat_ADC_Mode_Config                 0x080040ad   Thumb Code   200  adc.o(i.Rheostat_ADC_Mode_Config)
    i.Rheostat_Init                          0x08004190   Section        0  adc.o(i.Rheostat_Init)
    i.SPI_STA_Get_HostIP_by_HostName         0x0800419c   Section        0  m8266wifidrv.o(i.SPI_STA_Get_HostIP_by_HostName)
    i.SVC_Handler                            0x0800430c   Section        0  stm32f7xx_it.o(i.SVC_Handler)
    i.Set_Socket                             0x08004310   Section        0  wifi.o(i.Set_Socket)
    i.Start_TIM3                             0x08004354   Section        0  timer.o(i.Start_TIM3)
    i.Stm32_Clock_Init                       0x08004364   Section        0  sys.o(i.Stm32_Clock_Init)
    i.Stop_TIM3                              0x08004418   Section        0  timer.o(i.Stop_TIM3)
    i.SysTick_Handler                        0x08004428   Section        0  stm32f7xx_it.o(i.SysTick_Handler)
    i.SystemInit                             0x08004430   Section        0  system_stm32f7xx.o(i.SystemInit)
    i.TIM3_IRQHandler                        0x08004494   Section        0  timer.o(i.TIM3_IRQHandler)
    i.TIM3_Init                              0x080044a4   Section        0  timer.o(i.TIM3_Init)
    i.TIM_Base_SetConfig                     0x080044cc   Section        0  stm32f7xx_hal_tim.o(i.TIM_Base_SetConfig)
    i.UART_AdvFeatureConfig                  0x080045b0   Section        0  stm32f7xx_hal_uart.o(i.UART_AdvFeatureConfig)
    i.UART_CheckIdleState                    0x0800469a   Section        0  stm32f7xx_hal_uart.o(i.UART_CheckIdleState)
    i.UART_DMAAbortOnError                   0x0800470e   Section        0  stm32f7xx_hal_uart.o(i.UART_DMAAbortOnError)
    UART_DMAAbortOnError                     0x0800470f   Thumb Code    24  stm32f7xx_hal_uart.o(i.UART_DMAAbortOnError)
    i.UART_EndRxTransfer                     0x08004726   Section        0  stm32f7xx_hal_uart.o(i.UART_EndRxTransfer)
    UART_EndRxTransfer                       0x08004727   Thumb Code    32  stm32f7xx_hal_uart.o(i.UART_EndRxTransfer)
    i.UART_EndTransmit_IT                    0x08004746   Section        0  stm32f7xx_hal_uart.o(i.UART_EndTransmit_IT)
    UART_EndTransmit_IT                      0x08004747   Thumb Code    32  stm32f7xx_hal_uart.o(i.UART_EndTransmit_IT)
    i.UART_Receive_IT                        0x08004766   Section        0  stm32f7xx_hal_uart.o(i.UART_Receive_IT)
    UART_Receive_IT                          0x08004767   Thumb Code   136  stm32f7xx_hal_uart.o(i.UART_Receive_IT)
    i.UART_SetConfig                         0x080047f0   Section        0  stm32f7xx_hal_uart.o(i.UART_SetConfig)
    i.UART_Transmit_IT                       0x08004b7c   Section        0  stm32f7xx_hal_uart.o(i.UART_Transmit_IT)
    UART_Transmit_IT                         0x08004b7d   Thumb Code   106  stm32f7xx_hal_uart.o(i.UART_Transmit_IT)
    i.UART_WaitOnFlagUntilTimeout            0x08004be6   Section        0  stm32f7xx_hal_uart.o(i.UART_WaitOnFlagUntilTimeout)
    i.USART1_IRQHandler                      0x08004c54   Section        0  usart.o(i.USART1_IRQHandler)
    i.UsageFault_Handler                     0x08004ca4   Section        0  stm32f7xx_it.o(i.UsageFault_Handler)
    i.Wifi_Init                              0x08004ca8   Section        0  wifi.o(i.Wifi_Init)
    i.Wifi_Send_Packet                       0x08004cb8   Section        0  wifi.o(i.Wifi_Send_Packet)
    i.__scatterload_copy                     0x08004d34   Section       14  handlers.o(i.__scatterload_copy)
    i.__scatterload_null                     0x08004d42   Section        2  handlers.o(i.__scatterload_null)
    i.__scatterload_zeroinit                 0x08004d44   Section       14  handlers.o(i.__scatterload_zeroinit)
    i.delay_init                             0x08004d54   Section        0  delay.o(i.delay_init)
    i.delay_ms                               0x08004d68   Section        0  delay.o(i.delay_ms)
    i.delay_us                               0x08004d80   Section        0  delay.o(i.delay_us)
    i.fvcp                                   0x08004dc8   Section        0  m8266wifidrv.o(i.fvcp)
    i.fvdnstap                               0x08004e14   Section        0  m8266wifidrv.o(i.fvdnstap)
    i.main                                   0x08004e44   Section        0  main.o(i.main)
    i.uart_init                              0x08004f74   Section        0  usart.o(i.uart_init)
    .constdata                               0x08004fac   Section       24  system_stm32f7xx.o(.constdata)
    .constdata                               0x08004fc4   Section        8  stm32f7xx_hal_dma.o(.constdata)
    flagBitshiftOffset                       0x08004fc4   Data           8  stm32f7xx_hal_dma.o(.constdata)
    .constdata                               0x08004fcc   Section        6  m8266wifidrv.o(.constdata)
    wr_status_test_data                      0x08004fcc   Data           6  m8266wifidrv.o(.constdata)
    .data                                    0x20020000   Section        4  system_stm32f7xx.o(.data)
    .data                                    0x20020004   Section        4  stm32f7xx_hal.o(.data)
    .data                                    0x20020008   Section        4  delay.o(.data)
    fac_us                                   0x20020008   Data           4  delay.o(.data)
    .data                                    0x2002000c   Section        7  usart.o(.data)
    .data                                    0x20020013   Section        1  timer.o(.data)
    .data                                    0x20020014   Section        4  wifi.o(.data)
    .data                                    0x20020018   Section       41  m8266wifidrv.o(.data)
    spi_write_need_additional_delay          0x20020018   Data           1  m8266wifidrv.o(.data)
    module_is_fast_Module                    0x20020019   Data           1  m8266wifidrv.o(.data)
    slow_speed_spi_on_fast_Module            0x2002001a   Data           1  m8266wifidrv.o(.data)
    SPI_DATA_TRANSFER_USE_DMA                0x2002001b   Data           1  m8266wifidrv.o(.data)
    M8266WIFI_INTERFACE_SPI                  0x2002001c   Data           4  m8266wifidrv.o(.data)
    M8266WIFI_INTERFACE_SPI_TX_DMA_STREAM    0x20020020   Data           4  m8266wifidrv.o(.data)
    M8266WIFI_INTERFACE_SPI_TX_DMA           0x20020024   Data           4  m8266wifidrv.o(.data)
    M8266WIFI_INTERFACE_SPI_RX_DMA_STREAM    0x20020028   Data           4  m8266wifidrv.o(.data)
    M8266WIFI_INTERFACE_SPI_RX_DMA           0x2002002c   Data           4  m8266wifidrv.o(.data)
    module_fw_ver                            0x20020030   Data          17  m8266wifidrv.o(.data)
    .bss                                     0x20020044   Section      312  usart.o(.bss)
    .bss                                     0x2002017c   Section     1184  adc.o(.bss)
    .bss                                     0x2002061c   Section       40  dac.o(.bss)
    .bss                                     0x20020644   Section       60  timer.o(.bss)
    .bss                                     0x20020680   Section      100  m8266hostif_stm32xx.o(.bss)
    .bss                                     0x200206e4   Section       68  m8266wifidrv.o(.bss)
    dma_buf                                  0x200206e4   Data          68  m8266wifidrv.o(.bss)
    STACK                                    0x20020728   Section     1024  startup_stm32f767xx.o(STACK)

    Global Symbols

    Symbol Name                              Value     Ov Type        Size  Object(Section)

    BuildAttributes$$THM_ISAv4$E$P$D$K$B$S$7EM$VFPv5_D16$PE$PLD8$A:L22UL41UL21$X:L11$S22US41US21$IEEE1$IW$USESV6$~STKCKD$USESV7$~SHL$OSPACE$ROPI$EBA8$MICROLIB$REQ8$PRES8$EABIv2 0x00000000   Number         0  anon$$obj.o ABSOLUTE
    __ARM_use_no_argv                        0x00000000   Number         0  main.o ABSOLUTE
    __use_no_errno                           0x00000000   Number         0  useno.o ABSOLUTE
    __use_no_exception_handling              0x00000000   Number         0  useno.o ABSOLUTE
    __use_no_fp                              0x00000000   Number         0  useno.o ABSOLUTE
    __use_no_heap                            0x00000000   Number         0  useno.o ABSOLUTE
    __use_no_heap_region                     0x00000000   Number         0  useno.o ABSOLUTE
    __use_no_semihosting                     0x00000000   Number         0  useno.o ABSOLUTE
    __use_no_semihosting_swi                 0x00000000   Number         0  useno.o ABSOLUTE
    __use_no_signal_handling                 0x00000000   Number         0  useno.o ABSOLUTE
    _printf_a                                0x00000000   Number         0  stubs.o ABSOLUTE
    _printf_c                                0x00000000   Number         0  stubs.o ABSOLUTE
    _printf_charcount                        0x00000000   Number         0  stubs.o ABSOLUTE
    _printf_d                                0x00000000   Number         0  stubs.o ABSOLUTE
    _printf_e                                0x00000000   Number         0  stubs.o ABSOLUTE
    _printf_f                                0x00000000   Number         0  stubs.o ABSOLUTE
    _printf_flags                            0x00000000   Number         0  stubs.o ABSOLUTE
    _printf_fp_dec                           0x00000000   Number         0  stubs.o ABSOLUTE
    _printf_fp_hex                           0x00000000   Number         0  stubs.o ABSOLUTE
    _printf_g                                0x00000000   Number         0  stubs.o ABSOLUTE
    _printf_i                                0x00000000   Number         0  stubs.o ABSOLUTE
    _printf_int_dec                          0x00000000   Number         0  stubs.o ABSOLUTE
    _printf_l                                0x00000000   Number         0  stubs.o ABSOLUTE
    _printf_lc                               0x00000000   Number         0  stubs.o ABSOLUTE
    _printf_ll                               0x00000000   Number         0  stubs.o ABSOLUTE
    _printf_lld                              0x00000000   Number         0  stubs.o ABSOLUTE
    _printf_lli                              0x00000000   Number         0  stubs.o ABSOLUTE
    _printf_llo                              0x00000000   Number         0  stubs.o ABSOLUTE
    _printf_llu                              0x00000000   Number         0  stubs.o ABSOLUTE
    _printf_llx                              0x00000000   Number         0  stubs.o ABSOLUTE
    _printf_longlong_dec                     0x00000000   Number         0  stubs.o ABSOLUTE
    _printf_longlong_hex                     0x00000000   Number         0  stubs.o ABSOLUTE
    _printf_longlong_oct                     0x00000000   Number         0  stubs.o ABSOLUTE
    _printf_ls                               0x00000000   Number         0  stubs.o ABSOLUTE
    _printf_mbtowc                           0x00000000   Number         0  stubs.o ABSOLUTE
    _printf_n                                0x00000000   Number         0  stubs.o ABSOLUTE
    _printf_o                                0x00000000   Number         0  stubs.o ABSOLUTE
    _printf_p                                0x00000000   Number         0  stubs.o ABSOLUTE
    _printf_percent                          0x00000000   Number         0  stubs.o ABSOLUTE
    _printf_pre_padding                      0x00000000   Number         0  stubs.o ABSOLUTE
    _printf_return_value                     0x00000000   Number         0  stubs.o ABSOLUTE
    _printf_s                                0x00000000   Number         0  stubs.o ABSOLUTE
    _printf_sizespec                         0x00000000   Number         0  stubs.o ABSOLUTE
    _printf_str                              0x00000000   Number         0  stubs.o ABSOLUTE
    _printf_truncate_signed                  0x00000000   Number         0  stubs.o ABSOLUTE
    _printf_truncate_unsigned                0x00000000   Number         0  stubs.o ABSOLUTE
    _printf_u                                0x00000000   Number         0  stubs.o ABSOLUTE
    _printf_wc                               0x00000000   Number         0  stubs.o ABSOLUTE
    _printf_wctomb                           0x00000000   Number         0  stubs.o ABSOLUTE
    _printf_widthprec                        0x00000000   Number         0  stubs.o ABSOLUTE
    _printf_x                                0x00000000   Number         0  stubs.o ABSOLUTE
    __cpp_initialize__aeabi_                  - Undefined Weak Reference
    __cxa_finalize                            - Undefined Weak Reference
    __decompress                              - Undefined Weak Reference
    _clock_init                               - Undefined Weak Reference
    _microlib_exit                            - Undefined Weak Reference
    __Vectors_Size                           0x000001f8   Number         0  startup_stm32f767xx.o ABSOLUTE
    __Vectors                                0x08000000   Data           4  startup_stm32f767xx.o(RESET)
    __Vectors_End                            0x080001f8   Data           0  startup_stm32f767xx.o(RESET)
    __main                                   0x080001f9   Thumb Code     0  entry.o(.ARM.Collect$$$$00000000)
    _main_stk                                0x080001f9   Thumb Code     0  entry2.o(.ARM.Collect$$$$00000001)
    _main_scatterload                        0x080001fd   Thumb Code     0  entry5.o(.ARM.Collect$$$$00000004)
    __main_after_scatterload                 0x08000201   Thumb Code     0  entry5.o(.ARM.Collect$$$$00000004)
    _main_clock                              0x08000201   Thumb Code     0  entry7b.o(.ARM.Collect$$$$00000008)
    _main_cpp_init                           0x08000201   Thumb Code     0  entry8b.o(.ARM.Collect$$$$0000000A)
    _main_init                               0x08000201   Thumb Code     0  entry9a.o(.ARM.Collect$$$$0000000B)
    __rt_final_cpp                           0x08000209   Thumb Code     0  entry10a.o(.ARM.Collect$$$$0000000D)
    __rt_final_exit                          0x08000209   Thumb Code     0  entry11a.o(.ARM.Collect$$$$0000000F)
    Reset_Handler                            0x0800020d   Thumb Code     8  startup_stm32f767xx.o(.text)
    ADC_IRQHandler                           0x08000227   Thumb Code     0  startup_stm32f767xx.o(.text)
    CAN1_RX0_IRQHandler                      0x08000227   Thumb Code     0  startup_stm32f767xx.o(.text)
    CAN1_RX1_IRQHandler                      0x08000227   Thumb Code     0  startup_stm32f767xx.o(.text)
    CAN1_SCE_IRQHandler                      0x08000227   Thumb Code     0  startup_stm32f767xx.o(.text)
    CAN1_TX_IRQHandler                       0x08000227   Thumb Code     0  startup_stm32f767xx.o(.text)
    CAN2_RX0_IRQHandler                      0x08000227   Thumb Code     0  startup_stm32f767xx.o(.text)
    CAN2_RX1_IRQHandler                      0x08000227   Thumb Code     0  startup_stm32f767xx.o(.text)
    CAN2_SCE_IRQHandler                      0x08000227   Thumb Code     0  startup_stm32f767xx.o(.text)
    CAN2_TX_IRQHandler                       0x08000227   Thumb Code     0  startup_stm32f767xx.o(.text)
    CAN3_RX0_IRQHandler                      0x08000227   Thumb Code     0  startup_stm32f767xx.o(.text)
    CAN3_RX1_IRQHandler                      0x08000227   Thumb Code     0  startup_stm32f767xx.o(.text)
    CAN3_SCE_IRQHandler                      0x08000227   Thumb Code     0  startup_stm32f767xx.o(.text)
    CAN3_TX_IRQHandler                       0x08000227   Thumb Code     0  startup_stm32f767xx.o(.text)
    CEC_IRQHandler                           0x08000227   Thumb Code     0  startup_stm32f767xx.o(.text)
    DCMI_IRQHandler                          0x08000227   Thumb Code     0  startup_stm32f767xx.o(.text)
    DFSDM1_FLT0_IRQHandler                   0x08000227   Thumb Code     0  startup_stm32f767xx.o(.text)
    DFSDM1_FLT1_IRQHandler                   0x08000227   Thumb Code     0  startup_stm32f767xx.o(.text)
    DFSDM1_FLT2_IRQHandler                   0x08000227   Thumb Code     0  startup_stm32f767xx.o(.text)
    DFSDM1_FLT3_IRQHandler                   0x08000227   Thumb Code     0  startup_stm32f767xx.o(.text)
    DMA1_Stream0_IRQHandler                  0x08000227   Thumb Code     0  startup_stm32f767xx.o(.text)
    DMA1_Stream1_IRQHandler                  0x08000227   Thumb Code     0  startup_stm32f767xx.o(.text)
    DMA1_Stream2_IRQHandler                  0x08000227   Thumb Code     0  startup_stm32f767xx.o(.text)
    DMA1_Stream3_IRQHandler                  0x08000227   Thumb Code     0  startup_stm32f767xx.o(.text)
    DMA1_Stream4_IRQHandler                  0x08000227   Thumb Code     0  startup_stm32f767xx.o(.text)
    DMA1_Stream5_IRQHandler                  0x08000227   Thumb Code     0  startup_stm32f767xx.o(.text)
    DMA1_Stream6_IRQHandler                  0x08000227   Thumb Code     0  startup_stm32f767xx.o(.text)
    DMA1_Stream7_IRQHandler                  0x08000227   Thumb Code     0  startup_stm32f767xx.o(.text)
    DMA2D_IRQHandler                         0x08000227   Thumb Code     0  startup_stm32f767xx.o(.text)
    DMA2_Stream0_IRQHandler                  0x08000227   Thumb Code     0  startup_stm32f767xx.o(.text)
    DMA2_Stream1_IRQHandler                  0x08000227   Thumb Code     0  startup_stm32f767xx.o(.text)
    DMA2_Stream2_IRQHandler                  0x08000227   Thumb Code     0  startup_stm32f767xx.o(.text)
    DMA2_Stream3_IRQHandler                  0x08000227   Thumb Code     0  startup_stm32f767xx.o(.text)
    DMA2_Stream4_IRQHandler                  0x08000227   Thumb Code     0  startup_stm32f767xx.o(.text)
    DMA2_Stream5_IRQHandler                  0x08000227   Thumb Code     0  startup_stm32f767xx.o(.text)
    DMA2_Stream6_IRQHandler                  0x08000227   Thumb Code     0  startup_stm32f767xx.o(.text)
    DMA2_Stream7_IRQHandler                  0x08000227   Thumb Code     0  startup_stm32f767xx.o(.text)
    ETH_IRQHandler                           0x08000227   Thumb Code     0  startup_stm32f767xx.o(.text)
    ETH_WKUP_IRQHandler                      0x08000227   Thumb Code     0  startup_stm32f767xx.o(.text)
    EXTI0_IRQHandler                         0x08000227   Thumb Code     0  startup_stm32f767xx.o(.text)
    EXTI1_IRQHandler                         0x08000227   Thumb Code     0  startup_stm32f767xx.o(.text)
    EXTI2_IRQHandler                         0x08000227   Thumb Code     0  startup_stm32f767xx.o(.text)
    EXTI3_IRQHandler                         0x08000227   Thumb Code     0  startup_stm32f767xx.o(.text)
    EXTI4_IRQHandler                         0x08000227   Thumb Code     0  startup_stm32f767xx.o(.text)
    FLASH_IRQHandler                         0x08000227   Thumb Code     0  startup_stm32f767xx.o(.text)
    FMC_IRQHandler                           0x08000227   Thumb Code     0  startup_stm32f767xx.o(.text)
    FPU_IRQHandler                           0x08000227   Thumb Code     0  startup_stm32f767xx.o(.text)
    I2C1_ER_IRQHandler                       0x08000227   Thumb Code     0  startup_stm32f767xx.o(.text)
    I2C1_EV_IRQHandler                       0x08000227   Thumb Code     0  startup_stm32f767xx.o(.text)
    I2C2_ER_IRQHandler                       0x08000227   Thumb Code     0  startup_stm32f767xx.o(.text)
    I2C2_EV_IRQHandler                       0x08000227   Thumb Code     0  startup_stm32f767xx.o(.text)
    I2C3_ER_IRQHandler                       0x08000227   Thumb Code     0  startup_stm32f767xx.o(.text)
    I2C3_EV_IRQHandler                       0x08000227   Thumb Code     0  startup_stm32f767xx.o(.text)
    I2C4_ER_IRQHandler                       0x08000227   Thumb Code     0  startup_stm32f767xx.o(.text)
    I2C4_EV_IRQHandler                       0x08000227   Thumb Code     0  startup_stm32f767xx.o(.text)
    JPEG_IRQHandler                          0x08000227   Thumb Code     0  startup_stm32f767xx.o(.text)
    LPTIM1_IRQHandler                        0x08000227   Thumb Code     0  startup_stm32f767xx.o(.text)
    LTDC_ER_IRQHandler                       0x08000227   Thumb Code     0  startup_stm32f767xx.o(.text)
    LTDC_IRQHandler                          0x08000227   Thumb Code     0  startup_stm32f767xx.o(.text)
    MDIOS_IRQHandler                         0x08000227   Thumb Code     0  startup_stm32f767xx.o(.text)
    OTG_FS_IRQHandler                        0x08000227   Thumb Code     0  startup_stm32f767xx.o(.text)
    OTG_FS_WKUP_IRQHandler                   0x08000227   Thumb Code     0  startup_stm32f767xx.o(.text)
    OTG_HS_EP1_IN_IRQHandler                 0x08000227   Thumb Code     0  startup_stm32f767xx.o(.text)
    OTG_HS_EP1_OUT_IRQHandler                0x08000227   Thumb Code     0  startup_stm32f767xx.o(.text)
    OTG_HS_IRQHandler                        0x08000227   Thumb Code     0  startup_stm32f767xx.o(.text)
    OTG_HS_WKUP_IRQHandler                   0x08000227   Thumb Code     0  startup_stm32f767xx.o(.text)
    PVD_IRQHandler                           0x08000227   Thumb Code     0  startup_stm32f767xx.o(.text)
    QUADSPI_IRQHandler                       0x08000227   Thumb Code     0  startup_stm32f767xx.o(.text)
    RCC_IRQHandler                           0x08000227   Thumb Code     0  startup_stm32f767xx.o(.text)
    RNG_IRQHandler                           0x08000227   Thumb Code     0  startup_stm32f767xx.o(.text)
    RTC_Alarm_IRQHandler                     0x08000227   Thumb Code     0  startup_stm32f767xx.o(.text)
    RTC_WKUP_IRQHandler                      0x08000227   Thumb Code     0  startup_stm32f767xx.o(.text)
    SAI1_IRQHandler                          0x08000227   Thumb Code     0  startup_stm32f767xx.o(.text)
    SAI2_IRQHandler                          0x08000227   Thumb Code     0  startup_stm32f767xx.o(.text)
    SDMMC1_IRQHandler                        0x08000227   Thumb Code     0  startup_stm32f767xx.o(.text)
    SDMMC2_IRQHandler                        0x08000227   Thumb Code     0  startup_stm32f767xx.o(.text)
    SPDIF_RX_IRQHandler                      0x08000227   Thumb Code     0  startup_stm32f767xx.o(.text)
    SPI1_IRQHandler                          0x08000227   Thumb Code     0  startup_stm32f767xx.o(.text)
    SPI2_IRQHandler                          0x08000227   Thumb Code     0  startup_stm32f767xx.o(.text)
    SPI3_IRQHandler                          0x08000227   Thumb Code     0  startup_stm32f767xx.o(.text)
    SPI4_IRQHandler                          0x08000227   Thumb Code     0  startup_stm32f767xx.o(.text)
    SPI5_IRQHandler                          0x08000227   Thumb Code     0  startup_stm32f767xx.o(.text)
    SPI6_IRQHandler                          0x08000227   Thumb Code     0  startup_stm32f767xx.o(.text)
    TAMP_STAMP_IRQHandler                    0x08000227   Thumb Code     0  startup_stm32f767xx.o(.text)
    TIM1_BRK_TIM9_IRQHandler                 0x08000227   Thumb Code     0  startup_stm32f767xx.o(.text)
    TIM1_CC_IRQHandler                       0x08000227   Thumb Code     0  startup_stm32f767xx.o(.text)
    TIM1_TRG_COM_TIM11_IRQHandler            0x08000227   Thumb Code     0  startup_stm32f767xx.o(.text)
    TIM1_UP_TIM10_IRQHandler                 0x08000227   Thumb Code     0  startup_stm32f767xx.o(.text)
    TIM2_IRQHandler                          0x08000227   Thumb Code     0  startup_stm32f767xx.o(.text)
    TIM4_IRQHandler                          0x08000227   Thumb Code     0  startup_stm32f767xx.o(.text)
    TIM5_IRQHandler                          0x08000227   Thumb Code     0  startup_stm32f767xx.o(.text)
    TIM6_DAC_IRQHandler                      0x08000227   Thumb Code     0  startup_stm32f767xx.o(.text)
    TIM7_IRQHandler                          0x08000227   Thumb Code     0  startup_stm32f767xx.o(.text)
    TIM8_BRK_TIM12_IRQHandler                0x08000227   Thumb Code     0  startup_stm32f767xx.o(.text)
    TIM8_CC_IRQHandler                       0x08000227   Thumb Code     0  startup_stm32f767xx.o(.text)
    TIM8_TRG_COM_TIM14_IRQHandler            0x08000227   Thumb Code     0  startup_stm32f767xx.o(.text)
    TIM8_UP_TIM13_IRQHandler                 0x08000227   Thumb Code     0  startup_stm32f767xx.o(.text)
    UART4_IRQHandler                         0x08000227   Thumb Code     0  startup_stm32f767xx.o(.text)
    UART5_IRQHandler                         0x08000227   Thumb Code     0  startup_stm32f767xx.o(.text)
    UART7_IRQHandler                         0x08000227   Thumb Code     0  startup_stm32f767xx.o(.text)
    UART8_IRQHandler                         0x08000227   Thumb Code     0  startup_stm32f767xx.o(.text)
    USART2_IRQHandler                        0x08000227   Thumb Code     0  startup_stm32f767xx.o(.text)
    USART3_IRQHandler                        0x08000227   Thumb Code     0  startup_stm32f767xx.o(.text)
    USART6_IRQHandler                        0x08000227   Thumb Code     0  startup_stm32f767xx.o(.text)
    WWDG_IRQHandler                          0x08000227   Thumb Code     0  startup_stm32f767xx.o(.text)
    __aeabi_memset                           0x08000231   Thumb Code    14  memseta.o(.text)
    __aeabi_memset4                          0x08000231   Thumb Code     0  memseta.o(.text)
    __aeabi_memset8                          0x08000231   Thumb Code     0  memseta.o(.text)
    __aeabi_memclr                           0x0800023f   Thumb Code     4  memseta.o(.text)
    __aeabi_memclr4                          0x0800023f   Thumb Code     0  memseta.o(.text)
    __aeabi_memclr8                          0x0800023f   Thumb Code     0  memseta.o(.text)
    _memset$wrapper                          0x08000243   Thumb Code    18  memseta.o(.text)
    strcmp                                   0x08000255   Thumb Code    28  strcmp.o(.text)
    __scatterload                            0x08000271   Thumb Code    28  init.o(.text)
    __scatterload_rt2                        0x08000271   Thumb Code     0  init.o(.text)
    ALL_CH_HZ                                0x080004a5   Thumb Code    84  pulser.o(i.ALL_CH_HZ)
    BF_IO_Init                               0x08000501   Thumb Code   144  bf.o(i.BF_IO_Init)
    BF_Init                                  0x0800059d   Thumb Code   168  bf.o(i.BF_Init)
    BF_Write                                 0x08000649   Thumb Code   280  bf.o(i.BF_Write)
    BusFault_Handler                         0x08000769   Thumb Code     4  stm32f7xx_it.o(i.BusFault_Handler)
    CH_RX                                    0x0800076d   Thumb Code    76  pulser.o(i.CH_RX)
    CH_TX                                    0x080007bd   Thumb Code   120  pulser.o(i.CH_TX)
    DAC_Init                                 0x0800083d   Thumb Code    70  dac.o(i.DAC_Init)
    DAC_Set_Vol                              0x08000891   Thumb Code    92  dac.o(i.DAC_Set_Vol)
    DebugMon_Handler                         0x08000a1f   Thumb Code     2  stm32f7xx_it.o(i.DebugMon_Handler)
    EXTI15_10_IRQHandler                     0x08000a21   Thumb Code    12  exti.o(i.EXTI15_10_IRQHandler)
    EXTI9_5_IRQHandler                       0x08000a2d   Thumb Code    12  exti.o(i.EXTI9_5_IRQHandler)
    EXTI_Init                                0x08000a39   Thumb Code   134  exti.o(i.EXTI_Init)
    FIFO_read                                0x08000ad1   Thumb Code    32  adc.o(i.FIFO_read)
    HAL_ADC_ConfigChannel                    0x08000af9   Thumb Code   414  stm32f7xx_hal_adc.o(i.HAL_ADC_ConfigChannel)
    HAL_ADC_ConvCpltCallback                 0x08000cad   Thumb Code     2  stm32f7xx_hal_adc.o(i.HAL_ADC_ConvCpltCallback)
    HAL_ADC_ConvHalfCpltCallback             0x08000caf   Thumb Code     2  stm32f7xx_hal_adc.o(i.HAL_ADC_ConvHalfCpltCallback)
    HAL_ADC_ErrorCallback                    0x08000cb1   Thumb Code     2  stm32f7xx_hal_adc.o(i.HAL_ADC_ErrorCallback)
    HAL_ADC_Init                             0x08000cb5   Thumb Code   100  stm32f7xx_hal_adc.o(i.HAL_ADC_Init)
    HAL_ADC_MspInit                          0x08000d1d   Thumb Code     2  stm32f7xx_hal_adc.o(i.HAL_ADC_MspInit)
    HAL_ADC_Start_DMA                        0x08000d21   Thumb Code   300  stm32f7xx_hal_adc.o(i.HAL_ADC_Start_DMA)
    HAL_DAC_ConfigChannel                    0x08000e69   Thumb Code    90  stm32f7xx_hal_dac.o(i.HAL_DAC_ConfigChannel)
    HAL_DAC_Init                             0x08000ec3   Thumb Code    40  stm32f7xx_hal_dac.o(i.HAL_DAC_Init)
    HAL_DAC_MspInit                          0x08000eed   Thumb Code    94  dac.o(i.HAL_DAC_MspInit)
    HAL_DAC_SetValue                         0x08000f55   Thumb Code    44  stm32f7xx_hal_dac.o(i.HAL_DAC_SetValue)
    HAL_DAC_Start                            0x08000f81   Thumb Code   140  stm32f7xx_hal_dac.o(i.HAL_DAC_Start)
    HAL_DMA_Abort_IT                         0x0800100d   Thumb Code    40  stm32f7xx_hal_dma.o(i.HAL_DMA_Abort_IT)
    HAL_DMA_Init                             0x08001035   Thumb Code   228  stm32f7xx_hal_dma.o(i.HAL_DMA_Init)
    HAL_DMA_Start                            0x0800111d   Thumb Code   102  stm32f7xx_hal_dma.o(i.HAL_DMA_Start)
    HAL_DMA_Start_IT                         0x08001183   Thumb Code   158  stm32f7xx_hal_dma.o(i.HAL_DMA_Start_IT)
    HAL_GPIO_EXTI_Callback                   0x08001221   Thumb Code    74  exti.o(i.HAL_GPIO_EXTI_Callback)
    HAL_GPIO_EXTI_IRQHandler                 0x08001279   Thumb Code    24  stm32f7xx_hal_gpio.o(i.HAL_GPIO_EXTI_IRQHandler)
    HAL_GPIO_Init                            0x08001295   Thumb Code   484  stm32f7xx_hal_gpio.o(i.HAL_GPIO_Init)
    HAL_GPIO_ReadPin                         0x080014ad   Thumb Code    16  stm32f7xx_hal_gpio.o(i.HAL_GPIO_ReadPin)
    HAL_GPIO_TogglePin                       0x080014bd   Thumb Code     8  stm32f7xx_hal_gpio.o(i.HAL_GPIO_TogglePin)
    HAL_GPIO_WritePin                        0x080014c5   Thumb Code    12  stm32f7xx_hal_gpio.o(i.HAL_GPIO_WritePin)
    HAL_GetTick                              0x080014d1   Thumb Code     6  stm32f7xx_hal.o(i.HAL_GetTick)
    HAL_IncTick                              0x080014dd   Thumb Code    12  stm32f7xx_hal.o(i.HAL_IncTick)
    HAL_Init                                 0x080014ed   Thumb Code    34  stm32f7xx_hal.o(i.HAL_Init)
    HAL_InitTick                             0x08001515   Thumb Code    36  stm32f7xx_hal.o(i.HAL_InitTick)
    HAL_MspInit                              0x0800153d   Thumb Code     2  stm32f7xx_hal_msp.o(i.HAL_MspInit)
    HAL_NVIC_EnableIRQ                       0x0800153f   Thumb Code    26  stm32f7xx_hal_cortex.o(i.HAL_NVIC_EnableIRQ)
    HAL_NVIC_SetPriority                     0x08001559   Thumb Code   124  stm32f7xx_hal_cortex.o(i.HAL_NVIC_SetPriority)
    HAL_NVIC_SetPriorityGrouping             0x080015d5   Thumb Code    32  stm32f7xx_hal_cortex.o(i.HAL_NVIC_SetPriorityGrouping)
    HAL_PWREx_EnableOverDrive                0x080015fd   Thumb Code   136  stm32f7xx_hal_pwr_ex.o(i.HAL_PWREx_EnableOverDrive)
    HAL_RCC_ClockConfig                      0x0800168d   Thumb Code   420  stm32f7xx_hal_rcc.o(i.HAL_RCC_ClockConfig)
    HAL_RCC_GetHCLKFreq                      0x08001841   Thumb Code     6  stm32f7xx_hal_rcc.o(i.HAL_RCC_GetHCLKFreq)
    HAL_RCC_GetPCLK1Freq                     0x0800184d   Thumb Code    36  stm32f7xx_hal_rcc.o(i.HAL_RCC_GetPCLK1Freq)
    HAL_RCC_GetPCLK2Freq                     0x08001879   Thumb Code    36  stm32f7xx_hal_rcc.o(i.HAL_RCC_GetPCLK2Freq)
    HAL_RCC_GetSysClockFreq                  0x080018a5   Thumb Code   168  stm32f7xx_hal_rcc.o(i.HAL_RCC_GetSysClockFreq)
    HAL_RCC_OscConfig                        0x08001959   Thumb Code  1228  stm32f7xx_hal_rcc_ex.o(i.HAL_RCC_OscConfig)
    HAL_SPI_Init                             0x08001e29   Thumb Code   216  stm32f7xx_hal_spi.o(i.HAL_SPI_Init)
    HAL_SPI_MspInit                          0x08001f01   Thumb Code     2  stm32f7xx_hal_spi.o(i.HAL_SPI_MspInit)
    HAL_SYSTICK_CLKSourceConfig              0x08001f03   Thumb Code    40  stm32f7xx_hal_cortex.o(i.HAL_SYSTICK_CLKSourceConfig)
    HAL_SYSTICK_Config                       0x08001f2b   Thumb Code    52  stm32f7xx_hal_cortex.o(i.HAL_SYSTICK_Config)
    HAL_TIMEx_BreakCallback                  0x08001f5f   Thumb Code     2  stm32f7xx_hal_tim_ex.o(i.HAL_TIMEx_BreakCallback)
    HAL_TIMEx_CommutationCallback            0x08001f61   Thumb Code     2  stm32f7xx_hal_tim_ex.o(i.HAL_TIMEx_CommutationCallback)
    HAL_TIM_Base_Init                        0x08001f63   Thumb Code    46  stm32f7xx_hal_tim.o(i.HAL_TIM_Base_Init)
    HAL_TIM_Base_MspInit                     0x08001f91   Thumb Code    58  timer.o(i.HAL_TIM_Base_MspInit)
    HAL_TIM_Base_Start_IT                    0x08001fd5   Thumb Code    30  stm32f7xx_hal_tim.o(i.HAL_TIM_Base_Start_IT)
    HAL_TIM_Base_Stop_IT                     0x08001ff3   Thumb Code    56  stm32f7xx_hal_tim.o(i.HAL_TIM_Base_Stop_IT)
    HAL_TIM_IC_CaptureCallback               0x0800202b   Thumb Code     2  stm32f7xx_hal_tim.o(i.HAL_TIM_IC_CaptureCallback)
    HAL_TIM_IRQHandler                       0x0800202d   Thumb Code   440  stm32f7xx_hal_tim.o(i.HAL_TIM_IRQHandler)
    HAL_TIM_OC_DelayElapsedCallback          0x080021e5   Thumb Code     2  stm32f7xx_hal_tim.o(i.HAL_TIM_OC_DelayElapsedCallback)
    HAL_TIM_PWM_PulseFinishedCallback        0x080021e7   Thumb Code     2  stm32f7xx_hal_tim.o(i.HAL_TIM_PWM_PulseFinishedCallback)
    HAL_TIM_PeriodElapsedCallback            0x080021e9   Thumb Code    16  timer.o(i.HAL_TIM_PeriodElapsedCallback)
    HAL_TIM_TriggerCallback                  0x08002201   Thumb Code     2  stm32f7xx_hal_tim.o(i.HAL_TIM_TriggerCallback)
    HAL_UART_ErrorCallback                   0x08002203   Thumb Code     2  stm32f7xx_hal_uart.o(i.HAL_UART_ErrorCallback)
    HAL_UART_GetState                        0x08002205   Thumb Code    20  stm32f7xx_hal_uart.o(i.HAL_UART_GetState)
    HAL_UART_IRQHandler                      0x08002219   Thumb Code   344  stm32f7xx_hal_uart.o(i.HAL_UART_IRQHandler)
    HAL_UART_Init                            0x08002375   Thumb Code   120  stm32f7xx_hal_uart.o(i.HAL_UART_Init)
    HAL_UART_MspInit                         0x080023ed   Thumb Code   136  usart.o(i.HAL_UART_MspInit)
    HAL_UART_Receive_IT                      0x08002481   Thumb Code   200  stm32f7xx_hal_uart.o(i.HAL_UART_Receive_IT)
    HAL_UART_RxCpltCallback                  0x08002549   Thumb Code   120  usart.o(i.HAL_UART_RxCpltCallback)
    HAL_UART_TxCpltCallback                  0x080025d1   Thumb Code     2  stm32f7xx_hal_uart.o(i.HAL_UART_TxCpltCallback)
    HardFault_Handler                        0x080025d3   Thumb Code     4  stm32f7xx_it.o(i.HardFault_Handler)
    LED_Init                                 0x080025d9   Thumb Code    62  led.o(i.LED_Init)
    M8266HostIf_GPIO_CS_RESET_Init           0x08002621   Thumb Code   124  m8266hostif_stm32xx.o(i.M8266HostIf_GPIO_CS_RESET_Init)
    M8266HostIf_Init                         0x080026a5   Thumb Code    12  m8266hostif_stm32xx.o(i.M8266HostIf_Init)
    M8266HostIf_SPI_DMA_StartReceiveSendData 0x080026b1   Thumb Code    94  m8266wifidrv.o(i.M8266HostIf_SPI_DMA_StartReceiveSendData)
    M8266HostIf_SPI_Init                     0x08002719   Thumb Code   182  m8266hostif_stm32xx.o(i.M8266HostIf_SPI_Init)
    M8266HostIf_SPI_Select                   0x080027e1   Thumb Code   202  m8266wifidrv.o(i.M8266HostIf_SPI_Select)
    M8266HostIf_SPI_SetSpeed                 0x080028c1   Thumb Code    66  m8266hostif_stm32xx.o(i.M8266HostIf_SPI_SetSpeed)
    M8266HostIf_SPI_rrs                      0x08002909   Thumb Code    22  m8266wifidrv.o(i.M8266HostIf_SPI_rrs)
    M8266HostIf_SPI_wrs                      0x08002925   Thumb Code    62  m8266wifidrv.o(i.M8266HostIf_SPI_wrs)
    M8266HostIf_Set_SPI_nCS_Pin              0x08002969   Thumb Code    22  m8266hostif_stm32xx.o(i.M8266HostIf_Set_SPI_nCS_Pin)
    M8266HostIf_Set_nRESET_Pin               0x08002985   Thumb Code    22  m8266hostif_stm32xx.o(i.M8266HostIf_Set_nRESET_Pin)
    M8266HostIf_delay_us                     0x080029a1   Thumb Code    12  m8266hostif_stm32xx.o(i.M8266HostIf_delay_us)
    M8266WIFI_Module_Hardware_Reset          0x080029ad   Thumb Code    56  m8266wifi_ops.o(i.M8266WIFI_Module_Hardware_Reset)
    M8266WIFI_Module_Init_Via_SPI            0x080029e5   Thumb Code   250  m8266wifi_ops.o(i.M8266WIFI_Module_Init_Via_SPI)
    M8266WIFI_Module_delay_ms                0x08002b11   Thumb Code    36  m8266wifi_ops.o(i.M8266WIFI_Module_delay_ms)
    M8266WIFI_SPI_Config_AP                  0x08002b35   Thumb Code   234  m8266wifidrv.o(i.M8266WIFI_SPI_Config_AP)
    M8266WIFI_SPI_Config_STA_Param           0x08002c1f   Thumb Code    22  m8266wifidrv.o(i.M8266WIFI_SPI_Config_STA_Param)
    M8266WIFI_SPI_Get_Module_Info            0x08002c35   Thumb Code   170  m8266wifidrv.o(i.M8266WIFI_SPI_Get_Module_Info)
    M8266WIFI_SPI_Get_Opmode                 0x08002cdf   Thumb Code   102  m8266wifidrv.o(i.M8266WIFI_SPI_Get_Opmode)
    M8266WIFI_SPI_Get_STA_Connection_Status  0x08002d45   Thumb Code   110  m8266wifidrv.o(i.M8266WIFI_SPI_Get_STA_Connection_Status)
    M8266WIFI_SPI_Get_STA_IP_Addr            0x08002db3   Thumb Code   126  m8266wifidrv.o(i.M8266WIFI_SPI_Get_STA_IP_Addr)
    M8266WIFI_SPI_Interface_Communication_OK 0x08002e31   Thumb Code    66  m8266wifidrv.o(i.M8266WIFI_SPI_Interface_Communication_OK)
    M8266WIFI_SPI_Interface_Communication_Stress_Test 0x08002e79   Thumb Code    98  m8266wifidrv.o(i.M8266WIFI_SPI_Interface_Communication_Stress_Test)
    M8266WIFI_SPI_Query_Connection           0x08002edb   Thumb Code   214  m8266wifidrv.o(i.M8266WIFI_SPI_Query_Connection)
    M8266WIFI_SPI_STA_Connect_Ap             0x08002fb1   Thumb Code   358  m8266wifidrv.o(i.M8266WIFI_SPI_STA_Connect_Ap)
    M8266WIFI_SPI_STA_Connect_Ap_Old         0x08003125   Thumb Code   314  m8266wifidrv.o(i.M8266WIFI_SPI_STA_Connect_Ap_Old)
    M8266WIFI_SPI_STA_Query_Current_SSID_And_RSSI 0x0800325f   Thumb Code   152  m8266wifidrv.o(i.M8266WIFI_SPI_STA_Query_Current_SSID_And_RSSI)
    M8266WIFI_SPI_Send_Data                  0x080032f7   Thumb Code    18  m8266wifidrv.o(i.M8266WIFI_SPI_Send_Data)
    M8266WIFI_SPI_Send_Data_Block            0x08003309   Thumb Code   140  m8266wifidrv.o(i.M8266WIFI_SPI_Send_Data_Block)
    M8266WIFI_SPI_Set_Opmode                 0x08003395   Thumb Code   142  m8266wifidrv.o(i.M8266WIFI_SPI_Set_Opmode)
    M8266WIFI_SPI_Set_TcpServer_Auto_Discon_Timeout 0x08003423   Thumb Code   142  m8266wifidrv.o(i.M8266WIFI_SPI_Set_TcpServer_Auto_Discon_Timeout)
    M8266WIFI_SPI_Setup_Connection           0x080034b1   Thumb Code   486  m8266wifidrv.o(i.M8266WIFI_SPI_Setup_Connection)
    M8266WIFI_SPI_Slave_Has_Response         0x080036a5   Thumb Code    22  m8266wifidrv.o(i.M8266WIFI_SPI_Slave_Has_Response)
    M8266WIFI_SPI_TxdBuffer_Free             0x080036bb   Thumb Code    22  m8266wifidrv.o(i.M8266WIFI_SPI_TxdBuffer_Free)
    M8266WIFI_SPI_capstp                     0x080036d1   Thumb Code   228  m8266wifidrv.o(i.M8266WIFI_SPI_capstp)
    M8266WIFI_SPI_csb                        0x080037bd   Thumb Code    88  m8266wifidrv.o(i.M8266WIFI_SPI_csb)
    M8266WIFI_SPI_rra                        0x08003815   Thumb Code    32  m8266wifidrv.o(i.M8266WIFI_SPI_rra)
    M8266WIFI_SPI_rru                        0x08003835   Thumb Code   122  m8266wifidrv.o(i.M8266WIFI_SPI_rru)
    M8266WIFI_SPI_sdfal                      0x080038b5   Thumb Code   566  m8266wifidrv.o(i.M8266WIFI_SPI_sdfal)
    M8266WIFI_SPI_srh                        0x08003af9   Thumb Code   284  m8266wifidrv.o(i.M8266WIFI_SPI_srh)
    M8266WIFI_SPI_ssa                        0x08003c1d   Thumb Code    32  m8266wifidrv.o(i.M8266WIFI_SPI_ssa)
    M8266WIFI_SPI_ssb                        0x08003c3d   Thumb Code   116  m8266wifidrv.o(i.M8266WIFI_SPI_ssb)
    M8266WIFI_SPI_ssmd                       0x08003cb1   Thumb Code   100  m8266wifidrv.o(i.M8266WIFI_SPI_ssmd)
    M8266WIFI_SPI_ssu                        0x08003d15   Thumb Code    72  m8266wifidrv.o(i.M8266WIFI_SPI_ssu)
    M8266WIFI_SPI_ssud                       0x08003d61   Thumb Code    66  m8266wifidrv.o(i.M8266WIFI_SPI_ssud)
    M8266WIFI_SPI_ssut                       0x08003da9   Thumb Code    72  m8266wifidrv.o(i.M8266WIFI_SPI_ssut)
    M8266WIFI_SPI_tufs                       0x08003df5   Thumb Code    22  m8266wifidrv.o(i.M8266WIFI_SPI_tufs)
    M8266WIFI_SPI_wait_sta_connecting_to_ap_and_get_ip 0x08003e0d   Thumb Code    70  m8266wifi_ops.o(i.M8266WIFI_SPI_wait_sta_connecting_to_ap_and_get_ip)
    M8266WIFI_SPI_wsbsbs1                    0x08003e5d   Thumb Code    58  m8266wifidrv.o(i.M8266WIFI_SPI_wsbsbs1)
    M8266WIFI_SPI_wscbf                      0x08003e97   Thumb Code    66  m8266wifidrv.o(i.M8266WIFI_SPI_wscbf)
    M8266WIFI_SPI_wscr                       0x08003ed9   Thumb Code    76  m8266wifidrv.o(i.M8266WIFI_SPI_wscr)
    M8266WIFI_SPI_wspss                      0x08003f25   Thumb Code    84  m8266wifidrv.o(i.M8266WIFI_SPI_wspss)
    M8266WIFI_Wait_SPI_sfad                  0x08003f79   Thumb Code    64  m8266wifidrv.o(i.M8266WIFI_Wait_SPI_sfad)
    MemManage_Handler                        0x08003fb9   Thumb Code     4  stm32f7xx_it.o(i.MemManage_Handler)
    NMI_Handler                              0x08003fbd   Thumb Code     2  stm32f7xx_it.o(i.NMI_Handler)
    PendSV_Handler                           0x08003ff9   Thumb Code     2  stm32f7xx_it.o(i.PendSV_Handler)
    Pulser_IO_Init                           0x08003ffd   Thumb Code   100  pulser.o(i.Pulser_IO_Init)
    Rheostat_Init                            0x08004191   Thumb Code    12  adc.o(i.Rheostat_Init)
    SPI_STA_Get_HostIP_by_HostName           0x0800419d   Thumb Code   344  m8266wifidrv.o(i.SPI_STA_Get_HostIP_by_HostName)
    SVC_Handler                              0x0800430d   Thumb Code     2  stm32f7xx_it.o(i.SVC_Handler)
    Set_Socket                               0x08004311   Thumb Code    52  wifi.o(i.Set_Socket)
    Start_TIM3                               0x08004355   Thumb Code    10  timer.o(i.Start_TIM3)
    Stm32_Clock_Init                         0x08004365   Thumb Code   170  sys.o(i.Stm32_Clock_Init)
    Stop_TIM3                                0x08004419   Thumb Code    10  timer.o(i.Stop_TIM3)
    SysTick_Handler                          0x08004429   Thumb Code     8  stm32f7xx_it.o(i.SysTick_Handler)
    SystemInit                               0x08004431   Thumb Code    82  system_stm32f7xx.o(i.SystemInit)
    TIM3_IRQHandler                          0x08004495   Thumb Code    10  timer.o(i.TIM3_IRQHandler)
    TIM3_Init                                0x080044a5   Thumb Code    30  timer.o(i.TIM3_Init)
    TIM_Base_SetConfig                       0x080044cd   Thumb Code   184  stm32f7xx_hal_tim.o(i.TIM_Base_SetConfig)
    UART_AdvFeatureConfig                    0x080045b1   Thumb Code   234  stm32f7xx_hal_uart.o(i.UART_AdvFeatureConfig)
    UART_CheckIdleState                      0x0800469b   Thumb Code   116  stm32f7xx_hal_uart.o(i.UART_CheckIdleState)
    UART_SetConfig                           0x080047f1   Thumb Code   858  stm32f7xx_hal_uart.o(i.UART_SetConfig)
    UART_WaitOnFlagUntilTimeout              0x08004be7   Thumb Code   108  stm32f7xx_hal_uart.o(i.UART_WaitOnFlagUntilTimeout)
    USART1_IRQHandler                        0x08004c55   Thumb Code    66  usart.o(i.USART1_IRQHandler)
    UsageFault_Handler                       0x08004ca5   Thumb Code     4  stm32f7xx_it.o(i.UsageFault_Handler)
    Wifi_Init                                0x08004ca9   Thumb Code    16  wifi.o(i.Wifi_Init)
    Wifi_Send_Packet                         0x08004cb9   Thumb Code   110  wifi.o(i.Wifi_Send_Packet)
    __scatterload_copy                       0x08004d35   Thumb Code    14  handlers.o(i.__scatterload_copy)
    __scatterload_null                       0x08004d43   Thumb Code     2  handlers.o(i.__scatterload_null)
    __scatterload_zeroinit                   0x08004d45   Thumb Code    14  handlers.o(i.__scatterload_zeroinit)
    delay_init                               0x08004d55   Thumb Code    16  delay.o(i.delay_init)
    delay_ms                                 0x08004d69   Thumb Code    24  delay.o(i.delay_ms)
    delay_us                                 0x08004d81   Thumb Code    68  delay.o(i.delay_us)
    fvcp                                     0x08004dc9   Thumb Code    76  m8266wifidrv.o(i.fvcp)
    fvdnstap                                 0x08004e15   Thumb Code    44  m8266wifidrv.o(i.fvdnstap)
    main                                     0x08004e45   Thumb Code   280  main.o(i.main)
    uart_init                                0x08004f75   Thumb Code    44  usart.o(i.uart_init)
    AHBPrescTable                            0x08004fac   Data          16  system_stm32f7xx.o(.constdata)
    APBPrescTable                            0x08004fbc   Data           8  system_stm32f7xx.o(.constdata)
    Region$$Table$$Base                      0x08004fd4   Number         0  anon$$obj.o(Region$$Table)
    Region$$Table$$Limit                     0x08004ff4   Number         0  anon$$obj.o(Region$$Table)
    SystemCoreClock                          0x20020000   Data           4  system_stm32f7xx.o(.data)
    uwTick                                   0x20020004   Data           4  stm32f7xx_hal.o(.data)
    __stdout                                 0x2002000c   Data           4  usart.o(.data)
    USART_RX_STA                             0x20020010   Data           2  usart.o(.data)
    aRxBuffer                                0x20020012   Data           1  usart.o(.data)
    Ch_Flag                                  0x20020013   Data           1  timer.o(.data)
    link_no                                  0x20020014   Data           1  wifi.o(.data)
    status                                   0x20020016   Data           2  wifi.o(.data)
    USART_RX_BUF                             0x20020044   Data         200  usart.o(.bss)
    UART1_Handler                            0x2002010c   Data         112  usart.o(.bss)
    FIFO_buffer                              0x2002017c   Data        1000  adc.o(.bss)
    DMA_Init_Handle                          0x20020564   Data          96  adc.o(.bss)
    ADC_Handle                               0x200205c4   Data          72  adc.o(.bss)
    ADC_Config                               0x2002060c   Data          16  adc.o(.bss)
    DAC1_Handler                             0x2002061c   Data          20  dac.o(.bss)
    DAC2_Handler                             0x20020630   Data          20  dac.o(.bss)
    TIM3_Handler                             0x20020644   Data          60  timer.o(.bss)
    hspi                                     0x20020680   Data         100  m8266hostif_stm32xx.o(.bss)
    __initial_sp                             0x20020b28   Data           0  startup_stm32f767xx.o(STACK)



==============================================================================

Memory Map of the image

  Image Entry point : 0x080001f9

  Load Region LR_IROM1 (Base: 0x08000000, Size: 0x00005038, Max: 0x00100000, ABSOLUTE)

    Execution Region ER_IROM1 (Base: 0x08000000, Size: 0x00004ff4, Max: 0x00100000, ABSOLUTE)

    Base Addr    Size         Type   Attr      Idx    E Section Name        Object

    0x08000000   0x000001f8   Data   RO          604    RESET               startup_stm32f767xx.o
    0x080001f8   0x00000000   Code   RO        11792  * .ARM.Collect$$$$00000000  mc_w.l(entry.o)
    0x080001f8   0x00000004   Code   RO        12094    .ARM.Collect$$$$00000001  mc_w.l(entry2.o)
    0x080001fc   0x00000004   Code   RO        12097    .ARM.Collect$$$$00000004  mc_w.l(entry5.o)
    0x08000200   0x00000000   Code   RO        12099    .ARM.Collect$$$$00000008  mc_w.l(entry7b.o)
    0x08000200   0x00000000   Code   RO        12101    .ARM.Collect$$$$0000000A  mc_w.l(entry8b.o)
    0x08000200   0x00000008   Code   RO        12102    .ARM.Collect$$$$0000000B  mc_w.l(entry9a.o)
    0x08000208   0x00000000   Code   RO        12104    .ARM.Collect$$$$0000000D  mc_w.l(entry10a.o)
    0x08000208   0x00000000   Code   RO        12106    .ARM.Collect$$$$0000000F  mc_w.l(entry11a.o)
    0x08000208   0x00000004   Code   RO        12095    .ARM.Collect$$$$00002712  mc_w.l(entry2.o)
    0x0800020c   0x00000024   Code   RO          605    .text               startup_stm32f767xx.o
    0x08000230   0x00000024   Code   RO        11799    .text               mc_w.l(memseta.o)
    0x08000254   0x0000001c   Code   RO        11801    .text               mc_w.l(strcmp.o)
    0x08000270   0x00000024   Code   RO        12127    .text               mc_w.l(init.o)
    0x08000294   0x0000006e   Code   RO          783    i.ADC_DMAConvCplt   stm32f7xx_hal_adc.o
    0x08000302   0x0000001a   Code   RO          784    i.ADC_DMAError      stm32f7xx_hal_adc.o
    0x0800031c   0x0000000e   Code   RO          785    i.ADC_DMAHalfConvCplt  stm32f7xx_hal_adc.o
    0x0800032a   0x00000002   PAD
    0x0800032c   0x00000178   Code   RO          786    i.ADC_Init          stm32f7xx_hal_adc.o
    0x080004a4   0x0000005c   Code   RO        10734    i.ALL_CH_HZ         pulser.o
    0x08000500   0x0000009c   Code   RO        10698    i.BF_IO_Init        bf.o
    0x0800059c   0x000000ac   Code   RO        10699    i.BF_Init           bf.o
    0x08000648   0x00000120   Code   RO        10700    i.BF_Write          bf.o
    0x08000768   0x00000004   Code   RO          372    i.BusFault_Handler  stm32f7xx_it.o
    0x0800076c   0x00000050   Code   RO        10735    i.CH_RX             pulser.o
    0x080007bc   0x00000080   Code   RO        10736    i.CH_TX             pulser.o
    0x0800083c   0x00000054   Code   RO        10776    i.DAC_Init          dac.o
    0x08000890   0x00000074   Code   RO        10777    i.DAC_Set_Vol       dac.o
    0x08000904   0x00000034   Code   RO         2370    i.DMA_CalcBaseAndBitshift  stm32f7xx_hal_dma.o
    0x08000938   0x000000ba   Code   RO         2371    i.DMA_CheckFifoParam  stm32f7xx_hal_dma.o
    0x080009f2   0x0000002c   Code   RO         2372    i.DMA_SetConfig     stm32f7xx_hal_dma.o
    0x08000a1e   0x00000002   Code   RO          373    i.DebugMon_Handler  stm32f7xx_it.o
    0x08000a20   0x0000000c   Code   RO        10990    i.EXTI15_10_IRQHandler  exti.o
    0x08000a2c   0x0000000c   Code   RO        10991    i.EXTI9_5_IRQHandler  exti.o
    0x08000a38   0x00000098   Code   RO        10992    i.EXTI_Init         exti.o
    0x08000ad0   0x00000028   Code   RO        10652    i.FIFO_read         adc.o
    0x08000af8   0x000001b4   Code   RO          788    i.HAL_ADC_ConfigChannel  stm32f7xx_hal_adc.o
    0x08000cac   0x00000002   Code   RO          789    i.HAL_ADC_ConvCpltCallback  stm32f7xx_hal_adc.o
    0x08000cae   0x00000002   Code   RO          790    i.HAL_ADC_ConvHalfCpltCallback  stm32f7xx_hal_adc.o
    0x08000cb0   0x00000002   Code   RO          792    i.HAL_ADC_ErrorCallback  stm32f7xx_hal_adc.o
    0x08000cb2   0x00000002   PAD
    0x08000cb4   0x00000068   Code   RO          797    i.HAL_ADC_Init      stm32f7xx_hal_adc.o
    0x08000d1c   0x00000002   Code   RO          800    i.HAL_ADC_MspInit   stm32f7xx_hal_adc.o
    0x08000d1e   0x00000002   PAD
    0x08000d20   0x00000148   Code   RO          804    i.HAL_ADC_Start_DMA  stm32f7xx_hal_adc.o
    0x08000e68   0x0000005a   Code   RO         1563    i.HAL_DAC_ConfigChannel  stm32f7xx_hal_dac.o
    0x08000ec2   0x00000028   Code   RO         1573    i.HAL_DAC_Init      stm32f7xx_hal_dac.o
    0x08000eea   0x00000002   PAD
    0x08000eec   0x00000068   Code   RO        10778    i.HAL_DAC_MspInit   dac.o
    0x08000f54   0x0000002c   Code   RO         1576    i.HAL_DAC_SetValue  stm32f7xx_hal_dac.o
    0x08000f80   0x0000008c   Code   RO         1577    i.HAL_DAC_Start     stm32f7xx_hal_dac.o
    0x0800100c   0x00000028   Code   RO         2374    i.HAL_DMA_Abort_IT  stm32f7xx_hal_dma.o
    0x08001034   0x000000e8   Code   RO         2379    i.HAL_DMA_Init      stm32f7xx_hal_dma.o
    0x0800111c   0x00000066   Code   RO         2382    i.HAL_DMA_Start     stm32f7xx_hal_dma.o
    0x08001182   0x0000009e   Code   RO         2383    i.HAL_DMA_Start_IT  stm32f7xx_hal_dma.o
    0x08001220   0x00000058   Code   RO        10993    i.HAL_GPIO_EXTI_Callback  exti.o
    0x08001278   0x0000001c   Code   RO         3154    i.HAL_GPIO_EXTI_IRQHandler  stm32f7xx_hal_gpio.o
    0x08001294   0x00000218   Code   RO         3155    i.HAL_GPIO_Init     stm32f7xx_hal_gpio.o
    0x080014ac   0x00000010   Code   RO         3157    i.HAL_GPIO_ReadPin  stm32f7xx_hal_gpio.o
    0x080014bc   0x00000008   Code   RO         3158    i.HAL_GPIO_TogglePin  stm32f7xx_hal_gpio.o
    0x080014c4   0x0000000c   Code   RO         3159    i.HAL_GPIO_WritePin  stm32f7xx_hal_gpio.o
    0x080014d0   0x0000000c   Code   RO          629    i.HAL_GetTick       stm32f7xx_hal.o
    0x080014dc   0x00000010   Code   RO          630    i.HAL_IncTick       stm32f7xx_hal.o
    0x080014ec   0x00000028   Code   RO          631    i.HAL_Init          stm32f7xx_hal.o
    0x08001514   0x00000028   Code   RO          632    i.HAL_InitTick      stm32f7xx_hal.o
    0x0800153c   0x00000002   Code   RO          340    i.HAL_MspInit       stm32f7xx_hal_msp.o
    0x0800153e   0x0000001a   Code   RO         1293    i.HAL_NVIC_EnableIRQ  stm32f7xx_hal_cortex.o
    0x08001558   0x0000007c   Code   RO         1299    i.HAL_NVIC_SetPriority  stm32f7xx_hal_cortex.o
    0x080015d4   0x00000028   Code   RO         1300    i.HAL_NVIC_SetPriorityGrouping  stm32f7xx_hal_cortex.o
    0x080015fc   0x00000090   Code   RO         5966    i.HAL_PWREx_EnableOverDrive  stm32f7xx_hal_pwr_ex.o
    0x0800168c   0x000001b4   Code   RO         6309    i.HAL_RCC_ClockConfig  stm32f7xx_hal_rcc.o
    0x08001840   0x0000000c   Code   RO         6314    i.HAL_RCC_GetHCLKFreq  stm32f7xx_hal_rcc.o
    0x0800184c   0x0000002c   Code   RO         6316    i.HAL_RCC_GetPCLK1Freq  stm32f7xx_hal_rcc.o
    0x08001878   0x0000002c   Code   RO         6317    i.HAL_RCC_GetPCLK2Freq  stm32f7xx_hal_rcc.o
    0x080018a4   0x000000b4   Code   RO         6318    i.HAL_RCC_GetSysClockFreq  stm32f7xx_hal_rcc.o
    0x08001958   0x000004d0   Code   RO         6413    i.HAL_RCC_OscConfig  stm32f7xx_hal_rcc_ex.o
    0x08001e28   0x000000d8   Code   RO         8035    i.HAL_SPI_Init      stm32f7xx_hal_spi.o
    0x08001f00   0x00000002   Code   RO         8037    i.HAL_SPI_MspInit   stm32f7xx_hal_spi.o
    0x08001f02   0x00000028   Code   RO         1302    i.HAL_SYSTICK_CLKSourceConfig  stm32f7xx_hal_cortex.o
    0x08001f2a   0x00000034   Code   RO         1304    i.HAL_SYSTICK_Config  stm32f7xx_hal_cortex.o
    0x08001f5e   0x00000002   Code   RO         9101    i.HAL_TIMEx_BreakCallback  stm32f7xx_hal_tim_ex.o
    0x08001f60   0x00000002   Code   RO         9102    i.HAL_TIMEx_CommutationCallback  stm32f7xx_hal_tim_ex.o
    0x08001f62   0x0000002e   Code   RO         8458    i.HAL_TIM_Base_Init  stm32f7xx_hal_tim.o
    0x08001f90   0x00000044   Code   RO        10845    i.HAL_TIM_Base_MspInit  timer.o
    0x08001fd4   0x0000001e   Code   RO         8463    i.HAL_TIM_Base_Start_IT  stm32f7xx_hal_tim.o
    0x08001ff2   0x00000038   Code   RO         8466    i.HAL_TIM_Base_Stop_IT  stm32f7xx_hal_tim.o
    0x0800202a   0x00000002   Code   RO         8487    i.HAL_TIM_IC_CaptureCallback  stm32f7xx_hal_tim.o
    0x0800202c   0x000001b8   Code   RO         8500    i.HAL_TIM_IRQHandler  stm32f7xx_hal_tim.o
    0x080021e4   0x00000002   Code   RO         8503    i.HAL_TIM_OC_DelayElapsedCallback  stm32f7xx_hal_tim.o
    0x080021e6   0x00000002   Code   RO         8530    i.HAL_TIM_PWM_PulseFinishedCallback  stm32f7xx_hal_tim.o
    0x080021e8   0x00000018   Code   RO        10846    i.HAL_TIM_PeriodElapsedCallback  timer.o
    0x08002200   0x00000002   Code   RO         8541    i.HAL_TIM_TriggerCallback  stm32f7xx_hal_tim.o
    0x08002202   0x00000002   Code   RO         9395    i.HAL_UART_ErrorCallback  stm32f7xx_hal_uart.o
    0x08002204   0x00000014   Code   RO         9397    i.HAL_UART_GetState  stm32f7xx_hal_uart.o
    0x08002218   0x0000015c   Code   RO         9398    i.HAL_UART_IRQHandler  stm32f7xx_hal_uart.o
    0x08002374   0x00000078   Code   RO         9399    i.HAL_UART_Init     stm32f7xx_hal_uart.o
    0x080023ec   0x00000094   Code   RO        10587    i.HAL_UART_MspInit  usart.o
    0x08002480   0x000000c8   Code   RO         9404    i.HAL_UART_Receive_IT  stm32f7xx_hal_uart.o
    0x08002548   0x00000088   Code   RO        10588    i.HAL_UART_RxCpltCallback  usart.o
    0x080025d0   0x00000002   Code   RO         9410    i.HAL_UART_TxCpltCallback  stm32f7xx_hal_uart.o
    0x080025d2   0x00000004   Code   RO          374    i.HardFault_Handler  stm32f7xx_it.o
    0x080025d6   0x00000002   PAD
    0x080025d8   0x00000048   Code   RO        10818    i.LED_Init          led.o
    0x08002620   0x00000084   Code   RO        11199    i.M8266HostIf_GPIO_CS_RESET_Init  m8266hostif_stm32xx.o
    0x080026a4   0x0000000c   Code   RO        11200    i.M8266HostIf_Init  m8266hostif_stm32xx.o
    0x080026b0   0x00000068   Code   RO        11575    i.M8266HostIf_SPI_DMA_StartReceiveSendData  M8266WIFIDrv_STM32F7xx.lib(m8266wifidrv.o)
    0x08002718   0x000000c8   Code   RO        11201    i.M8266HostIf_SPI_Init  m8266hostif_stm32xx.o
    0x080027e0   0x000000e0   Code   RO        11576    i.M8266HostIf_SPI_Select  M8266WIFIDrv_STM32F7xx.lib(m8266wifidrv.o)
    0x080028c0   0x00000048   Code   RO        11203    i.M8266HostIf_SPI_SetSpeed  m8266hostif_stm32xx.o
    0x08002908   0x0000001c   Code   RO        11577    i.M8266HostIf_SPI_rrs  M8266WIFIDrv_STM32F7xx.lib(m8266wifidrv.o)
    0x08002924   0x00000044   Code   RO        11578    i.M8266HostIf_SPI_wrs  M8266WIFIDrv_STM32F7xx.lib(m8266wifidrv.o)
    0x08002968   0x0000001c   Code   RO        11204    i.M8266HostIf_Set_SPI_nCS_Pin  m8266hostif_stm32xx.o
    0x08002984   0x0000001c   Code   RO        11205    i.M8266HostIf_Set_nRESET_Pin  m8266hostif_stm32xx.o
    0x080029a0   0x0000000c   Code   RO        11206    i.M8266HostIf_delay_us  m8266hostif_stm32xx.o
    0x080029ac   0x00000038   Code   RO        11272    i.M8266WIFI_Module_Hardware_Reset  m8266wifi_ops.o
    0x080029e4   0x0000012c   Code   RO        11273    i.M8266WIFI_Module_Init_Via_SPI  m8266wifi_ops.o
    0x08002b10   0x00000024   Code   RO        11274    i.M8266WIFI_Module_delay_ms  m8266wifi_ops.o
    0x08002b34   0x000000ea   Code   RO        11580    i.M8266WIFI_SPI_Config_AP  M8266WIFIDrv_STM32F7xx.lib(m8266wifidrv.o)
    0x08002c1e   0x00000016   Code   RO        11583    i.M8266WIFI_SPI_Config_STA_Param  M8266WIFIDrv_STM32F7xx.lib(m8266wifidrv.o)
    0x08002c34   0x000000aa   Code   RO        11590    i.M8266WIFI_SPI_Get_Module_Info  M8266WIFIDrv_STM32F7xx.lib(m8266wifidrv.o)
    0x08002cde   0x00000066   Code   RO        11591    i.M8266WIFI_SPI_Get_Opmode  M8266WIFIDrv_STM32F7xx.lib(m8266wifidrv.o)
    0x08002d44   0x0000006e   Code   RO        11592    i.M8266WIFI_SPI_Get_STA_Connection_Status  M8266WIFIDrv_STM32F7xx.lib(m8266wifidrv.o)
    0x08002db2   0x0000007e   Code   RO        11594    i.M8266WIFI_SPI_Get_STA_IP_Addr  M8266WIFIDrv_STM32F7xx.lib(m8266wifidrv.o)
    0x08002e30   0x00000048   Code   RO        11596    i.M8266WIFI_SPI_Interface_Communication_OK  M8266WIFIDrv_STM32F7xx.lib(m8266wifidrv.o)
    0x08002e78   0x00000062   Code   RO        11597    i.M8266WIFI_SPI_Interface_Communication_Stress_Test  M8266WIFIDrv_STM32F7xx.lib(m8266wifidrv.o)
    0x08002eda   0x000000d6   Code   RO        11607    i.M8266WIFI_SPI_Query_Connection  M8266WIFIDrv_STM32F7xx.lib(m8266wifidrv.o)
    0x08002fb0   0x00000174   Code   RO        11622    i.M8266WIFI_SPI_STA_Connect_Ap  M8266WIFIDrv_STM32F7xx.lib(m8266wifidrv.o)
    0x08003124   0x0000013a   Code   RO        11623    i.M8266WIFI_SPI_STA_Connect_Ap_Old  M8266WIFIDrv_STM32F7xx.lib(m8266wifidrv.o)
    0x0800325e   0x00000098   Code   RO        11624    i.M8266WIFI_SPI_STA_Query_Current_SSID_And_RSSI  M8266WIFIDrv_STM32F7xx.lib(m8266wifidrv.o)
    0x080032f6   0x00000012   Code   RO        11626    i.M8266WIFI_SPI_Send_Data  M8266WIFIDrv_STM32F7xx.lib(m8266wifidrv.o)
    0x08003308   0x0000008c   Code   RO        11627    i.M8266WIFI_SPI_Send_Data_Block  M8266WIFIDrv_STM32F7xx.lib(m8266wifidrv.o)
    0x08003394   0x0000008e   Code   RO        11629    i.M8266WIFI_SPI_Set_Opmode  M8266WIFIDrv_STM32F7xx.lib(m8266wifidrv.o)
    0x08003422   0x0000008e   Code   RO        11632    i.M8266WIFI_SPI_Set_TcpServer_Auto_Discon_Timeout  M8266WIFIDrv_STM32F7xx.lib(m8266wifidrv.o)
    0x080034b0   0x000001f4   Code   RO        11634    i.M8266WIFI_SPI_Setup_Connection  M8266WIFIDrv_STM32F7xx.lib(m8266wifidrv.o)
    0x080036a4   0x00000016   Code   RO        11635    i.M8266WIFI_SPI_Slave_Has_Response  M8266WIFIDrv_STM32F7xx.lib(m8266wifidrv.o)
    0x080036ba   0x00000016   Code   RO        11640    i.M8266WIFI_SPI_TxdBuffer_Free  M8266WIFIDrv_STM32F7xx.lib(m8266wifidrv.o)
    0x080036d0   0x000000ec   Code   RO        11643    i.M8266WIFI_SPI_capstp  M8266WIFIDrv_STM32F7xx.lib(m8266wifidrv.o)
    0x080037bc   0x00000058   Code   RO        11644    i.M8266WIFI_SPI_csb  M8266WIFIDrv_STM32F7xx.lib(m8266wifidrv.o)
    0x08003814   0x00000020   Code   RO        11649    i.M8266WIFI_SPI_rra  M8266WIFIDrv_STM32F7xx.lib(m8266wifidrv.o)
    0x08003834   0x00000080   Code   RO        11650    i.M8266WIFI_SPI_rru  M8266WIFIDrv_STM32F7xx.lib(m8266wifidrv.o)
    0x080038b4   0x00000244   Code   RO        11654    i.M8266WIFI_SPI_sdfal  M8266WIFIDrv_STM32F7xx.lib(m8266wifidrv.o)
    0x08003af8   0x00000124   Code   RO        11655    i.M8266WIFI_SPI_srh  M8266WIFIDrv_STM32F7xx.lib(m8266wifidrv.o)
    0x08003c1c   0x00000020   Code   RO        11656    i.M8266WIFI_SPI_ssa  M8266WIFIDrv_STM32F7xx.lib(m8266wifidrv.o)
    0x08003c3c   0x00000074   Code   RO        11657    i.M8266WIFI_SPI_ssb  M8266WIFIDrv_STM32F7xx.lib(m8266wifidrv.o)
    0x08003cb0   0x00000064   Code   RO        11658    i.M8266WIFI_SPI_ssmd  M8266WIFIDrv_STM32F7xx.lib(m8266wifidrv.o)
    0x08003d14   0x0000004c   Code   RO        11659    i.M8266WIFI_SPI_ssu  M8266WIFIDrv_STM32F7xx.lib(m8266wifidrv.o)
    0x08003d60   0x00000048   Code   RO        11660    i.M8266WIFI_SPI_ssud  M8266WIFIDrv_STM32F7xx.lib(m8266wifidrv.o)
    0x08003da8   0x0000004c   Code   RO        11661    i.M8266WIFI_SPI_ssut  M8266WIFIDrv_STM32F7xx.lib(m8266wifidrv.o)
    0x08003df4   0x00000016   Code   RO        11662    i.M8266WIFI_SPI_tufs  M8266WIFIDrv_STM32F7xx.lib(m8266wifidrv.o)
    0x08003e0a   0x00000002   PAD
    0x08003e0c   0x00000050   Code   RO        11275    i.M8266WIFI_SPI_wait_sta_connecting_to_ap_and_get_ip  m8266wifi_ops.o
    0x08003e5c   0x0000003a   Code   RO        11664    i.M8266WIFI_SPI_wsbsbs1  M8266WIFIDrv_STM32F7xx.lib(m8266wifidrv.o)
    0x08003e96   0x00000042   Code   RO        11666    i.M8266WIFI_SPI_wscbf  M8266WIFIDrv_STM32F7xx.lib(m8266wifidrv.o)
    0x08003ed8   0x0000004c   Code   RO        11667    i.M8266WIFI_SPI_wscr  M8266WIFIDrv_STM32F7xx.lib(m8266wifidrv.o)
    0x08003f24   0x00000054   Code   RO        11669    i.M8266WIFI_SPI_wspss  M8266WIFIDrv_STM32F7xx.lib(m8266wifidrv.o)
    0x08003f78   0x00000040   Code   RO        11674    i.M8266WIFI_Wait_SPI_sfad  M8266WIFIDrv_STM32F7xx.lib(m8266wifidrv.o)
    0x08003fb8   0x00000004   Code   RO          375    i.MemManage_Handler  stm32f7xx_it.o
    0x08003fbc   0x00000002   Code   RO          376    i.NMI_Handler       stm32f7xx_it.o
    0x08003fbe   0x00000002   PAD
    0x08003fc0   0x00000010   Code   RO         1306    i.NVIC_GetPriorityGrouping  stm32f7xx_hal_cortex.o
    0x08003fd0   0x00000028   Code   RO         1307    i.NVIC_SetPriority  stm32f7xx_hal_cortex.o
    0x08003ff8   0x00000002   Code   RO          377    i.PendSV_Handler    stm32f7xx_it.o
    0x08003ffa   0x00000002   PAD
    0x08003ffc   0x00000070   Code   RO        10737    i.Pulser_IO_Init    pulser.o
    0x0800406c   0x00000040   Code   RO        10653    i.Rheostat_ADC_GPIO_Config  adc.o
    0x080040ac   0x000000e4   Code   RO        10654    i.Rheostat_ADC_Mode_Config  adc.o
    0x08004190   0x0000000c   Code   RO        10655    i.Rheostat_Init     adc.o
    0x0800419c   0x00000170   Code   RO        11675    i.SPI_STA_Get_HostIP_by_HostName  M8266WIFIDrv_STM32F7xx.lib(m8266wifidrv.o)
    0x0800430c   0x00000002   Code   RO          378    i.SVC_Handler       stm32f7xx_it.o
    0x0800430e   0x00000002   PAD
    0x08004310   0x00000044   Code   RO        11531    i.Set_Socket        wifi.o
    0x08004354   0x00000010   Code   RO        10847    i.Start_TIM3        timer.o
    0x08004364   0x000000b4   Code   RO        10537    i.Stm32_Clock_Init  sys.o
    0x08004418   0x00000010   Code   RO        10848    i.Stop_TIM3         timer.o
    0x08004428   0x00000008   Code   RO          379    i.SysTick_Handler   stm32f7xx_it.o
    0x08004430   0x00000064   Code   RO          448    i.SystemInit        system_stm32f7xx.o
    0x08004494   0x00000010   Code   RO        10849    i.TIM3_IRQHandler   timer.o
    0x080044a4   0x00000028   Code   RO        10850    i.TIM3_Init         timer.o
    0x080044cc   0x000000e4   Code   RO         8542    i.TIM_Base_SetConfig  stm32f7xx_hal_tim.o
    0x080045b0   0x000000ea   Code   RO         9412    i.UART_AdvFeatureConfig  stm32f7xx_hal_uart.o
    0x0800469a   0x00000074   Code   RO         9413    i.UART_CheckIdleState  stm32f7xx_hal_uart.o
    0x0800470e   0x00000018   Code   RO         9414    i.UART_DMAAbortOnError  stm32f7xx_hal_uart.o
    0x08004726   0x00000020   Code   RO         9420    i.UART_EndRxTransfer  stm32f7xx_hal_uart.o
    0x08004746   0x00000020   Code   RO         9421    i.UART_EndTransmit_IT  stm32f7xx_hal_uart.o
    0x08004766   0x00000088   Code   RO         9423    i.UART_Receive_IT   stm32f7xx_hal_uart.o
    0x080047ee   0x00000002   PAD
    0x080047f0   0x0000038c   Code   RO         9424    i.UART_SetConfig    stm32f7xx_hal_uart.o
    0x08004b7c   0x0000006a   Code   RO         9425    i.UART_Transmit_IT  stm32f7xx_hal_uart.o
    0x08004be6   0x0000006c   Code   RO         9426    i.UART_WaitOnFlagUntilTimeout  stm32f7xx_hal_uart.o
    0x08004c52   0x00000002   PAD
    0x08004c54   0x00000050   Code   RO        10589    i.USART1_IRQHandler  usart.o
    0x08004ca4   0x00000004   Code   RO          380    i.UsageFault_Handler  stm32f7xx_it.o
    0x08004ca8   0x00000010   Code   RO        11532    i.Wifi_Init         wifi.o
    0x08004cb8   0x0000007c   Code   RO        11533    i.Wifi_Send_Packet  wifi.o
    0x08004d34   0x0000000e   Code   RO        12135    i.__scatterload_copy  mc_w.l(handlers.o)
    0x08004d42   0x00000002   Code   RO        12136    i.__scatterload_null  mc_w.l(handlers.o)
    0x08004d44   0x0000000e   Code   RO        12137    i.__scatterload_zeroinit  mc_w.l(handlers.o)
    0x08004d52   0x00000002   PAD
    0x08004d54   0x00000014   Code   RO        10494    i.delay_init        delay.o
    0x08004d68   0x00000018   Code   RO        10495    i.delay_ms          delay.o
    0x08004d80   0x00000048   Code   RO        10496    i.delay_us          delay.o
    0x08004dc8   0x0000004c   Code   RO        11678    i.fvcp              M8266WIFIDrv_STM32F7xx.lib(m8266wifidrv.o)
    0x08004e14   0x00000030   Code   RO        11680    i.fvdnstap          M8266WIFIDrv_STM32F7xx.lib(m8266wifidrv.o)
    0x08004e44   0x00000130   Code   RO            4    i.main              main.o
    0x08004f74   0x00000038   Code   RO        10592    i.uart_init         usart.o
    0x08004fac   0x00000018   Data   RO          449    .constdata          system_stm32f7xx.o
    0x08004fc4   0x00000008   Data   RO         2385    .constdata          stm32f7xx_hal_dma.o
    0x08004fcc   0x00000006   Data   RO        11682    .constdata          M8266WIFIDrv_STM32F7xx.lib(m8266wifidrv.o)
    0x08004fd2   0x00000002   PAD
    0x08004fd4   0x00000020   Data   RO        12133    Region$$Table       anon$$obj.o


    Execution Region RW_IRAM1 (Base: 0x20020000, Size: 0x00000b28, Max: 0x00060000, ABSOLUTE)

    Base Addr    Size         Type   Attr      Idx    E Section Name        Object

    0x20020000   0x00000004   Data   RW          450    .data               system_stm32f7xx.o
    0x20020004   0x00000004   Data   RW          637    .data               stm32f7xx_hal.o
    0x20020008   0x00000004   Data   RW        10497    .data               delay.o
    0x2002000c   0x00000007   Data   RW        10594    .data               usart.o
    0x20020013   0x00000001   Data   RW        10852    .data               timer.o
    0x20020014   0x00000004   Data   RW        11535    .data               wifi.o
    0x20020018   0x00000029   Data   RW        11683    .data               M8266WIFIDrv_STM32F7xx.lib(m8266wifidrv.o)
    0x20020041   0x00000003   PAD
    0x20020044   0x00000138   Zero   RW        10593    .bss                usart.o
    0x2002017c   0x000004a0   Zero   RW        10656    .bss                adc.o
    0x2002061c   0x00000028   Zero   RW        10779    .bss                dac.o
    0x20020644   0x0000003c   Zero   RW        10851    .bss                timer.o
    0x20020680   0x00000064   Zero   RW        11207    .bss                m8266hostif_stm32xx.o
    0x200206e4   0x00000044   Zero   RW        11681    .bss                M8266WIFIDrv_STM32F7xx.lib(m8266wifidrv.o)
    0x20020728   0x00000400   Zero   RW          602    STACK               startup_stm32f767xx.o


==============================================================================

Image component sizes


      Code (inc. data)   RO Data    RW Data    ZI Data      Debug   Object Name

       344         44          0          0       1184       3476   adc.o
       616         24          0          0          0       2854   bf.o
       304         48          0          0         40       2851   dac.o
       116          8          0          4          0       2267   delay.o
       264         32          0          0          0       3057   exti.o
        72         10          0          0          0       1035   led.o
       484         44          0          0        100       5751   m8266hostif_stm32xx.o
       472         60          0          0          0       4387   m8266wifi_ops.o
       304         24          0          0          0     453503   main.o
       412         32          0          0          0       3081   pulser.o
        36          8        504          0       1024        888   startup_stm32f767xx.o
       108         20          0          4          0       3491   stm32f7xx_hal.o
      1402         68          0          0          0       8239   stm32f7xx_hal_adc.o
       338         22          0          0          0      36861   stm32f7xx_hal_cortex.o
       314          0          0          0          0       3734   stm32f7xx_hal_dac.o
       814         10          8          0          0       6237   stm32f7xx_hal_dma.o
       600         56          0          0          0       4571   stm32f7xx_hal_gpio.o
         2          0          0          0          0        534   stm32f7xx_hal_msp.o
       144          8          0          0          0       1352   stm32f7xx_hal_pwr_ex.o
       716         50          0          0          0       4284   stm32f7xx_hal_rcc.o
      1232         12          0          0          0       1912   stm32f7xx_hal_rcc_ex.o
       218          0          0          0          0       1913   stm32f7xx_hal_spi.o
       808         44          0          0          0       6778   stm32f7xx_hal_tim.o
         4          0          0          0          0       1762   stm32f7xx_hal_tim_ex.o
      2388         54          0          0          0      12076   stm32f7xx_hal_uart.o
        32          0          0          0          0       4846   stm32f7xx_it.o
       180         10          0          0          0       1359   sys.o
       100         18         24          4          0       1359   system_stm32f7xx.o
       180         46          0          1         60       4465   timer.o
       420         54          0          7        312       4901   usart.o
       208         30          0          4          0       2193   wifi.o

    ----------------------------------------------------------------------
     13652        836        568         24       2720     596017   Object Totals
         0          0         32          0          0          0   (incl. Generated)
        20          0          0          0          0          0   (incl. Padding)

    ----------------------------------------------------------------------

      Code (inc. data)   RO Data    RW Data    ZI Data      Debug   Library Member Name

      6086        172          6         41         68       5920   m8266wifidrv.o
         0          0          0          0          0          0   entry.o
         0          0          0          0          0          0   entry10a.o
         0          0          0          0          0          0   entry11a.o
         8          4          0          0          0          0   entry2.o
         4          0          0          0          0          0   entry5.o
         0          0          0          0          0          0   entry7b.o
         0          0          0          0          0          0   entry8b.o
         8          4          0          0          0          0   entry9a.o
        30          0          0          0          0          0   handlers.o
        36          8          0          0          0         68   init.o
        36          0          0          0          0        108   memseta.o
        28          0          0          0          0         76   strcmp.o

    ----------------------------------------------------------------------
      6240        188          8         44         68       6172   Library Totals
         4          0          2          3          0          0   (incl. Padding)

    ----------------------------------------------------------------------

      Code (inc. data)   RO Data    RW Data    ZI Data      Debug   Library Name

      6086        172          6         41         68       5920   M8266WIFIDrv_STM32F7xx.lib
       150         16          0          0          0        252   mc_w.l

    ----------------------------------------------------------------------
      6240        188          8         44         68       6172   Library Totals

    ----------------------------------------------------------------------

==============================================================================


      Code (inc. data)   RO Data    RW Data    ZI Data      Debug   

     19892       1024        576         68       2788     585541   Grand Totals
     19892       1024        576         68       2788     585541   ELF Image Totals
     19892       1024        576         68          0          0   ROM Totals

==============================================================================

    Total RO  Size (Code + RO Data)                20468 (  19.99kB)
    Total RW  Size (RW Data + ZI Data)              2856 (   2.79kB)
    Total ROM Size (Code + RO Data + RW Data)      20536 (  20.05kB)

==============================================================================

