Component: ARM Compiler 5.06 update 3 (build 300) Tool: armlink [4d35c9]

==============================================================================

Section Cross References

    main.o(i.EMG_task) refers to port.o(i.vPortEnterCritical) for vPortEnterCritical
    main.o(i.EMG_task) refers to ads1299.o(i.dataAcq) for dataAcq
    main.o(i.EMG_task) refers to port.o(i.vPortExitCritical) for vPortExitCritical
    main.o(i.EMG_task) refers to delay.o(i.delay_ms) for delay_ms
    main.o(i.EMG_task) refers to stm32f7xx_hal_gpio.o(i.HAL_GPIO_TogglePin) for HAL_GPIO_TogglePin
    main.o(i.IMU_task) refers to imucollecting.o(i.GetMPUData) for GetMPUData
    main.o(i.IMU_task) refers to imucollecting.o(i.IMUSendData) for IMUSendData
    main.o(i.IMU_task) refers to delay.o(i.delay_ms) for delay_ms
    main.o(i.US_task) refers to stm32f7xx_hal_gpio.o(i.HAL_GPIO_TogglePin) for HAL_GPIO_TogglePin
    main.o(i.US_task) refers to adc.o(i.Rheostat_Init) for Rheostat_Init
    main.o(i.US_task) refers to timer.o(i.Start_TIM3) for Start_TIM3
    main.o(i.US_task) refers to pulser.o(i.CH_TX) for CH_TX
    main.o(i.US_task) refers to stm32f7xx_hal_gpio.o(i.HAL_GPIO_WritePin) for HAL_GPIO_WritePin
    main.o(i.US_task) refers to delay.o(i.delay_us) for delay_us
    main.o(i.US_task) refers to adc.o(i.FIFO_read) for FIFO_read
    main.o(i.US_task) refers to pulser.o(i.ALL_CH_HZ) for ALL_CH_HZ
    main.o(i.US_task) refers to wifi.o(i.Wifi_Send_Packet) for Wifi_Send_Packet
    main.o(i.US_task) refers to tasks.o(i.vTaskDelay) for vTaskDelay
    main.o(i.US_task) refers to timer.o(i.Stop_TIM3) for Stop_TIM3
    main.o(i.US_task) refers to adc.o(.bss) for FIFO_buffer
    main.o(i.US_task) refers to timer.o(.data) for Ch_Flag
    main.o(i.main) refers to stm32f7xx_hal.o(i.HAL_Init) for HAL_Init
    main.o(i.main) refers to sys.o(i.Stm32_Clock_Init) for Stm32_Clock_Init
    main.o(i.main) refers to delay.o(i.delay_init) for delay_init
    main.o(i.main) refers to bf.o(i.BF_IO_Init) for BF_IO_Init
    main.o(i.main) refers to stm32f7xx_hal_gpio.o(i.HAL_GPIO_WritePin) for HAL_GPIO_WritePin
    main.o(i.main) refers to bf.o(i.BF_Init) for BF_Init
    main.o(i.main) refers to delay.o(i.delay_ms) for delay_ms
    main.o(i.main) refers to usart.o(i.uart_init) for uart_init
    main.o(i.main) refers to led.o(i.LED_Init) for LED_Init
    main.o(i.main) refers to exti.o(i.EXTI_Init) for EXTI_Init
    main.o(i.main) refers to wifi.o(i.Wifi_Init) for Wifi_Init
    main.o(i.main) refers to wifi.o(i.Set_Socket) for Set_Socket
    main.o(i.main) refers to dac.o(i.DAC_Init) for DAC_Init
    main.o(i.main) refers to dac.o(i.DAC_Set_Vol) for DAC_Set_Vol
    main.o(i.main) refers to pulser.o(i.Pulser_IO_Init) for Pulser_IO_Init
    main.o(i.main) refers to pulser.o(i.ALL_CH_HZ) for ALL_CH_HZ
    main.o(i.main) refers to timer.o(i.TIM3_Init) for TIM3_Init
    main.o(i.main) refers to emgprocessing.o(i.initial_PLF) for initial_PLF
    main.o(i.main) refers to ads1299.o(i.ADS1299Init) for ADS1299Init
    main.o(i.main) refers to ads1299.o(i.setDev) for setDev
    main.o(i.main) refers to ads1299.o(i.startDev) for startDev
    main.o(i.main) refers to usart.o(i.uart3_init) for uart3_init
    main.o(i.main) refers to printfa.o(i.__0printf) for __2printf
    main.o(i.main) refers to mpuiic.o(i.MPU_IIC_Init) for MPU_IIC_Init
    main.o(i.main) refers to inv_mpu_1.o(i.mpu_dmp_init_1) for mpu_dmp_init_1
    main.o(i.main) refers to inv_mpu_2.o(i.mpu_dmp_init_2) for mpu_dmp_init_2
    main.o(i.main) refers to inv_mpu_3.o(i.mpu_dmp_init_3) for mpu_dmp_init_3
    main.o(i.main) refers to tasks.o(i.xTaskCreate) for xTaskCreate
    main.o(i.main) refers to tasks.o(i.vTaskStartScheduler) for vTaskStartScheduler
    main.o(i.main) refers to main.o(.data) for index_plnf
    main.o(i.main) refers to main.o(.bss) for plnf
    main.o(i.main) refers to main.o(i.start_task) for start_task
    main.o(i.start_task) refers to port.o(i.vPortEnterCritical) for vPortEnterCritical
    main.o(i.start_task) refers to tasks.o(i.xTaskCreate) for xTaskCreate
    main.o(i.start_task) refers to tasks.o(i.vTaskDelete) for vTaskDelete
    main.o(i.start_task) refers to port.o(i.vPortExitCritical) for vPortExitCritical
    main.o(i.start_task) refers to main.o(.data) for US_Task_Handler
    main.o(i.start_task) refers to main.o(i.US_task) for US_task
    main.o(i.start_task) refers to main.o(i.EMG_task) for EMG_task
    main.o(i.start_task) refers to main.o(i.IMU_task) for IMU_task
    system_stm32f7xx.o(i.SystemCoreClockUpdate) refers to system_stm32f7xx.o(.data) for SystemCoreClock
    system_stm32f7xx.o(i.SystemCoreClockUpdate) refers to system_stm32f7xx.o(.constdata) for AHBPrescTable
    startup_stm32f767xx.o(RESET) refers to startup_stm32f767xx.o(STACK) for __initial_sp
    startup_stm32f767xx.o(RESET) refers to startup_stm32f767xx.o(.text) for Reset_Handler
    startup_stm32f767xx.o(RESET) refers to stm32f7xx_it.o(i.NMI_Handler) for NMI_Handler
[...]
    __mathlib_dbl_infnan2                    0x0800725f   Thumb Code     6  dunder.o(i.__mathlib_dbl_infnan2)
    __mathlib_dbl_invalid                    0x08007269   Thumb Code    10  dunder.o(i.__mathlib_dbl_invalid)
    __mathlib_dbl_underflow                  0x08007281   Thumb Code    10  dunder.o(i.__mathlib_dbl_underflow)
    __scatterload_copy                       0x08007299   Thumb Code    14  handlers.o(i.__scatterload_copy)
    __scatterload_null                       0x080072a7   Thumb Code     2  handlers.o(i.__scatterload_null)
    __scatterload_zeroinit                   0x080072a9   Thumb Code    14  handlers.o(i.__scatterload_zeroinit)
    __set_errno                              0x080072b9   Thumb Code     6  errno.o(i.__set_errno)
    add_PLF                                  0x08007db9   Thumb Code   170  emgprocessing.o(i.add_PLF)
    atan                                     0x08007e63   Thumb Code    16  atan.o(i.atan)
    dataAcq                                  0x08007e75   Thumb Code   114  ads1299.o(i.dataAcq)
    delay_init                               0x08008089   Thumb Code    58  delay.o(i.delay_init)
    delay_ms                                 0x080080cd   Thumb Code    60  delay.o(i.delay_ms)
    delay_us                                 0x0800810d   Thumb Code    68  delay.o(i.delay_us)
    dmp_enable_6x_lp_quat_1                  0x08008155   Thumb Code    60  inv_mpu_dmp_motion_driver_1.o(i.dmp_enable_6x_lp_quat_1)
    dmp_enable_6x_lp_quat_2                  0x08008191   Thumb Code    60  inv_mpu_dmp_motion_driver_2.o(i.dmp_enable_6x_lp_quat_2)
    dmp_enable_6x_lp_quat_3                  0x080081cd   Thumb Code    60  inv_mpu_dmp_motion_driver_3.o(i.dmp_enable_6x_lp_quat_3)
    dmp_enable_feature_1                     0x08008209   Thumb Code   530  inv_mpu_dmp_motion_driver_1.o(i.dmp_enable_feature_1)
    dmp_enable_feature_2                     0x08008425   Thumb Code   530  inv_mpu_dmp_motion_driver_2.o(i.dmp_enable_feature_2)
    dmp_enable_feature_3                     0x08008641   Thumb Code   530  inv_mpu_dmp_motion_driver_3.o(i.dmp_enable_feature_3)
    dmp_enable_gyro_cal_1                    0x0800885d   Thumb Code    62  inv_mpu_dmp_motion_driver_1.o(i.dmp_enable_gyro_cal_1)
    dmp_enable_gyro_cal_2                    0x080088b5   Thumb Code    62  inv_mpu_dmp_motion_driver_2.o(i.dmp_enable_gyro_cal_2)
    dmp_enable_gyro_cal_3                    0x0800890d   Thumb Code    62  inv_mpu_dmp_motion_driver_3.o(i.dmp_enable_gyro_cal_3)
    dmp_enable_lp_quat_1                     0x08008965   Thumb Code    60  inv_mpu_dmp_motion_driver_1.o(i.dmp_enable_lp_quat_1)
    dmp_enable_lp_quat_2                     0x080089a1   Thumb Code    60  inv_mpu_dmp_motion_driver_2.o(i.dmp_enable_lp_quat_2)
    dmp_enable_lp_quat_3                     0x080089dd   Thumb Code    60  inv_mpu_dmp_motion_driver_3.o(i.dmp_enable_lp_quat_3)
    dmp_load_motion_driver_firmware_1        0x08008a19   Thumb Code    20  inv_mpu_dmp_motion_driver_1.o(i.dmp_load_motion_driver_firmware_1)
    dmp_load_motion_driver_firmware_2        0x08008a31   Thumb Code    20  inv_mpu_dmp_motion_driver_2.o(i.dmp_load_motion_driver_firmware_2)
    dmp_load_motion_driver_firmware_3        0x08008a49   Thumb Code    20  inv_mpu_dmp_motion_driver_3.o(i.dmp_load_motion_driver_firmware_3)
    dmp_read_fifo_0                          0x08008a61   Thumb Code   450  inv_mpu_dmp_motion_driver_0.o(i.dmp_read_fifo_0)
    dmp_read_fifo_1                          0x08008c29   Thumb Code   450  inv_mpu_dmp_motion_driver_1.o(i.dmp_read_fifo_1)
    dmp_read_fifo_2                          0x08008df1   Thumb Code   450  inv_mpu_dmp_motion_driver_2.o(i.dmp_read_fifo_2)
    dmp_read_fifo_3                          0x08008fb9   Thumb Code   450  inv_mpu_dmp_motion_driver_3.o(i.dmp_read_fifo_3)
    dmp_set_accel_bias_1                     0x08009181   Thumb Code   300  inv_mpu_dmp_motion_driver_1.o(i.dmp_set_accel_bias_1)
    dmp_set_accel_bias_2                     0x080092b1   Thumb Code   300  inv_mpu_dmp_motion_driver_2.o(i.dmp_set_accel_bias_2)
    dmp_set_accel_bias_3                     0x080093e1   Thumb Code   300  inv_mpu_dmp_motion_driver_3.o(i.dmp_set_accel_bias_3)
    dmp_set_fifo_rate_1                      0x08009511   Thumb Code    96  inv_mpu_dmp_motion_driver_1.o(i.dmp_set_fifo_rate_1)
    dmp_set_fifo_rate_2                      0x08009581   Thumb Code    96  inv_mpu_dmp_motion_driver_2.o(i.dmp_set_fifo_rate_2)
    dmp_set_fifo_rate_3                      0x080095f1   Thumb Code    96  inv_mpu_dmp_motion_driver_3.o(i.dmp_set_fifo_rate_3)
    dmp_set_gyro_bias_1                      0x08009661   Thumb Code   294  inv_mpu_dmp_motion_driver_1.o(i.dmp_set_gyro_bias_1)
    dmp_set_gyro_bias_2                      0x08009791   Thumb Code   294  inv_mpu_dmp_motion_driver_2.o(i.dmp_set_gyro_bias_2)
    dmp_set_gyro_bias_3                      0x080098c1   Thumb Code   294  inv_mpu_dmp_motion_driver_3.o(i.dmp_set_gyro_bias_3)
    dmp_set_orientation_1                    0x080099f1   Thumb Code   290  inv_mpu_dmp_motion_driver_1.o(i.dmp_set_orientation_1)
    dmp_set_orientation_2                    0x08009b29   Thumb Code   290  inv_mpu_dmp_motion_driver_2.o(i.dmp_set_orientation_2)
    dmp_set_orientation_3                    0x08009c61   Thumb Code   290  inv_mpu_dmp_motion_driver_3.o(i.dmp_set_orientation_3)
    dmp_set_shake_reject_thresh_1            0x08009d99   Thumb Code    56  inv_mpu_dmp_motion_driver_1.o(i.dmp_set_shake_reject_thresh_1)
    dmp_set_shake_reject_thresh_2            0x08009dd1   Thumb Code    56  inv_mpu_dmp_motion_driver_2.o(i.dmp_set_shake_reject_thresh_2)
    dmp_set_shake_reject_thresh_3            0x08009e09   Thumb Code    56  inv_mpu_dmp_motion_driver_3.o(i.dmp_set_shake_reject_thresh_3)
    dmp_set_shake_reject_time_1              0x08009e41   Thumb Code    38  inv_mpu_dmp_motion_driver_1.o(i.dmp_set_shake_reject_time_1)
    dmp_set_shake_reject_time_2              0x08009e67   Thumb Code    38  inv_mpu_dmp_motion_driver_2.o(i.dmp_set_shake_reject_time_2)
    dmp_set_shake_reject_time_3              0x08009e8d   Thumb Code    38  inv_mpu_dmp_motion_driver_3.o(i.dmp_set_shake_reject_time_3)
    dmp_set_shake_reject_timeout_1           0x08009eb3   Thumb Code    38  inv_mpu_dmp_motion_driver_1.o(i.dmp_set_shake_reject_timeout_1)
    dmp_set_shake_reject_timeout_2           0x08009ed9   Thumb Code    38  inv_mpu_dmp_motion_driver_2.o(i.dmp_set_shake_reject_timeout_2)
    dmp_set_shake_reject_timeout_3           0x08009eff   Thumb Code    38  inv_mpu_dmp_motion_driver_3.o(i.dmp_set_shake_reject_timeout_3)
    dmp_set_tap_axes_1                       0x08009f25   Thumb Code    70  inv_mpu_dmp_motion_driver_1.o(i.dmp_set_tap_axes_1)
    dmp_set_tap_axes_2                       0x08009f6b   Thumb Code    70  inv_mpu_dmp_motion_driver_2.o(i.dmp_set_tap_axes_2)
    dmp_set_tap_axes_3                       0x08009fb1   Thumb Code    70  inv_mpu_dmp_motion_driver_3.o(i.dmp_set_tap_axes_3)
    dmp_set_tap_count_1                      0x08009ff7   Thumb Code    38  inv_mpu_dmp_motion_driver_1.o(i.dmp_set_tap_count_1)
    dmp_set_tap_count_2                      0x0800a01d   Thumb Code    38  inv_mpu_dmp_motion_driver_2.o(i.dmp_set_tap_count_2)
    dmp_set_tap_count_3                      0x0800a043   Thumb Code    38  inv_mpu_dmp_motion_driver_3.o(i.dmp_set_tap_count_3)
    dmp_set_tap_thresh_1                     0x0800a069   Thumb Code   412  inv_mpu_dmp_motion_driver_1.o(i.dmp_set_tap_thresh_1)
    dmp_set_tap_thresh_2                     0x0800a229   Thumb Code   412  inv_mpu_dmp_motion_driver_2.o(i.dmp_set_tap_thresh_2)
    dmp_set_tap_thresh_3                     0x0800a3e9   Thumb Code   412  inv_mpu_dmp_motion_driver_3.o(i.dmp_set_tap_thresh_3)
    dmp_set_tap_time_1                       0x0800a5a9   Thumb Code    38  inv_mpu_dmp_motion_driver_1.o(i.dmp_set_tap_time_1)
    dmp_set_tap_time_2                       0x0800a5cf   Thumb Code    38  inv_mpu_dmp_motion_driver_2.o(i.dmp_set_tap_time_2)
    dmp_set_tap_time_3                       0x0800a5f5   Thumb Code    38  inv_mpu_dmp_motion_driver_3.o(i.dmp_set_tap_time_3)
    dmp_set_tap_time_multi_1                 0x0800a61b   Thumb Code    38  inv_mpu_dmp_motion_driver_1.o(i.dmp_set_tap_time_multi_1)
    dmp_set_tap_time_multi_2                 0x0800a641   Thumb Code    38  inv_mpu_dmp_motion_driver_2.o(i.dmp_set_tap_time_multi_2)
    dmp_set_tap_time_multi_3                 0x0800a667   Thumb Code    38  inv_mpu_dmp_motion_driver_3.o(i.dmp_set_tap_time_multi_3)
    fabs                                     0x0800a68d   Thumb Code    24  fabs.o(i.fabs)
    fputc                                    0x0800a6a5   Thumb Code    24  usart.o(i.fputc)
    fvcp                                     0x0800a6c1   Thumb Code    76  m8266wifidrv.o(i.fvcp)
    fvdnstap                                 0x0800a70d   Thumb Code    44  m8266wifidrv.o(i.fvdnstap)
    initial_PLF                              0x0800ba51   Thumb Code    40  emgprocessing.o(i.initial_PLF)
    main                                     0x0800bbdd   Thumb Code   364  main.o(i.main)
    mpu_configure_fifo_1                     0x0800bde1   Thumb Code   106  inv_mpu_1.o(i.mpu_configure_fifo_1)
    mpu_configure_fifo_2                     0x0800be51   Thumb Code   106  inv_mpu_2.o(i.mpu_configure_fifo_2)
    mpu_configure_fifo_3                     0x0800bec1   Thumb Code   106  inv_mpu_3.o(i.mpu_configure_fifo_3)
    mpu_dmp_get_data_0                       0x0800bf31   Thumb Code   396  inv_mpu_0.o(i.mpu_dmp_get_data_0)
    mpu_dmp_get_data_1                       0x0800c0cd   Thumb Code   396  inv_mpu_1.o(i.mpu_dmp_get_data_1)
    mpu_dmp_get_data_2                       0x0800c269   Thumb Code   396  inv_mpu_2.o(i.mpu_dmp_get_data_2)
    mpu_dmp_get_data_3                       0x0800c405   Thumb Code   396  inv_mpu_3.o(i.mpu_dmp_get_data_3)
    mpu_dmp_init_1                           0x0800c5a1   Thumb Code   150  inv_mpu_1.o(i.mpu_dmp_init_1)
    mpu_dmp_init_2                           0x0800c63d   Thumb Code   150  inv_mpu_2.o(i.mpu_dmp_init_2)
    mpu_dmp_init_3                           0x0800c6d9   Thumb Code   150  inv_mpu_3.o(i.mpu_dmp_init_3)
    mpu_get_accel_fsr_1                      0x0800c775   Thumb Code    72  inv_mpu_1.o(i.mpu_get_accel_fsr_1)
    mpu_get_accel_fsr_2                      0x0800c7c1   Thumb Code    72  inv_mpu_2.o(i.mpu_get_accel_fsr_2)
    mpu_get_accel_fsr_3                      0x0800c80d   Thumb Code    72  inv_mpu_3.o(i.mpu_get_accel_fsr_3)
    mpu_get_accel_sens_1                     0x0800c859   Thumb Code    78  inv_mpu_1.o(i.mpu_get_accel_sens_1)
    mpu_get_accel_sens_2                     0x0800c8ad   Thumb Code    78  inv_mpu_2.o(i.mpu_get_accel_sens_2)
    mpu_get_accel_sens_3                     0x0800c901   Thumb Code    78  inv_mpu_3.o(i.mpu_get_accel_sens_3)
    mpu_get_fifo_config_1                    0x0800c955   Thumb Code    12  inv_mpu_1.o(i.mpu_get_fifo_config_1)
    mpu_get_fifo_config_2                    0x0800c965   Thumb Code    12  inv_mpu_2.o(i.mpu_get_fifo_config_2)
    mpu_get_fifo_config_3                    0x0800c975   Thumb Code    12  inv_mpu_3.o(i.mpu_get_fifo_config_3)
    mpu_get_gyro_fsr_1                       0x0800c985   Thumb Code    64  inv_mpu_1.o(i.mpu_get_gyro_fsr_1)
    mpu_get_gyro_fsr_2                       0x0800c9c9   Thumb Code    64  inv_mpu_2.o(i.mpu_get_gyro_fsr_2)
    mpu_get_gyro_fsr_3                       0x0800ca0d   Thumb Code    64  inv_mpu_3.o(i.mpu_get_gyro_fsr_3)
    mpu_get_gyro_sens_1                      0x0800ca51   Thumb Code    74  inv_mpu_1.o(i.mpu_get_gyro_sens_1)
    mpu_get_gyro_sens_2                      0x0800cab1   Thumb Code    74  inv_mpu_2.o(i.mpu_get_gyro_sens_2)
    mpu_get_gyro_sens_3                      0x0800cb11   Thumb Code    74  inv_mpu_3.o(i.mpu_get_gyro_sens_3)
    mpu_get_lpf_1                            0x0800cb71   Thumb Code    74  inv_mpu_1.o(i.mpu_get_lpf_1)
    mpu_get_lpf_2                            0x0800cbc1   Thumb Code    74  inv_mpu_2.o(i.mpu_get_lpf_2)
    mpu_get_lpf_3                            0x0800cc11   Thumb Code    74  inv_mpu_3.o(i.mpu_get_lpf_3)
    mpu_get_sample_rate_1                    0x0800cc61   Thumb Code    26  inv_mpu_1.o(i.mpu_get_sample_rate_1)
    mpu_get_sample_rate_2                    0x0800cc81   Thumb Code    26  inv_mpu_2.o(i.mpu_get_sample_rate_2)
    mpu_get_sample_rate_3                    0x0800cca1   Thumb Code    26  inv_mpu_3.o(i.mpu_get_sample_rate_3)
    mpu_init_1                               0x0800ccc1   Thumb Code   416  inv_mpu_1.o(i.mpu_init_1)
    mpu_init_2                               0x0800ceb1   Thumb Code   416  inv_mpu_2.o(i.mpu_init_2)
    mpu_init_3                               0x0800d0a1   Thumb Code   416  inv_mpu_3.o(i.mpu_init_3)
    mpu_load_firmware_1                      0x0800d291   Thumb Code   180  inv_mpu_1.o(i.mpu_load_firmware_1)
    mpu_load_firmware_2                      0x0800d349   Thumb Code   180  inv_mpu_2.o(i.mpu_load_firmware_2)
    mpu_load_firmware_3                      0x0800d401   Thumb Code   180  inv_mpu_3.o(i.mpu_load_firmware_3)
    mpu_lp_accel_mode_1                      0x0800d4b9   Thumb Code   218  inv_mpu_1.o(i.mpu_lp_accel_mode_1)
    mpu_lp_accel_mode_2                      0x0800d599   Thumb Code   218  inv_mpu_2.o(i.mpu_lp_accel_mode_2)
    mpu_lp_accel_mode_3                      0x0800d679   Thumb Code   218  inv_mpu_3.o(i.mpu_lp_accel_mode_3)
    mpu_read_fifo_0_stream                   0x0800d759   Thumb Code   186  inv_mpu_0.o(i.mpu_read_fifo_0_stream)
    mpu_read_fifo_1_stream                   0x0800d819   Thumb Code   186  inv_mpu_1.o(i.mpu_read_fifo_1_stream)
    mpu_read_fifo_2_stream                   0x0800d8d9   Thumb Code   186  inv_mpu_2.o(i.mpu_read_fifo_2_stream)
    mpu_read_fifo_3_stream                   0x0800d999   Thumb Code   186  inv_mpu_3.o(i.mpu_read_fifo_3_stream)
    mpu_read_mem_1                           0x0800da59   Thumb Code   122  inv_mpu_1.o(i.mpu_read_mem_1)
    mpu_read_mem_2                           0x0800dad9   Thumb Code   122  inv_mpu_2.o(i.mpu_read_mem_2)
    mpu_read_mem_3                           0x0800db59   Thumb Code   122  inv_mpu_3.o(i.mpu_read_mem_3)
    mpu_reset_fifo_0                         0x0800dbd9   Thumb Code   450  inv_mpu_0.o(i.mpu_reset_fifo_0)
    mpu_reset_fifo_1                         0x0800dda1   Thumb Code   450  inv_mpu_1.o(i.mpu_reset_fifo_1)
    mpu_reset_fifo_2                         0x0800df69   Thumb Code   450  inv_mpu_2.o(i.mpu_reset_fifo_2)
    mpu_reset_fifo_3                         0x0800e131   Thumb Code   450  inv_mpu_3.o(i.mpu_reset_fifo_3)
    mpu_run_self_test_1                      0x0800e2f9   Thumb Code   278  inv_mpu_1.o(i.mpu_run_self_test_1)
    mpu_run_self_test_2                      0x0800e415   Thumb Code   278  inv_mpu_2.o(i.mpu_run_self_test_2)
    mpu_run_self_test_3                      0x0800e531   Thumb Code   278  inv_mpu_3.o(i.mpu_run_self_test_3)
    mpu_set_accel_fsr_1                      0x0800e64d   Thumb Code   126  inv_mpu_1.o(i.mpu_set_accel_fsr_1)
    mpu_set_accel_fsr_2                      0x0800e6d1   Thumb Code   126  inv_mpu_2.o(i.mpu_set_accel_fsr_2)
    mpu_set_accel_fsr_3                      0x0800e755   Thumb Code   126  inv_mpu_3.o(i.mpu_set_accel_fsr_3)
    mpu_set_bypass_1                         0x0800e7d9   Thumb Code   328  inv_mpu_1.o(i.mpu_set_bypass_1)
    mpu_set_bypass_2                         0x0800e925   Thumb Code   328  inv_mpu_2.o(i.mpu_set_bypass_2)
    mpu_set_bypass_3                         0x0800ea71   Thumb Code   328  inv_mpu_3.o(i.mpu_set_bypass_3)
    mpu_set_dmp_state_1                      0x0800ebbd   Thumb Code   138  inv_mpu_1.o(i.mpu_set_dmp_state_1)
    mpu_set_dmp_state_2                      0x0800ec4d   Thumb Code   138  inv_mpu_2.o(i.mpu_set_dmp_state_2)
    mpu_set_dmp_state_3                      0x0800ecdd   Thumb Code   138  inv_mpu_3.o(i.mpu_set_dmp_state_3)
    mpu_set_gyro_fsr_1                       0x0800ed6d   Thumb Code   132  inv_mpu_1.o(i.mpu_set_gyro_fsr_1)
    mpu_set_gyro_fsr_2                       0x0800edf5   Thumb Code   132  inv_mpu_2.o(i.mpu_set_gyro_fsr_2)
    mpu_set_gyro_fsr_3                       0x0800ee7d   Thumb Code   132  inv_mpu_3.o(i.mpu_set_gyro_fsr_3)
    mpu_set_int_latched_1                    0x0800ef05   Thumb Code   102  inv_mpu_1.o(i.mpu_set_int_latched_1)
    mpu_set_int_latched_2                    0x0800ef71   Thumb Code   102  inv_mpu_2.o(i.mpu_set_int_latched_2)
    mpu_set_int_latched_3                    0x0800efdd   Thumb Code   102  inv_mpu_3.o(i.mpu_set_int_latched_3)
    mpu_set_lpf_1                            0x0800f049   Thumb Code   126  inv_mpu_1.o(i.mpu_set_lpf_1)
    mpu_set_lpf_2                            0x0800f0cd   Thumb Code   126  inv_mpu_2.o(i.mpu_set_lpf_2)
    mpu_set_lpf_3                            0x0800f151   Thumb Code   126  inv_mpu_3.o(i.mpu_set_lpf_3)
    mpu_set_sample_rate_1                    0x0800f1d5   Thumb Code   152  inv_mpu_1.o(i.mpu_set_sample_rate_1)
    mpu_set_sample_rate_2                    0x0800f271   Thumb Code   152  inv_mpu_2.o(i.mpu_set_sample_rate_2)
    mpu_set_sample_rate_3                    0x0800f30d   Thumb Code   152  inv_mpu_3.o(i.mpu_set_sample_rate_3)
    mpu_set_sensors_1                        0x0800f3a9   Thumb Code   202  inv_mpu_1.o(i.mpu_set_sensors_1)
    mpu_set_sensors_2                        0x0800f479   Thumb Code   202  inv_mpu_2.o(i.mpu_set_sensors_2)
    mpu_set_sensors_3                        0x0800f549   Thumb Code   202  inv_mpu_3.o(i.mpu_set_sensors_3)
    mpu_write_mem_1                          0x0800f619   Thumb Code   122  inv_mpu_1.o(i.mpu_write_mem_1)
    mpu_write_mem_2                          0x0800f699   Thumb Code   122  inv_mpu_2.o(i.mpu_write_mem_2)
    mpu_write_mem_3                          0x0800f719   Thumb Code   122  inv_mpu_3.o(i.mpu_write_mem_3)
    pvPortMalloc                             0x08010299   Thumb Code   262  heap_4.o(i.pvPortMalloc)
    pvTaskIncrementMutexHeldCount            0x080103ed   Thumb Code    26  tasks.o(i.pvTaskIncrementMutexHeldCount)
    pxPortInitialiseStack                    0x0801040d   Thumb Code    38  port.o(i.pxPortInitialiseStack)
    run_self_test_1                          0x08010439   Thumb Code   154  inv_mpu_1.o(i.run_self_test_1)
    run_self_test_2                          0x080104d3   Thumb Code   154  inv_mpu_2.o(i.run_self_test_2)
    run_self_test_3                          0x0801056d   Thumb Code   154  inv_mpu_3.o(i.run_self_test_3)
    sendPackage                              0x08010609   Thumb Code   114  ads1299.o(i.sendPackage)
    setDev                                   0x08010689   Thumb Code   196  ads1299.o(i.setDev)
    sqrt                                     0x080108fd   Thumb Code   106  sqrt.o(i.sqrt)
    startDev                                 0x08010969   Thumb Code    36  ads1299.o(i.startDev)
    start_task                               0x08010991   Thumb Code    86  main.o(i.start_task)
    uart3_init                               0x08010a25   Thumb Code    34  usart.o(i.uart3_init)
    uart_init                                0x08010a51   Thumb Code    44  usart.o(i.uart_init)
    usart3_Report                            0x08010a89   Thumb Code   102  imucollecting.o(i.usart3_Report)
    usart3_SendPackage                       0x08010af5   Thumb Code    38  imucollecting.o(i.usart3_SendPackage)
    uxListRemove                             0x08010b21   Thumb Code    40  list.o(i.uxListRemove)
    vListInitialise                          0x08010b49   Thumb Code    26  list.o(i.vListInitialise)
    vListInitialiseItem                      0x08010b63   Thumb Code     6  list.o(i.vListInitialiseItem)
    vListInsert                              0x08010b69   Thumb Code    52  list.o(i.vListInsert)
    vListInsertEnd                           0x08010b9d   Thumb Code    24  list.o(i.vListInsertEnd)
    vPortEnterCritical                       0x08010bb5   Thumb Code    72  port.o(i.vPortEnterCritical)
    vPortExitCritical                        0x08010c45   Thumb Code    48  port.o(i.vPortExitCritical)
    vPortFree                                0x08010cb9   Thumb Code   120  heap_4.o(i.vPortFree)
    vPortSetupTimerInterrupt                 0x08010d71   Thumb Code    26  port.o(i.vPortSetupTimerInterrupt)
    vPortValidateInterruptPriority           0x08010d91   Thumb Code    86  port.o(i.vPortValidateInterruptPriority)
    vQueueAddToRegistry                      0x08010e35   Thumb Code    38  queue.o(i.vQueueAddToRegistry)
    vQueueWaitForMessageRestricted           0x08010e61   Thumb Code    74  queue.o(i.vQueueWaitForMessageRestricted)
    vTaskDelay                               0x08010ead   Thumb Code    72  tasks.o(i.vTaskDelay)
    vTaskDelete                              0x08010f21   Thumb Code   192  tasks.o(i.vTaskDelete)
    vTaskMissedYield                         0x0801102d   Thumb Code     8  tasks.o(i.vTaskMissedYield)
    vTaskPlaceOnEventList                    0x08011039   Thumb Code    42  tasks.o(i.vTaskPlaceOnEventList)
    vTaskPlaceOnEventListRestricted          0x0801108d   Thumb Code    50  tasks.o(i.vTaskPlaceOnEventListRestricted)
    vTaskPriorityInherit                     0x080110e9   Thumb Code   164  tasks.o(i.vTaskPriorityInherit)
    vTaskSetTimeOutState                     0x08011199   Thumb Code    32  tasks.o(i.vTaskSetTimeOutState)
    vTaskStartScheduler                      0x080111e5   Thumb Code   112  tasks.o(i.vTaskStartScheduler)
    vTaskSuspendAll                          0x08011295   Thumb Code    12  tasks.o(i.vTaskSuspendAll)
    vTaskSwitchContext                       0x080112a5   Thumb Code   110  tasks.o(i.vTaskSwitchContext)
    xPortStartScheduler                      0x0801134d   Thumb Code   192  port.o(i.xPortStartScheduler)
    xPortSysTickHandler                      0x08011465   Thumb Code    50  port.o(i.xPortSysTickHandler)
    xQueueGenericCreate                      0x0801149d   Thumb Code    78  queue.o(i.xQueueGenericCreate)
    xQueueGenericReceive                     0x08011511   Thumb Code   416  queue.o(i.xQueueGenericReceive)
    xQueueGenericReset                       0x080116d9   Thumb Code   136  queue.o(i.xQueueGenericReset)
    xQueueGenericSend                        0x08011789   Thumb Code   412  queue.o(i.xQueueGenericSend)
    xQueueGenericSendFromISR                 0x0801194d   Thumb Code   238  queue.o(i.xQueueGenericSendFromISR)
    xTaskCheckForTimeOut                     0x08011a61   Thumb Code   116  tasks.o(i.xTaskCheckForTimeOut)
    xTaskCreate                              0x08011b01   Thumb Code    96  tasks.o(i.xTaskCreate)
    xTaskGetSchedulerState                   0x08011b61   Thumb Code    24  tasks.o(i.xTaskGetSchedulerState)
    xTaskGetTickCount                        0x08011b81   Thumb Code     6  tasks.o(i.xTaskGetTickCount)
    xTaskIncrementTick                       0x08011b8d   Thumb Code   272  tasks.o(i.xTaskIncrementTick)
    xTaskPriorityDisinherit                  0x08011ced   Thumb Code   168  tasks.o(i.xTaskPriorityDisinherit)
    xTaskRemoveFromEventList                 0x08011dc5   Thumb Code   118  tasks.o(i.xTaskRemoveFromEventList)
    xTaskResumeAll                           0x08011e79   Thumb Code   214  tasks.o(i.xTaskResumeAll)
    xTimerCreateTimerTask                    0x08011f99   Thumb Code    56  timers.o(i.xTimerCreateTimerTask)
    xTimerGenericCommand                     0x0801200d   Thumb Code   118  timers.o(i.xTimerGenericCommand)
    AHBPrescTable                            0x080120b0   Data          16  system_stm32f7xx.o(.constdata)
    APBPrescTable                            0x080120c0   Data           8  system_stm32f7xx.o(.constdata)
    reg_0                                    0x080120d0   Data          27  inv_mpu_0.o(.constdata)
    hw_0                                     0x080120ec   Data          12  inv_mpu_0.o(.constdata)
    test_0                                   0x080120f8   Data          40  inv_mpu_0.o(.constdata)
    reg_1                                    0x08012120   Data          27  inv_mpu_1.o(.constdata)
    hw_1                                     0x0801213c   Data          12  inv_mpu_1.o(.constdata)
    test_1                                   0x08012148   Data          40  inv_mpu_1.o(.constdata)
    reg_2                                    0x08012170   Data          27  inv_mpu_2.o(.constdata)
    hw_2                                     0x0801218c   Data          12  inv_mpu_2.o(.constdata)
    test_2                                   0x08012198   Data          40  inv_mpu_2.o(.constdata)
    reg_3                                    0x080121c0   Data          27  inv_mpu_3.o(.constdata)
    hw_3                                     0x080121dc   Data          12  inv_mpu_3.o(.constdata)
    test_3                                   0x080121e8   Data          40  inv_mpu_3.o(.constdata)
    __mathlib_zero                           0x080146e0   Data           8  qnan.o(.constdata)
    Region$$Table$$Base                      0x08014738   Number         0  anon$$obj.o(Region$$Table)
    Region$$Table$$Limit                     0x08014758   Number         0  anon$$obj.o(Region$$Table)
    index_plnf                               0x20020000   Data           4  main.o(.data)
    temp                                     0x20020004   Data           2  main.o(.data)
    Start_Task_Handler                       0x20020008   Data           4  main.o(.data)
    US_Task_Handler                          0x2002000c   Data           4  main.o(.data)
    EMG_Task_Handler                         0x20020010   Data           4  main.o(.data)
    IMU_Task_Handler                         0x20020014   Data           4  main.o(.data)
    SystemCoreClock                          0x20020018   Data           4  system_stm32f7xx.o(.data)
    uwTick                                   0x2002001c   Data           4  stm32f7xx_hal.o(.data)
    __stdout                                 0x20020028   Data           4  usart.o(.data)
    USART_RX_STA                             0x2002002c   Data           2  usart.o(.data)
    aRxBuffer                                0x2002002e   Data           1  usart.o(.data)
    USART3_RX_STA                            0x20020030   Data           2  usart.o(.data)
    aRxBuffer3                               0x20020032   Data           1  usart.o(.data)
    Ch_Flag                                  0x20020033   Data           1  timer.o(.data)
    EMG_Package                              0x20020034   Data           8  ads1299.o(.data)
    mask                                     0x2002003c   Data           8  ads1299.o(.data)
    Package_Number                           0x20020044   Data           1  ads1299.o(.data)
    sum_emgdata                              0x20020045   Data           1  ads1299.o(.data)
    link_no                                  0x20020126   Data           1  wifi.o(.data)
    status                                   0x20020128   Data           2  wifi.o(.data)
    pxCurrentTCB                             0x2002012c   Data           4  tasks.o(.data)
    plnf                                     0x200201d0   Data        1328  main.o(.bss)
    USART_RX_BUF                             0x20020700   Data         200  usart.o(.bss)
    UART2_Handler                            0x200207c8   Data         112  usart.o(.bss)
    USART3_RX_BUF                            0x20020838   Data         200  usart.o(.bss)
    UART3_Handler                            0x20020900   Data         112  usart.o(.bss)
    FIFO_buffer                              0x20020970   Data        1000  adc.o(.bss)
    DMA_Init_Handle                          0x20020d58   Data          96  adc.o(.bss)
    ADC_Handle                               0x20020db8   Data          72  adc.o(.bss)
    ADC_Config                               0x20020e00   Data          16  adc.o(.bss)
    DAC1_Handler                             0x20020e10   Data          20  dac.o(.bss)
    DAC2_Handler                             0x20020e24   Data          20  dac.o(.bss)
    TIM3_Handler                             0x20020e38   Data          60  timer.o(.bss)
    ADS1299_Data2                            0x20020e74   Data          36  ads1299.o(.bss)
    EMG_Data2                                0x20020e98   Data          16  ads1299.o(.bss)
    send_buf                                 0x20020ea8   Data          32  imucollecting.o(.bss)
    tbuf                                     0x20020ec8   Data          18  imucollecting.o(.bss)
    hspi                                     0x20020f1c   Data         100  m8266hostif_stm32xx.o(.bss)
    xQueueRegistry                           0x20020f80   Data          64  queue.o(.bss)
    __initial_sp                             0x2002cf10   Data           0  startup_stm32f767xx.o(STACK)



==============================================================================

Memory Map of the image

  Image Entry point : 0x080001f9

  Load Region LR_IROM1 (Base: 0x08000000, Size: 0x00014928, Max: 0x00200000, ABSOLUTE, COMPRESSED[0x000147b0])

    Execution Region ER_IROM1 (Base: 0x08000000, Size: 0x00014758, Max: 0x00200000, ABSOLUTE)

    Base Addr    Size         Type   Attr      Idx    E Section Name        Object

    0x08000000   0x000001f8   Data   RO          673    RESET               startup_stm32f767xx.o
    0x080001f8   0x00000000   Code   RO        15479  * .ARM.Collect$$$$00000000  mc_w.l(entry.o)
    0x080001f8   0x00000004   Code   RO        15840    .ARM.Collect$$$$00000001  mc_w.l(entry2.o)
    0x080001fc   0x00000004   Code   RO        15843    .ARM.Collect$$$$00000004  mc_w.l(entry5.o)
    0x08000200   0x00000000   Code   RO        15845    .ARM.Collect$$$$00000008  mc_w.l(entry7b.o)
    0x08000200   0x00000000   Code   RO        15847    .ARM.Collect$$$$0000000A  mc_w.l(entry8b.o)
    0x08000200   0x00000008   Code   RO        15848    .ARM.Collect$$$$0000000B  mc_w.l(entry9a.o)
    0x08000208   0x00000000   Code   RO        15850    .ARM.Collect$$$$0000000D  mc_w.l(entry10a.o)
    0x08000208   0x00000000   Code   RO        15852    .ARM.Collect$$$$0000000F  mc_w.l(entry11a.o)
    0x08000208   0x00000004   Code   RO        15841    .ARM.Collect$$$$00002712  mc_w.l(entry2.o)
    0x0800020c   0x000000ba   Code   RO        15087    .emb_text           port.o
    0x080002c6   0x00000002   PAD
    0x080002c8   0x00000024   Code   RO          674    .text               startup_stm32f767xx.o
    0x080002ec   0x00000062   Code   RO        15482    .text               mc_w.l(uldiv.o)
    0x0800034e   0x00000062   Code   RO        15484    .text               mc_w.l(ldiv.o)
    0x080003b0   0x00000024   Code   RO        15486    .text               mc_w.l(memcpya.o)
    0x080003d4   0x00000024   Code   RO        15488    .text               mc_w.l(memseta.o)
    0x080003f8   0x0000001c   Code   RO        15492    .text               mc_w.l(strcmp.o)
    0x08000414   0x0000001a   Code   RO        15494    .text               mc_w.l(memcmp.o)
    0x0800042e   0x0000002c   Code   RO        15854    .text               mc_w.l(uidiv.o)
    0x0800045a   0x0000001e   Code   RO        15856    .text               mc_w.l(llshl.o)
    0x08000478   0x00000020   Code   RO        15858    .text               mc_w.l(llushr.o)
    0x08000498   0x00000000   Code   RO        15869    .text               mc_w.l(iusefp.o)
    0x08000498   0x0000014e   Code   RO        15870    .text               mf_w.l(dadd.o)
    0x080005e6   0x000000e4   Code   RO        15872    .text               mf_w.l(dmul.o)
    0x080006ca   0x000000de   Code   RO        15874    .text               mf_w.l(ddiv.o)
    0x080007a8   0x00000030   Code   RO        15876    .text               mf_w.l(dfixul.o)
    0x080007d8   0x00000030   Code   RO        15878    .text               mf_w.l(cdrcmple.o)
    0x08000808   0x00000024   Code   RO        15880    .text               mc_w.l(init.o)
    0x0800082c   0x00000024   Code   RO        15882    .text               mc_w.l(llsshr.o)
    0x08000850   0x000000ba   Code   RO        15884    .text               mf_w.l(depilogue.o)
    0x0800090a   0x00000056   Code   RO        15894    .text               mc_w.l(__dczerorl2.o)
    0x08000960   0x0000006e   Code   RO          852    i.ADC_DMAConvCplt   stm32f7xx_hal_adc.o
    0x080009ce   0x0000001a   Code   RO          853    i.ADC_DMAError      stm32f7xx_hal_adc.o
    0x080009e8   0x0000000e   Code   RO          854    i.ADC_DMAHalfConvCplt  stm32f7xx_hal_adc.o
    0x080009f6   0x00000002   PAD
    0x080009f8   0x00000178   Code   RO          855    i.ADC_Init          stm32f7xx_hal_adc.o
    0x08000b70   0x000000f8   Code   RO        11194    i.ADS1299Init       ads1299.o
    0x08000c68   0x00000064   Code   RO        11195    i.ADS1299_RDATAC    ads1299.o
    0x08000ccc   0x00000088   Code   RO        11196    i.ADS1299_READ      ads1299.o
    0x08000d54   0x000000fc   Code   RO        11197    i.ADS1299_RREG      ads1299.o
    0x08000e50   0x00000064   Code   RO        11198    i.ADS1299_SDATAC    ads1299.o
    0x08000eb4   0x00000034   Code   RO        11199    i.ADS1299_START_PIN  ads1299.o
    0x08000ee8   0x00000128   Code   RO        11200    i.ADS1299_WREG      ads1299.o
    0x08001010   0x0000005c   Code   RO        10836    i.ALL_CH_HZ         pulser.o
    0x0800106c   0x0000009c   Code   RO        10800    i.BF_IO_Init        bf.o
    0x08001108   0x000000ac   Code   RO        10801    i.BF_Init           bf.o
    0x080011b4   0x00000120   Code   RO        10802    i.BF_Write          bf.o
    0x080012d4   0x00000004   Code   RO          459    i.BusFault_Handler  stm32f7xx_it.o
    0x080012d8   0x00000050   Code   RO        10837    i.CH_RX             pulser.o
    0x08001328   0x00000080   Code   RO        10838    i.CH_TX             pulser.o
    0x080013a8   0x00000054   Code   RO        10878    i.DAC_Init          dac.o
    0x080013fc   0x00000074   Code   RO        10879    i.DAC_Set_Vol       dac.o
    0x08001470   0x00000034   Code   RO         2439    i.DMA_CalcBaseAndBitshift  stm32f7xx_hal_dma.o
    0x080014a4   0x000000ba   Code   RO         2440    i.DMA_CheckFifoParam  stm32f7xx_hal_dma.o
    0x0800155e   0x0000002c   Code   RO         2441    i.DMA_SetConfig     stm32f7xx_hal_dma.o
    0x0800158a   0x00000002   Code   RO          460    i.DebugMon_Handler  stm32f7xx_it.o
    0x0800158c   0x0000002c   Code   RO            4    i.EMG_task          main.o
    0x080015b8   0x0000000c   Code   RO        11065    i.EXTI15_10_IRQHandler  exti.o
    0x080015c4   0x0000000c   Code   RO        11066    i.EXTI9_5_IRQHandler  exti.o
    0x080015d0   0x00000098   Code   RO        11067    i.EXTI_Init         exti.o
    0x08001668   0x00000028   Code   RO        10754    i.FIFO_read         adc.o
    0x08001690   0x00000086   Code   RO        11319    i.GetMPUData        imucollecting.o
    0x08001716   0x00000002   PAD
    0x08001718   0x000001b4   Code   RO          857    i.HAL_ADC_ConfigChannel  stm32f7xx_hal_adc.o
    0x080018cc   0x00000002   Code   RO          858    i.HAL_ADC_ConvCpltCallback  stm32f7xx_hal_adc.o
    0x080018ce   0x00000002   Code   RO          859    i.HAL_ADC_ConvHalfCpltCallback  stm32f7xx_hal_adc.o
    0x080018d0   0x00000002   Code   RO          861    i.HAL_ADC_ErrorCallback  stm32f7xx_hal_adc.o
    0x080018d2   0x00000002   PAD
    0x080018d4   0x00000068   Code   RO          866    i.HAL_ADC_Init      stm32f7xx_hal_adc.o
    0x0800193c   0x00000002   Code   RO          869    i.HAL_ADC_MspInit   stm32f7xx_hal_adc.o
    0x0800193e   0x00000002   PAD
    0x08001940   0x00000148   Code   RO          873    i.HAL_ADC_Start_DMA  stm32f7xx_hal_adc.o
    0x08001a88   0x0000005a   Code   RO         1632    i.HAL_DAC_ConfigChannel  stm32f7xx_hal_dac.o
    0x08001ae2   0x00000028   Code   RO         1642    i.HAL_DAC_Init      stm32f7xx_hal_dac.o
    0x08001b0a   0x00000002   PAD
    0x08001b0c   0x00000068   Code   RO        10880    i.HAL_DAC_MspInit   dac.o
    0x08001b74   0x0000002c   Code   RO         1645    i.HAL_DAC_SetValue  stm32f7xx_hal_dac.o
    0x08001ba0   0x0000008c   Code   RO         1646    i.HAL_DAC_Start     stm32f7xx_hal_dac.o
    0x08001c2c   0x00000028   Code   RO         2443    i.HAL_DMA_Abort_IT  stm32f7xx_hal_dma.o
    0x08001c54   0x000000e8   Code   RO         2448    i.HAL_DMA_Init      stm32f7xx_hal_dma.o
    0x08001d3c   0x00000066   Code   RO         2451    i.HAL_DMA_Start     stm32f7xx_hal_dma.o
    0x08001da2   0x0000009e   Code   RO         2452    i.HAL_DMA_Start_IT  stm32f7xx_hal_dma.o
    0x08001e40   0x00000058   Code   RO        11068    i.HAL_GPIO_EXTI_Callback  exti.o
    0x08001e98   0x0000001c   Code   RO         3223    i.HAL_GPIO_EXTI_IRQHandler  stm32f7xx_hal_gpio.o
    0x08001eb4   0x00000218   Code   RO         3224    i.HAL_GPIO_Init     stm32f7xx_hal_gpio.o
    0x080020cc   0x00000010   Code   RO         3226    i.HAL_GPIO_ReadPin  stm32f7xx_hal_gpio.o
    0x080020dc   0x00000008   Code   RO         3227    i.HAL_GPIO_TogglePin  stm32f7xx_hal_gpio.o
    0x080020e4   0x0000000c   Code   RO         3228    i.HAL_GPIO_WritePin  stm32f7xx_hal_gpio.o
    0x080020f0   0x0000000c   Code   RO          698    i.HAL_GetTick       stm32f7xx_hal.o
    0x080020fc   0x00000010   Code   RO          699    i.HAL_IncTick       stm32f7xx_hal.o
    0x0800210c   0x00000028   Code   RO          700    i.HAL_Init          stm32f7xx_hal.o
    0x08002134   0x00000028   Code   RO          701    i.HAL_InitTick      stm32f7xx_hal.o
    0x0800215c   0x00000002   Code   RO          423    i.HAL_MspInit       stm32f7xx_hal_msp.o
    0x0800215e   0x0000001a   Code   RO         1362    i.HAL_NVIC_EnableIRQ  stm32f7xx_hal_cortex.o
    0x08002178   0x0000007c   Code   RO         1368    i.HAL_NVIC_SetPriority  stm32f7xx_hal_cortex.o
    0x080021f4   0x00000028   Code   RO         1369    i.HAL_NVIC_SetPriorityGrouping  stm32f7xx_hal_cortex.o
    0x0800221c   0x00000090   Code   RO         6035    i.HAL_PWREx_EnableOverDrive  stm32f7xx_hal_pwr_ex.o
    0x080022ac   0x000001b4   Code   RO         6378    i.HAL_RCC_ClockConfig  stm32f7xx_hal_rcc.o
    0x08002460   0x0000000c   Code   RO         6383    i.HAL_RCC_GetHCLKFreq  stm32f7xx_hal_rcc.o
    0x0800246c   0x0000002c   Code   RO         6385    i.HAL_RCC_GetPCLK1Freq  stm32f7xx_hal_rcc.o
    0x08002498   0x0000002c   Code   RO         6386    i.HAL_RCC_GetPCLK2Freq  stm32f7xx_hal_rcc.o
    0x080024c4   0x000000b4   Code   RO         6387    i.HAL_RCC_GetSysClockFreq  stm32f7xx_hal_rcc.o
    0x08002578   0x000004d0   Code   RO         6482    i.HAL_RCC_OscConfig  stm32f7xx_hal_rcc_ex.o
    0x08002a48   0x000000d8   Code   RO         8104    i.HAL_SPI_Init      stm32f7xx_hal_spi.o
    0x08002b20   0x00000002   Code   RO         8106    i.HAL_SPI_MspInit   stm32f7xx_hal_spi.o
    0x08002b22   0x00000028   Code   RO         1371    i.HAL_SYSTICK_CLKSourceConfig  stm32f7xx_hal_cortex.o
    0x08002b4a   0x00000034   Code   RO         1373    i.HAL_SYSTICK_Config  stm32f7xx_hal_cortex.o
    0x08002b7e   0x00000002   Code   RO         9170    i.HAL_TIMEx_BreakCallback  stm32f7xx_hal_tim_ex.o
    0x08002b80   0x00000002   Code   RO         9171    i.HAL_TIMEx_CommutationCallback  stm32f7xx_hal_tim_ex.o
    0x08002b82   0x0000002e   Code   RO         8527    i.HAL_TIM_Base_Init  stm32f7xx_hal_tim.o
    0x08002bb0   0x00000044   Code   RO        10920    i.HAL_TIM_Base_MspInit  timer.o
    0x08002bf4   0x0000001e   Code   RO         8532    i.HAL_TIM_Base_Start_IT  stm32f7xx_hal_tim.o
    0x08002c12   0x00000038   Code   RO         8535    i.HAL_TIM_Base_Stop_IT  stm32f7xx_hal_tim.o
    0x08002c4a   0x00000002   Code   RO         8556    i.HAL_TIM_IC_CaptureCallback  stm32f7xx_hal_tim.o
    0x08002c4c   0x000001b8   Code   RO         8569    i.HAL_TIM_IRQHandler  stm32f7xx_hal_tim.o
    0x08002e04   0x00000002   Code   RO         8572    i.HAL_TIM_OC_DelayElapsedCallback  stm32f7xx_hal_tim.o
    0x08002e06   0x00000002   Code   RO         8599    i.HAL_TIM_PWM_PulseFinishedCallback  stm32f7xx_hal_tim.o
    0x08002e08   0x00000018   Code   RO        10921    i.HAL_TIM_PeriodElapsedCallback  timer.o
    0x08002e20   0x00000002   Code   RO         8610    i.HAL_TIM_TriggerCallback  stm32f7xx_hal_tim.o
    0x08002e22   0x00000002   Code   RO         9464    i.HAL_UART_ErrorCallback  stm32f7xx_hal_uart.o
    0x08002e24   0x00000014   Code   RO         9466    i.HAL_UART_GetState  stm32f7xx_hal_uart.o
    0x08002e38   0x0000015c   Code   RO         9467    i.HAL_UART_IRQHandler  stm32f7xx_hal_uart.o
    0x08002f94   0x00000078   Code   RO         9468    i.HAL_UART_Init     stm32f7xx_hal_uart.o
    0x0800300c   0x00000124   Code   RO        10674    i.HAL_UART_MspInit  usart.o
    0x08003130   0x00000112   Code   RO         9471    i.HAL_UART_Receive  stm32f7xx_hal_uart.o
    0x08003242   0x000000c8   Code   RO         9473    i.HAL_UART_Receive_IT  stm32f7xx_hal_uart.o
    0x0800330a   0x00000002   PAD
    0x0800330c   0x00000088   Code   RO        10675    i.HAL_UART_RxCpltCallback  usart.o
    0x08003394   0x000000c6   Code   RO         9476    i.HAL_UART_Transmit  stm32f7xx_hal_uart.o
    0x0800345a   0x00000002   Code   RO         9479    i.HAL_UART_TxCpltCallback  stm32f7xx_hal_uart.o
    0x0800345c   0x00000004   Code   RO          461    i.HardFault_Handler  stm32f7xx_it.o
    0x08003460   0x000000bc   Code   RO        11320    i.IMUSendData       imucollecting.o
    0x0800351c   0x0000003e   Code   RO            5    i.IMU_task          main.o
    0x0800355a   0x00000002   PAD
    0x0800355c   0x00000048   Code   RO        13665    i.LED_Init          led.o
    0x080035a4   0x00000084   Code   RO        13755    i.M8266HostIf_GPIO_CS_RESET_Init  m8266hostif_stm32xx.o
    0x08003628   0x0000000c   Code   RO        13756    i.M8266HostIf_Init  m8266hostif_stm32xx.o
    0x08003634   0x00000068   Code   RO        15236    i.M8266HostIf_SPI_DMA_StartReceiveSendData  M8266WIFIDrv_STM32F7xx.lib(m8266wifidrv.o)
    0x0800369c   0x000000c8   Code   RO        13757    i.M8266HostIf_SPI_Init  m8266hostif_stm32xx.o
    0x08003764   0x000000e0   Code   RO        15237    i.M8266HostIf_SPI_Select  M8266WIFIDrv_STM32F7xx.lib(m8266wifidrv.o)
    0x08003844   0x00000048   Code   RO        13759    i.M8266HostIf_SPI_SetSpeed  m8266hostif_stm32xx.o
    0x0800388c   0x0000001c   Code   RO        15238    i.M8266HostIf_SPI_rrs  M8266WIFIDrv_STM32F7xx.lib(m8266wifidrv.o)
    0x080038a8   0x00000044   Code   RO        15239    i.M8266HostIf_SPI_wrs  M8266WIFIDrv_STM32F7xx.lib(m8266wifidrv.o)
    0x080038ec   0x0000001c   Code   RO        13760    i.M8266HostIf_Set_SPI_nCS_Pin  m8266hostif_stm32xx.o
    0x08003908   0x0000001c   Code   RO        13761    i.M8266HostIf_Set_nRESET_Pin  m8266hostif_stm32xx.o
    0x08003924   0x0000000c   Code   RO        13762    i.M8266HostIf_delay_us  m8266hostif_stm32xx.o
    0x08003930   0x00000038   Code   RO        13825    i.M8266WIFI_Module_Hardware_Reset  m8266wifi_ops.o
    0x08003968   0x0000012c   Code   RO        13826    i.M8266WIFI_Module_Init_Via_SPI  m8266wifi_ops.o
    0x08003a94   0x00000024   Code   RO        13827    i.M8266WIFI_Module_delay_ms  m8266wifi_ops.o
    0x08003ab8   0x000000ea   Code   RO        15241    i.M8266WIFI_SPI_Config_AP  M8266WIFIDrv_STM32F7xx.lib(m8266wifidrv.o)
    0x08003ba2   0x00000016   Code   RO        15244    i.M8266WIFI_SPI_Config_STA_Param  M8266WIFIDrv_STM32F7xx.lib(m8266wifidrv.o)
    0x08003bb8   0x000000aa   Code   RO        15251    i.M8266WIFI_SPI_Get_Module_Info  M8266WIFIDrv_STM32F7xx.lib(m8266wifidrv.o)
    0x08003c62   0x00000066   Code   RO        15252    i.M8266WIFI_SPI_Get_Opmode  M8266WIFIDrv_STM32F7xx.lib(m8266wifidrv.o)
    0x08003cc8   0x0000006e   Code   RO        15253    i.M8266WIFI_SPI_Get_STA_Connection_Status  M8266WIFIDrv_STM32F7xx.lib(m8266wifidrv.o)
    0x08003d36   0x0000007e   Code   RO        15255    i.M8266WIFI_SPI_Get_STA_IP_Addr  M8266WIFIDrv_STM32F7xx.lib(m8266wifidrv.o)
    0x08003db4   0x00000048   Code   RO        15257    i.M8266WIFI_SPI_Interface_Communication_OK  M8266WIFIDrv_STM32F7xx.lib(m8266wifidrv.o)
    0x08003dfc   0x00000062   Code   RO        15258    i.M8266WIFI_SPI_Interface_Communication_Stress_Test  M8266WIFIDrv_STM32F7xx.lib(m8266wifidrv.o)
    0x08003e5e   0x000000d6   Code   RO        15268    i.M8266WIFI_SPI_Query_Connection  M8266WIFIDrv_STM32F7xx.lib(m8266wifidrv.o)
    0x08003f34   0x00000174   Code   RO        15283    i.M8266WIFI_SPI_STA_Connect_Ap  M8266WIFIDrv_STM32F7xx.lib(m8266wifidrv.o)
    0x080040a8   0x0000013a   Code   RO        15284    i.M8266WIFI_SPI_STA_Connect_Ap_Old  M8266WIFIDrv_STM32F7xx.lib(m8266wifidrv.o)
    0x080041e2   0x00000098   Code   RO        15285    i.M8266WIFI_SPI_STA_Query_Current_SSID_And_RSSI  M8266WIFIDrv_STM32F7xx.lib(m8266wifidrv.o)
    0x0800427a   0x00000012   Code   RO        15287    i.M8266WIFI_SPI_Send_Data  M8266WIFIDrv_STM32F7xx.lib(m8266wifidrv.o)
    0x0800428c   0x0000008c   Code   RO        15288    i.M8266WIFI_SPI_Send_Data_Block  M8266WIFIDrv_STM32F7xx.lib(m8266wifidrv.o)
    0x08004318   0x0000008e   Code   RO        15290    i.M8266WIFI_SPI_Set_Opmode  M8266WIFIDrv_STM32F7xx.lib(m8266wifidrv.o)
    0x080043a6   0x0000008e   Code   RO        15293    i.M8266WIFI_SPI_Set_TcpServer_Auto_Discon_Timeout  M8266WIFIDrv_STM32F7xx.lib(m8266wifidrv.o)
    0x08004434   0x000001f4   Code   RO        15295    i.M8266WIFI_SPI_Setup_Connection  M8266WIFIDrv_STM32F7xx.lib(m8266wifidrv.o)
    0x08004628   0x00000016   Code   RO        15296    i.M8266WIFI_SPI_Slave_Has_Response  M8266WIFIDrv_STM32F7xx.lib(m8266wifidrv.o)
    0x0800463e   0x00000016   Code   RO        15301    i.M8266WIFI_SPI_TxdBuffer_Free  M8266WIFIDrv_STM32F7xx.lib(m8266wifidrv.o)
    0x08004654   0x000000ec   Code   RO        15304    i.M8266WIFI_SPI_capstp  M8266WIFIDrv_STM32F7xx.lib(m8266wifidrv.o)
    0x08004740   0x00000058   Code   RO        15305    i.M8266WIFI_SPI_csb  M8266WIFIDrv_STM32F7xx.lib(m8266wifidrv.o)
    0x08004798   0x00000020   Code   RO        15310    i.M8266WIFI_SPI_rra  M8266WIFIDrv_STM32F7xx.lib(m8266wifidrv.o)
    0x080047b8   0x00000080   Code   RO        15311    i.M8266WIFI_SPI_rru  M8266WIFIDrv_STM32F7xx.lib(m8266wifidrv.o)
    0x08004838   0x00000244   Code   RO        15315    i.M8266WIFI_SPI_sdfal  M8266WIFIDrv_STM32F7xx.lib(m8266wifidrv.o)
    0x08004a7c   0x00000124   Code   RO        15316    i.M8266WIFI_SPI_srh  M8266WIFIDrv_STM32F7xx.lib(m8266wifidrv.o)
    0x08004ba0   0x00000020   Code   RO        15317    i.M8266WIFI_SPI_ssa  M8266WIFIDrv_STM32F7xx.lib(m8266wifidrv.o)
    0x08004bc0   0x00000074   Code   RO        15318    i.M8266WIFI_SPI_ssb  M8266WIFIDrv_STM32F7xx.lib(m8266wifidrv.o)
    0x08004c34   0x00000064   Code   RO        15319    i.M8266WIFI_SPI_ssmd  M8266WIFIDrv_STM32F7xx.lib(m8266wifidrv.o)
    0x08004c98   0x0000004c   Code   RO        15320    i.M8266WIFI_SPI_ssu  M8266WIFIDrv_STM32F7xx.lib(m8266wifidrv.o)
    0x08004ce4   0x00000048   Code   RO        15321    i.M8266WIFI_SPI_ssud  M8266WIFIDrv_STM32F7xx.lib(m8266wifidrv.o)
    0x08004d2c   0x0000004c   Code   RO        15322    i.M8266WIFI_SPI_ssut  M8266WIFIDrv_STM32F7xx.lib(m8266wifidrv.o)
    0x08004d78   0x00000016   Code   RO        15323    i.M8266WIFI_SPI_tufs  M8266WIFIDrv_STM32F7xx.lib(m8266wifidrv.o)
    0x08004d8e   0x00000002   PAD
    0x08004d90   0x00000050   Code   RO        13828    i.M8266WIFI_SPI_wait_sta_connecting_to_ap_and_get_ip  m8266wifi_ops.o
    0x08004de0   0x0000003a   Code   RO        15325    i.M8266WIFI_SPI_wsbsbs1  M8266WIFIDrv_STM32F7xx.lib(m8266wifidrv.o)
    0x08004e1a   0x00000042   Code   RO        15327    i.M8266WIFI_SPI_wscbf  M8266WIFIDrv_STM32F7xx.lib(m8266wifidrv.o)
    0x08004e5c   0x0000004c   Code   RO        15328    i.M8266WIFI_SPI_wscr  M8266WIFIDrv_STM32F7xx.lib(m8266wifidrv.o)
    0x08004ea8   0x00000054   Code   RO        15330    i.M8266WIFI_SPI_wspss  M8266WIFIDrv_STM32F7xx.lib(m8266wifidrv.o)
    0x08004efc   0x00000040   Code   RO        15335    i.M8266WIFI_Wait_SPI_sfad  M8266WIFIDrv_STM32F7xx.lib(m8266wifidrv.o)
    0x08004f3c   0x00000056   Code   RO        11371    i.MPU_Get_Accelerometer  mpu6050.o
    0x08004f92   0x00000056   Code   RO        11372    i.MPU_Get_Gyroscope  mpu6050.o
    0x08004fe8   0x00000078   Code   RO        11373    i.MPU_Get_Temperature  mpu6050.o
    0x08005060   0x00000154   Code   RO        11509    i.MPU_IIC_Ack       mpuiic.o
    0x080051b4   0x0000000a   Code   RO        11510    i.MPU_IIC_Delay     mpuiic.o
    0x080051be   0x00000002   PAD
    0x080051c0   0x00000064   Code   RO        11511    i.MPU_IIC_Init      mpuiic.o
    0x08005224   0x00000150   Code   RO        11512    i.MPU_IIC_NAck      mpuiic.o
    0x08005374   0x00000184   Code   RO        11513    i.MPU_IIC_Read_Byte  mpuiic.o
    0x080054f8   0x000001d8   Code   RO        11514    i.MPU_IIC_Send_Byte  mpuiic.o
    0x080056d0   0x00000150   Code   RO        11515    i.MPU_IIC_Start     mpuiic.o
    0x08005820   0x0000014c   Code   RO        11516    i.MPU_IIC_Stop      mpuiic.o
    0x0800596c   0x0000019c   Code   RO        11517    i.MPU_IIC_Wait_Ack  mpuiic.o
    0x08005b08   0x0000008e   Code   RO        11376    i.MPU_Read_Len      mpu6050.o
    0x08005b96   0x0000001a   Code   RO        11377    i.MPU_Read_Len_0    mpu6050.o
    0x08005bb0   0x0000001a   Code   RO        11378    i.MPU_Read_Len_1    mpu6050.o
    0x08005bca   0x0000001a   Code   RO        11379    i.MPU_Read_Len_2    mpu6050.o
    0x08005be4   0x0000001a   Code   RO        11380    i.MPU_Read_Len_3    mpu6050.o
    0x08005bfe   0x00000078   Code   RO        11386    i.MPU_Write_Len     mpu6050.o
    0x08005c76   0x0000001a   Code   RO        11387    i.MPU_Write_Len_0   mpu6050.o
    0x08005c90   0x0000001a   Code   RO        11388    i.MPU_Write_Len_1   mpu6050.o
    0x08005caa   0x0000001a   Code   RO        11389    i.MPU_Write_Len_2   mpu6050.o
    0x08005cc4   0x0000001a   Code   RO        11390    i.MPU_Write_Len_3   mpu6050.o
    0x08005cde   0x00000004   Code   RO          462    i.MemManage_Handler  stm32f7xx_it.o
    0x08005ce2   0x00000002   Code   RO          463    i.NMI_Handler       stm32f7xx_it.o
    0x08005ce4   0x00000010   Code   RO         1375    i.NVIC_GetPriorityGrouping  stm32f7xx_hal_cortex.o
    0x08005cf4   0x00000028   Code   RO         1376    i.NVIC_SetPriority  stm32f7xx_hal_cortex.o
    0x08005d1c   0x00000070   Code   RO        10839    i.Pulser_IO_Init    pulser.o
    0x08005d8c   0x00000040   Code   RO        10755    i.Rheostat_ADC_GPIO_Config  adc.o
    0x08005dcc   0x000000e4   Code   RO        10756    i.Rheostat_ADC_Mode_Config  adc.o
    0x08005eb0   0x0000000c   Code   RO        10757    i.Rheostat_Init     adc.o
    0x08005ebc   0x00000170   Code   RO        15336    i.SPI_STA_Get_HostIP_by_HostName  M8266WIFIDrv_STM32F7xx.lib(m8266wifidrv.o)
    0x0800602c   0x00000018   Code   RO        11201    i.SelectChip        ads1299.o
    0x08006044   0x00000044   Code   RO        14084    i.Set_Socket        wifi.o
    0x08006088   0x00000010   Code   RO        10922    i.Start_TIM3        timer.o
    0x08006098   0x000000b4   Code   RO        10624    i.Stm32_Clock_Init  sys.o
    0x0800614c   0x00000010   Code   RO        10923    i.Stop_TIM3         timer.o
    0x0800615c   0x00000014   Code   RO        10563    i.SysTick_Handler   delay.o
    0x08006170   0x00000064   Code   RO          517    i.SystemInit        system_stm32f7xx.o
    0x080061d4   0x00000010   Code   RO        10924    i.TIM3_IRQHandler   timer.o
    0x080061e4   0x00000028   Code   RO        10925    i.TIM3_Init         timer.o
    0x0800620c   0x000000e4   Code   RO         8611    i.TIM_Base_SetConfig  stm32f7xx_hal_tim.o
    0x080062f0   0x000000ea   Code   RO         9481    i.UART_AdvFeatureConfig  stm32f7xx_hal_uart.o
    0x080063da   0x00000074   Code   RO         9482    i.UART_CheckIdleState  stm32f7xx_hal_uart.o
    0x0800644e   0x00000018   Code   RO         9483    i.UART_DMAAbortOnError  stm32f7xx_hal_uart.o
    0x08006466   0x00000020   Code   RO         9489    i.UART_EndRxTransfer  stm32f7xx_hal_uart.o
    0x08006486   0x00000020   Code   RO         9490    i.UART_EndTransmit_IT  stm32f7xx_hal_uart.o
    0x080064a6   0x00000088   Code   RO         9492    i.UART_Receive_IT   stm32f7xx_hal_uart.o
    0x0800652e   0x00000002   PAD
    0x08006530   0x0000038c   Code   RO         9493    i.UART_SetConfig    stm32f7xx_hal_uart.o
    0x080068bc   0x0000006a   Code   RO         9494    i.UART_Transmit_IT  stm32f7xx_hal_uart.o
    0x08006926   0x0000006c   Code   RO         9495    i.UART_WaitOnFlagUntilTimeout  stm32f7xx_hal_uart.o
    0x08006992   0x00000002   PAD
    0x08006994   0x00000050   Code   RO        10676    i.USART2_IRQHandler  usart.o
    0x080069e4   0x0000002c   Code   RO        11202    i.USART2_Send_Data  ads1299.o
    0x08006a10   0x000000a0   Code   RO        10677    i.USART3_IRQHandler  usart.o
    0x08006ab0   0x00000090   Code   RO            6    i.US_task           main.o
    0x08006b40   0x00000004   Code   RO          464    i.UsageFault_Handler  stm32f7xx_it.o
    0x08006b44   0x00000010   Code   RO        14085    i.Wifi_Init         wifi.o
    0x08006b54   0x0000007c   Code   RO        14086    i.Wifi_Send_Packet  wifi.o
    0x08006bd0   0x00000020   Code   RO        15733    i.__0printf         mc_w.l(printfa.o)
    0x08006bf0   0x00000030   Code   RO        15823    i.__ARM_fpclassify  m_wv.l(fpclassify.o)
    0x08006c20   0x00000208   Code   RO        15453    i.__hardfp_asin     m_wv.l(asin.o)
    0x08006e28   0x00000200   Code   RO        15789    i.__hardfp_atan     m_wv.l(atan.o)
    0x08007028   0x000001c0   Code   RO        15467    i.__hardfp_atan2    m_wv.l(atan2.o)
    0x080071e8   0x00000070   Code   RO        15825    i.__kernel_poly     m_wv.l(poly.o)
    0x08007258   0x00000006   Code   RO        15804    i.__mathlib_dbl_infnan  m_wv.l(dunder.o)
    0x0800725e   0x00000006   Code   RO        15805    i.__mathlib_dbl_infnan2  m_wv.l(dunder.o)
    0x08007264   0x00000004   PAD
    0x08007268   0x00000018   Code   RO        15806    i.__mathlib_dbl_invalid  m_wv.l(dunder.o)
    0x08007280   0x00000018   Code   RO        15809    i.__mathlib_dbl_underflow  m_wv.l(dunder.o)
    0x08007298   0x0000000e   Code   RO        15888    i.__scatterload_copy  mc_w.l(handlers.o)
    0x080072a6   0x00000002   Code   RO        15889    i.__scatterload_null  mc_w.l(handlers.o)
    0x080072a8   0x0000000e   Code   RO        15890    i.__scatterload_zeroinit  mc_w.l(handlers.o)
    0x080072b6   0x00000002   PAD
    0x080072b8   0x0000000c   Code   RO        15864    i.__set_errno       mc_w.l(errno.o)
    0x080072c4   0x00000184   Code   RO        15740    i._fp_digits        mc_w.l(printfa.o)
    0x08007448   0x000006dc   Code   RO        15741    i._printf_core      mc_w.l(printfa.o)
    0x08007b24   0x00000024   Code   RO        15742    i._printf_post_padding  mc_w.l(printfa.o)
    0x08007b48   0x0000002e   Code   RO        15743    i._printf_pre_padding  mc_w.l(printfa.o)
    0x08007b76   0x00000002   PAD
    0x08007b78   0x000000c0   Code   RO        11919    i.accel_self_test   inv_mpu_1.o
    0x08007c38   0x000000c0   Code   RO        12247    i.accel_self_test   inv_mpu_2.o
    0x08007cf8   0x000000c0   Code   RO        12575    i.accel_self_test   inv_mpu_3.o
    0x08007db8   0x000000aa   Code   RO        11298    i.add_PLF           emgprocessing.o
    0x08007e62   0x00000010   Code   RO        15791    i.atan              m_wv.l(atan.o)
    0x08007e72   0x00000002   PAD
    0x08007e74   0x00000084   Code   RO        11203    i.dataAcq           ads1299.o
    0x08007ef8   0x00000064   Code   RO        12903    i.decode_gesture    inv_mpu_dmp_motion_driver_0.o
    0x08007f5c   0x00000064   Code   RO        13101    i.decode_gesture    inv_mpu_dmp_motion_driver_1.o
    0x08007fc0   0x00000064   Code   RO        13289    i.decode_gesture    inv_mpu_dmp_motion_driver_2.o
    0x08008024   0x00000064   Code   RO        13477    i.decode_gesture    inv_mpu_dmp_motion_driver_3.o
    0x08008088   0x00000044   Code   RO        10564    i.delay_init        delay.o
    0x080080cc   0x00000040   Code   RO        10565    i.delay_ms          delay.o
    0x0800810c   0x00000048   Code   RO        10566    i.delay_us          delay.o
    0x08008154   0x0000003c   Code   RO        13102    i.dmp_enable_6x_lp_quat_1  inv_mpu_dmp_motion_driver_1.o
    0x08008190   0x0000003c   Code   RO        13290    i.dmp_enable_6x_lp_quat_2  inv_mpu_dmp_motion_driver_2.o
    0x080081cc   0x0000003c   Code   RO        13478    i.dmp_enable_6x_lp_quat_3  inv_mpu_dmp_motion_driver_3.o
    0x08008208   0x0000021c   Code   RO        13103    i.dmp_enable_feature_1  inv_mpu_dmp_motion_driver_1.o
    0x08008424   0x0000021c   Code   RO        13291    i.dmp_enable_feature_2  inv_mpu_dmp_motion_driver_2.o
    0x08008640   0x0000021c   Code   RO        13479    i.dmp_enable_feature_3  inv_mpu_dmp_motion_driver_3.o
    0x0800885c   0x00000058   Code   RO        13104    i.dmp_enable_gyro_cal_1  inv_mpu_dmp_motion_driver_1.o
    0x080088b4   0x00000058   Code   RO        13292    i.dmp_enable_gyro_cal_2  inv_mpu_dmp_motion_driver_2.o
    0x0800890c   0x00000058   Code   RO        13480    i.dmp_enable_gyro_cal_3  inv_mpu_dmp_motion_driver_3.o
    0x08008964   0x0000003c   Code   RO        13105    i.dmp_enable_lp_quat_1  inv_mpu_dmp_motion_driver_1.o
    0x080089a0   0x0000003c   Code   RO        13293    i.dmp_enable_lp_quat_2  inv_mpu_dmp_motion_driver_2.o
    0x080089dc   0x0000003c   Code   RO        13481    i.dmp_enable_lp_quat_3  inv_mpu_dmp_motion_driver_3.o
    0x08008a18   0x00000018   Code   RO        13110    i.dmp_load_motion_driver_firmware_1  inv_mpu_dmp_motion_driver_1.o
    0x08008a30   0x00000018   Code   RO        13298    i.dmp_load_motion_driver_firmware_2  inv_mpu_dmp_motion_driver_2.o
    0x08008a48   0x00000018   Code   RO        13486    i.dmp_load_motion_driver_firmware_3  inv_mpu_dmp_motion_driver_3.o
    0x08008a60   0x000001c8   Code   RO        12913    i.dmp_read_fifo_0   inv_mpu_dmp_motion_driver_0.o
    0x08008c28   0x000001c8   Code   RO        13111    i.dmp_read_fifo_1   inv_mpu_dmp_motion_driver_1.o
    0x08008df0   0x000001c8   Code   RO        13299    i.dmp_read_fifo_2   inv_mpu_dmp_motion_driver_2.o
    0x08008fb8   0x000001c8   Code   RO        13487    i.dmp_read_fifo_3   inv_mpu_dmp_motion_driver_3.o
    0x08009180   0x00000130   Code   RO        13114    i.dmp_set_accel_bias_1  inv_mpu_dmp_motion_driver_1.o
    0x080092b0   0x00000130   Code   RO        13302    i.dmp_set_accel_bias_2  inv_mpu_dmp_motion_driver_2.o
    0x080093e0   0x00000130   Code   RO        13490    i.dmp_set_accel_bias_3  inv_mpu_dmp_motion_driver_3.o
    0x08009510   0x00000070   Code   RO        13115    i.dmp_set_fifo_rate_1  inv_mpu_dmp_motion_driver_1.o
    0x08009580   0x00000070   Code   RO        13303    i.dmp_set_fifo_rate_2  inv_mpu_dmp_motion_driver_2.o
    0x080095f0   0x00000070   Code   RO        13491    i.dmp_set_fifo_rate_3  inv_mpu_dmp_motion_driver_3.o
    0x08009660   0x00000130   Code   RO        13116    i.dmp_set_gyro_bias_1  inv_mpu_dmp_motion_driver_1.o
    0x08009790   0x00000130   Code   RO        13304    i.dmp_set_gyro_bias_2  inv_mpu_dmp_motion_driver_2.o
    0x080098c0   0x00000130   Code   RO        13492    i.dmp_set_gyro_bias_3  inv_mpu_dmp_motion_driver_3.o
    0x080099f0   0x00000138   Code   RO        13118    i.dmp_set_orientation_1  inv_mpu_dmp_motion_driver_1.o
    0x08009b28   0x00000138   Code   RO        13306    i.dmp_set_orientation_2  inv_mpu_dmp_motion_driver_2.o
    0x08009c60   0x00000138   Code   RO        13494    i.dmp_set_orientation_3  inv_mpu_dmp_motion_driver_3.o
    0x08009d98   0x00000038   Code   RO        13121    i.dmp_set_shake_reject_thresh_1  inv_mpu_dmp_motion_driver_1.o
    0x08009dd0   0x00000038   Code   RO        13309    i.dmp_set_shake_reject_thresh_2  inv_mpu_dmp_motion_driver_2.o
    0x08009e08   0x00000038   Code   RO        13497    i.dmp_set_shake_reject_thresh_3  inv_mpu_dmp_motion_driver_3.o
    0x08009e40   0x00000026   Code   RO        13122    i.dmp_set_shake_reject_time_1  inv_mpu_dmp_motion_driver_1.o
    0x08009e66   0x00000026   Code   RO        13310    i.dmp_set_shake_reject_time_2  inv_mpu_dmp_motion_driver_2.o
    0x08009e8c   0x00000026   Code   RO        13498    i.dmp_set_shake_reject_time_3  inv_mpu_dmp_motion_driver_3.o
    0x08009eb2   0x00000026   Code   RO        13123    i.dmp_set_shake_reject_timeout_1  inv_mpu_dmp_motion_driver_1.o
    0x08009ed8   0x00000026   Code   RO        13311    i.dmp_set_shake_reject_timeout_2  inv_mpu_dmp_motion_driver_2.o
    0x08009efe   0x00000026   Code   RO        13499    i.dmp_set_shake_reject_timeout_3  inv_mpu_dmp_motion_driver_3.o
    0x08009f24   0x00000046   Code   RO        13124    i.dmp_set_tap_axes_1  inv_mpu_dmp_motion_driver_1.o
    0x08009f6a   0x00000046   Code   RO        13312    i.dmp_set_tap_axes_2  inv_mpu_dmp_motion_driver_2.o
    0x08009fb0   0x00000046   Code   RO        13500    i.dmp_set_tap_axes_3  inv_mpu_dmp_motion_driver_3.o
    0x08009ff6   0x00000026   Code   RO        13125    i.dmp_set_tap_count_1  inv_mpu_dmp_motion_driver_1.o
    0x0800a01c   0x00000026   Code   RO        13313    i.dmp_set_tap_count_2  inv_mpu_dmp_motion_driver_2.o
    0x0800a042   0x00000026   Code   RO        13501    i.dmp_set_tap_count_3  inv_mpu_dmp_motion_driver_3.o
    0x0800a068   0x000001c0   Code   RO        13126    i.dmp_set_tap_thresh_1  inv_mpu_dmp_motion_driver_1.o
    0x0800a228   0x000001c0   Code   RO        13314    i.dmp_set_tap_thresh_2  inv_mpu_dmp_motion_driver_2.o
    0x0800a3e8   0x000001c0   Code   RO        13502    i.dmp_set_tap_thresh_3  inv_mpu_dmp_motion_driver_3.o
    0x0800a5a8   0x00000026   Code   RO        13127    i.dmp_set_tap_time_1  inv_mpu_dmp_motion_driver_1.o
    0x0800a5ce   0x00000026   Code   RO        13315    i.dmp_set_tap_time_2  inv_mpu_dmp_motion_driver_2.o
    0x0800a5f4   0x00000026   Code   RO        13503    i.dmp_set_tap_time_3  inv_mpu_dmp_motion_driver_3.o
    0x0800a61a   0x00000026   Code   RO        13128    i.dmp_set_tap_time_multi_1  inv_mpu_dmp_motion_driver_1.o
    0x0800a640   0x00000026   Code   RO        13316    i.dmp_set_tap_time_multi_2  inv_mpu_dmp_motion_driver_2.o
    0x0800a666   0x00000026   Code   RO        13504    i.dmp_set_tap_time_multi_3  inv_mpu_dmp_motion_driver_3.o
    0x0800a68c   0x00000018   Code   RO        15819    i.fabs              m_wv.l(fabs.o)
    0x0800a6a4   0x0000001c   Code   RO        10679    i.fputc             usart.o
    0x0800a6c0   0x0000004c   Code   RO        15339    i.fvcp              M8266WIFIDrv_STM32F7xx.lib(m8266wifidrv.o)
    0x0800a70c   0x00000030   Code   RO        15341    i.fvdnstap          M8266WIFIDrv_STM32F7xx.lib(m8266wifidrv.o)
    0x0800a73c   0x000000d0   Code   RO        11920    i.get_accel_prod_shift  inv_mpu_1.o
    0x0800a80c   0x000000d0   Code   RO        12248    i.get_accel_prod_shift  inv_mpu_2.o
    0x0800a8dc   0x000000d0   Code   RO        12576    i.get_accel_prod_shift  inv_mpu_3.o
    0x0800a9ac   0x00000470   Code   RO        11921    i.get_st_biases     inv_mpu_1.o
    0x0800ae1c   0x00000470   Code   RO        12249    i.get_st_biases     inv_mpu_2.o
    0x0800b28c   0x00000470   Code   RO        12577    i.get_st_biases     inv_mpu_3.o
    0x0800b6fc   0x0000011c   Code   RO        11922    i.gyro_self_test    inv_mpu_1.o
    0x0800b818   0x0000011c   Code   RO        12250    i.gyro_self_test    inv_mpu_2.o
    0x0800b934   0x0000011c   Code   RO        12578    i.gyro_self_test    inv_mpu_3.o
    0x0800ba50   0x00000028   Code   RO        11299    i.initial_PLF       emgprocessing.o
    0x0800ba78   0x00000028   Code   RO        11923    i.inv_orientation_matrix_to_scalar  inv_mpu_1.o
    0x0800baa0   0x00000028   Code   RO        12251    i.inv_orientation_matrix_to_scalar  inv_mpu_2.o
    0x0800bac8   0x00000028   Code   RO        12579    i.inv_orientation_matrix_to_scalar  inv_mpu_3.o
    0x0800baf0   0x0000004e   Code   RO        11924    i.inv_row_2_scale   inv_mpu_1.o
    0x0800bb3e   0x0000004e   Code   RO        12252    i.inv_row_2_scale   inv_mpu_2.o
    0x0800bb8c   0x0000004e   Code   RO        12580    i.inv_row_2_scale   inv_mpu_3.o
    0x0800bbda   0x00000002   PAD
    0x0800bbdc   0x00000204   Code   RO            7    i.main              main.o
    0x0800bde0   0x00000070   Code   RO        11926    i.mpu_configure_fifo_1  inv_mpu_1.o
    0x0800be50   0x00000070   Code   RO        12254    i.mpu_configure_fifo_2  inv_mpu_2.o
    0x0800bec0   0x00000070   Code   RO        12582    i.mpu_configure_fifo_3  inv_mpu_3.o
    0x0800bf30   0x0000019c   Code   RO        11589    i.mpu_dmp_get_data_0  inv_mpu_0.o
    0x0800c0cc   0x0000019c   Code   RO        11927    i.mpu_dmp_get_data_1  inv_mpu_1.o
    0x0800c268   0x0000019c   Code   RO        12255    i.mpu_dmp_get_data_2  inv_mpu_2.o
    0x0800c404   0x0000019c   Code   RO        12583    i.mpu_dmp_get_data_3  inv_mpu_3.o
    0x0800c5a0   0x0000009c   Code   RO        11928    i.mpu_dmp_init_1    inv_mpu_1.o
    0x0800c63c   0x0000009c   Code   RO        12256    i.mpu_dmp_init_2    inv_mpu_2.o
    0x0800c6d8   0x0000009c   Code   RO        12584    i.mpu_dmp_init_3    inv_mpu_3.o
    0x0800c774   0x0000004c   Code   RO        11929    i.mpu_get_accel_fsr_1  inv_mpu_1.o
    0x0800c7c0   0x0000004c   Code   RO        12257    i.mpu_get_accel_fsr_2  inv_mpu_2.o
    0x0800c80c   0x0000004c   Code   RO        12585    i.mpu_get_accel_fsr_3  inv_mpu_3.o
    0x0800c858   0x00000054   Code   RO        11931    i.mpu_get_accel_sens_1  inv_mpu_1.o
    0x0800c8ac   0x00000054   Code   RO        12259    i.mpu_get_accel_sens_2  inv_mpu_2.o
    0x0800c900   0x00000054   Code   RO        12587    i.mpu_get_accel_sens_3  inv_mpu_3.o
    0x0800c954   0x00000010   Code   RO        11936    i.mpu_get_fifo_config_1  inv_mpu_1.o
    0x0800c964   0x00000010   Code   RO        12264    i.mpu_get_fifo_config_2  inv_mpu_2.o
    0x0800c974   0x00000010   Code   RO        12592    i.mpu_get_fifo_config_3  inv_mpu_3.o
    0x0800c984   0x00000044   Code   RO        11937    i.mpu_get_gyro_fsr_1  inv_mpu_1.o
    0x0800c9c8   0x00000044   Code   RO        12265    i.mpu_get_gyro_fsr_2  inv_mpu_2.o
    0x0800ca0c   0x00000044   Code   RO        12593    i.mpu_get_gyro_fsr_3  inv_mpu_3.o
    0x0800ca50   0x00000060   Code   RO        11939    i.mpu_get_gyro_sens_1  inv_mpu_1.o
    0x0800cab0   0x00000060   Code   RO        12267    i.mpu_get_gyro_sens_2  inv_mpu_2.o
    0x0800cb10   0x00000060   Code   RO        12595    i.mpu_get_gyro_sens_3  inv_mpu_3.o
    0x0800cb70   0x00000050   Code   RO        11941    i.mpu_get_lpf_1     inv_mpu_1.o
    0x0800cbc0   0x00000050   Code   RO        12269    i.mpu_get_lpf_2     inv_mpu_2.o
    0x0800cc10   0x00000050   Code   RO        12597    i.mpu_get_lpf_3     inv_mpu_3.o
    0x0800cc60   0x00000020   Code   RO        11943    i.mpu_get_sample_rate_1  inv_mpu_1.o
    0x0800cc80   0x00000020   Code   RO        12271    i.mpu_get_sample_rate_2  inv_mpu_2.o
    0x0800cca0   0x00000020   Code   RO        12599    i.mpu_get_sample_rate_3  inv_mpu_3.o
    0x0800ccc0   0x000001f0   Code   RO        11945    i.mpu_init_1        inv_mpu_1.o
    0x0800ceb0   0x000001f0   Code   RO        12273    i.mpu_init_2        inv_mpu_2.o
    0x0800d0a0   0x000001f0   Code   RO        12601    i.mpu_init_3        inv_mpu_3.o
    0x0800d290   0x000000b8   Code   RO        11946    i.mpu_load_firmware_1  inv_mpu_1.o
    0x0800d348   0x000000b8   Code   RO        12274    i.mpu_load_firmware_2  inv_mpu_2.o
    0x0800d400   0x000000b8   Code   RO        12602    i.mpu_load_firmware_3  inv_mpu_3.o
    0x0800d4b8   0x000000e0   Code   RO        11947    i.mpu_lp_accel_mode_1  inv_mpu_1.o
    0x0800d598   0x000000e0   Code   RO        12275    i.mpu_lp_accel_mode_2  inv_mpu_2.o
    0x0800d678   0x000000e0   Code   RO        12603    i.mpu_lp_accel_mode_3  inv_mpu_3.o
    0x0800d758   0x000000c0   Code   RO        11612    i.mpu_read_fifo_0_stream  inv_mpu_0.o
    0x0800d818   0x000000c0   Code   RO        11950    i.mpu_read_fifo_1_stream  inv_mpu_1.o
    0x0800d8d8   0x000000c0   Code   RO        12278    i.mpu_read_fifo_2_stream  inv_mpu_2.o
    0x0800d998   0x000000c0   Code   RO        12606    i.mpu_read_fifo_3_stream  inv_mpu_3.o
    0x0800da58   0x00000080   Code   RO        11951    i.mpu_read_mem_1    inv_mpu_1.o
    0x0800dad8   0x00000080   Code   RO        12279    i.mpu_read_mem_2    inv_mpu_2.o
    0x0800db58   0x00000080   Code   RO        12607    i.mpu_read_mem_3    inv_mpu_3.o
    0x0800dbd8   0x000001c8   Code   RO        11616    i.mpu_reset_fifo_0  inv_mpu_0.o
    0x0800dda0   0x000001c8   Code   RO        11954    i.mpu_reset_fifo_1  inv_mpu_1.o
    0x0800df68   0x000001c8   Code   RO        12282    i.mpu_reset_fifo_2  inv_mpu_2.o
    0x0800e130   0x000001c8   Code   RO        12610    i.mpu_reset_fifo_3  inv_mpu_3.o
    0x0800e2f8   0x0000011c   Code   RO        11955    i.mpu_run_self_test_1  inv_mpu_1.o
    0x0800e414   0x0000011c   Code   RO        12283    i.mpu_run_self_test_2  inv_mpu_2.o
    0x0800e530   0x0000011c   Code   RO        12611    i.mpu_run_self_test_3  inv_mpu_3.o
    0x0800e64c   0x00000084   Code   RO        11957    i.mpu_set_accel_fsr_1  inv_mpu_1.o
    0x0800e6d0   0x00000084   Code   RO        12285    i.mpu_set_accel_fsr_2  inv_mpu_2.o
    0x0800e754   0x00000084   Code   RO        12613    i.mpu_set_accel_fsr_3  inv_mpu_3.o
    0x0800e7d8   0x0000014c   Code   RO        11958    i.mpu_set_bypass_1  inv_mpu_1.o
    0x0800e924   0x0000014c   Code   RO        12286    i.mpu_set_bypass_2  inv_mpu_2.o
    0x0800ea70   0x0000014c   Code   RO        12614    i.mpu_set_bypass_3  inv_mpu_3.o
    0x0800ebbc   0x00000090   Code   RO        11960    i.mpu_set_dmp_state_1  inv_mpu_1.o
    0x0800ec4c   0x00000090   Code   RO        12288    i.mpu_set_dmp_state_2  inv_mpu_2.o
    0x0800ecdc   0x00000090   Code   RO        12616    i.mpu_set_dmp_state_3  inv_mpu_3.o
    0x0800ed6c   0x00000088   Code   RO        11961    i.mpu_set_gyro_fsr_1  inv_mpu_1.o
    0x0800edf4   0x00000088   Code   RO        12289    i.mpu_set_gyro_fsr_2  inv_mpu_2.o
    0x0800ee7c   0x00000088   Code   RO        12617    i.mpu_set_gyro_fsr_3  inv_mpu_3.o
    0x0800ef04   0x0000006c   Code   RO        11962    i.mpu_set_int_latched_1  inv_mpu_1.o
    0x0800ef70   0x0000006c   Code   RO        12290    i.mpu_set_int_latched_2  inv_mpu_2.o
    0x0800efdc   0x0000006c   Code   RO        12618    i.mpu_set_int_latched_3  inv_mpu_3.o
    0x0800f048   0x00000084   Code   RO        11964    i.mpu_set_lpf_1     inv_mpu_1.o
    0x0800f0cc   0x00000084   Code   RO        12292    i.mpu_set_lpf_2     inv_mpu_2.o
    0x0800f150   0x00000084   Code   RO        12620    i.mpu_set_lpf_3     inv_mpu_3.o
    0x0800f1d4   0x0000009c   Code   RO        11965    i.mpu_set_sample_rate_1  inv_mpu_1.o
    0x0800f270   0x0000009c   Code   RO        12293    i.mpu_set_sample_rate_2  inv_mpu_2.o
    0x0800f30c   0x0000009c   Code   RO        12621    i.mpu_set_sample_rate_3  inv_mpu_3.o
    0x0800f3a8   0x000000d0   Code   RO        11966    i.mpu_set_sensors_1  inv_mpu_1.o
    0x0800f478   0x000000d0   Code   RO        12294    i.mpu_set_sensors_2  inv_mpu_2.o
    0x0800f548   0x000000d0   Code   RO        12622    i.mpu_set_sensors_3  inv_mpu_3.o
    0x0800f618   0x00000080   Code   RO        11967    i.mpu_write_mem_1   inv_mpu_1.o
    0x0800f698   0x00000080   Code   RO        12295    i.mpu_write_mem_2   inv_mpu_2.o
    0x0800f718   0x00000080   Code   RO        12623    i.mpu_write_mem_3   inv_mpu_3.o
    0x0800f798   0x00000098   Code   RO        14573    i.prvAddCurrentTaskToDelayedList  tasks.o
    0x0800f830   0x000000b8   Code   RO        14574    i.prvAddNewTaskToReadyList  tasks.o
    0x0800f8e8   0x00000064   Code   RO        14945    i.prvCheckForValidListAndQueue  timers.o
    0x0800f94c   0x00000064   Code   RO        14575    i.prvCheckTasksWaitingTermination  tasks.o
    0x0800f9b0   0x0000002a   Code   RO        14325    i.prvCopyDataFromQueue  queue.o
    0x0800f9da   0x0000007c   Code   RO        14326    i.prvCopyDataToQueue  queue.o
    0x0800fa56   0x00000012   Code   RO        14576    i.prvDeleteTCB      tasks.o
    0x0800fa68   0x00000028   Code   RO        14946    i.prvGetNextExpireTime  timers.o
    0x0800fa90   0x0000007c   Code   RO        15176    i.prvHeapInit       heap_4.o
    0x0800fb0c   0x00000028   Code   RO        14577    i.prvIdleTask       tasks.o
    0x0800fb34   0x0000002e   Code   RO        14328    i.prvInitialiseNewQueue  queue.o
    0x0800fb62   0x00000002   PAD
    0x0800fb64   0x000000d0   Code   RO        14578    i.prvInitialiseNewTask  tasks.o
    0x0800fc34   0x00000068   Code   RO        14579    i.prvInitialiseTaskLists  tasks.o
    0x0800fc9c   0x00000068   Code   RO        15177    i.prvInsertBlockIntoFreeList  heap_4.o
    0x0800fd04   0x00000058   Code   RO        14948    i.prvInsertTimerInActiveList  timers.o
    0x0800fd5c   0x0000001a   Code   RO        14329    i.prvIsQueueEmpty   queue.o
    0x0800fd76   0x0000001e   Code   RO        14330    i.prvIsQueueFull    queue.o
    0x0800fd94   0x000000a0   Code   RO        14331    i.prvNotifyQueueSetContainer  queue.o
    0x0800fe34   0x00000080   Code   RO        14949    i.prvProcessExpiredTimer  timers.o
    0x0800feb4   0x0000012c   Code   RO        14950    i.prvProcessReceivedCommands  timers.o
    0x0800ffe0   0x00000074   Code   RO        14951    i.prvProcessTimerOrBlockTask  timers.o
    0x08010054   0x00000034   Code   RO        14581    i.prvResetNextTaskUnblockTime  tasks.o
    0x08010088   0x0000002c   Code   RO        14952    i.prvSampleTimeNow  timers.o
    0x080100b4   0x000000bc   Code   RO        14953    i.prvSwitchTimerLists  timers.o
    0x08010170   0x0000007c   Code   RO        15088    i.prvTaskExitError  port.o
    0x080101ec   0x0000001a   Code   RO        14954    i.prvTimerTask      timers.o
    0x08010206   0x00000092   Code   RO        14332    i.prvUnlockQueue    queue.o
    0x08010298   0x00000154   Code   RO        15178    i.pvPortMalloc      heap_4.o
    0x080103ec   0x00000020   Code   RO        14585    i.pvTaskIncrementMutexHeldCount  tasks.o
    0x0801040c   0x0000002c   Code   RO        15089    i.pxPortInitialiseStack  port.o
    0x08010438   0x0000009a   Code   RO        11968    i.run_self_test_1   inv_mpu_1.o
    0x080104d2   0x0000009a   Code   RO        12296    i.run_self_test_2   inv_mpu_2.o
    0x0801056c   0x0000009a   Code   RO        12624    i.run_self_test_3   inv_mpu_3.o
    0x08010606   0x00000002   PAD
    0x08010608   0x00000080   Code   RO        11204    i.sendPackage       ads1299.o
    0x08010688   0x000000c4   Code   RO        11205    i.setDev            ads1299.o
    0x0801074c   0x00000090   Code   RO        11969    i.set_int_enable    inv_mpu_1.o
    0x080107dc   0x00000090   Code   RO        12297    i.set_int_enable    inv_mpu_2.o
    0x0801086c   0x00000090   Code   RO        12625    i.set_int_enable    inv_mpu_3.o
    0x080108fc   0x0000006a   Code   RO        15830    i.sqrt              m_wv.l(sqrt.o)
    0x08010966   0x00000002   PAD
    0x08010968   0x00000028   Code   RO        11206    i.startDev          ads1299.o
    0x08010990   0x00000094   Code   RO            8    i.start_task        main.o
    0x08010a24   0x0000002c   Code   RO        10680    i.uart3_init        usart.o
    0x08010a50   0x00000038   Code   RO        10681    i.uart_init         usart.o
    0x08010a88   0x0000006c   Code   RO        11322    i.usart3_Report     imucollecting.o
    0x08010af4   0x0000002c   Code   RO        11323    i.usart3_SendPackage  imucollecting.o
    0x08010b20   0x00000028   Code   RO        14276    i.uxListRemove      list.o
    0x08010b48   0x0000001a   Code   RO        14277    i.vListInitialise   list.o
    0x08010b62   0x00000006   Code   RO        14278    i.vListInitialiseItem  list.o
    0x08010b68   0x00000034   Code   RO        14279    i.vListInsert       list.o
    0x08010b9c   0x00000018   Code   RO        14280    i.vListInsertEnd    list.o
    0x08010bb4   0x00000090   Code   RO        15091    i.vPortEnterCritical  port.o
    0x08010c44   0x00000074   Code   RO        15092    i.vPortExitCritical  port.o
    0x08010cb8   0x000000b8   Code   RO        15179    i.vPortFree         heap_4.o
    0x08010d70   0x00000020   Code   RO        15093    i.vPortSetupTimerInterrupt  port.o
    0x08010d90   0x000000a4   Code   RO        15094    i.vPortValidateInterruptPriority  port.o
    0x08010e34   0x0000002c   Code   RO        14338    i.vQueueAddToRegistry  queue.o
    0x08010e60   0x0000004a   Code   RO        14342    i.vQueueWaitForMessageRestricted  queue.o
    0x08010eaa   0x00000002   PAD
    0x08010eac   0x00000074   Code   RO        14593    i.vTaskDelay        tasks.o
    0x08010f20   0x0000010c   Code   RO        14595    i.vTaskDelete       tasks.o
    0x0801102c   0x0000000c   Code   RO        14599    i.vTaskMissedYield  tasks.o
    0x08011038   0x00000054   Code   RO        14601    i.vTaskPlaceOnEventList  tasks.o
    0x0801108c   0x0000005c   Code   RO        14602    i.vTaskPlaceOnEventListRestricted  tasks.o
    0x080110e8   0x000000b0   Code   RO        14604    i.vTaskPriorityInherit  tasks.o
    0x08011198   0x0000004c   Code   RO        14608    i.vTaskSetTimeOutState  tasks.o
    0x080111e4   0x000000b0   Code   RO        14609    i.vTaskStartScheduler  tasks.o
    0x08011294   0x00000010   Code   RO        14611    i.vTaskSuspendAll   tasks.o
    0x080112a4   0x000000a8   Code   RO        14612    i.vTaskSwitchContext  tasks.o
    0x0801134c   0x00000118   Code   RO        15095    i.xPortStartScheduler  port.o
    0x08011464   0x00000038   Code   RO        15096    i.xPortSysTickHandler  port.o
    0x0801149c   0x00000074   Code   RO        14347    i.xQueueGenericCreate  queue.o
    0x08011510   0x000001c8   Code   RO        14348    i.xQueueGenericReceive  queue.o
    0x080116d8   0x000000b0   Code   RO        14349    i.xQueueGenericReset  queue.o
    0x08011788   0x000001c4   Code   RO        14350    i.xQueueGenericSend  queue.o
    0x0801194c   0x00000114   Code   RO        14351    i.xQueueGenericSendFromISR  queue.o
    0x08011a60   0x000000a0   Code   RO        14613    i.xTaskCheckForTimeOut  tasks.o
    0x08011b00   0x00000060   Code   RO        14614    i.xTaskCreate       tasks.o
    0x08011b60   0x00000020   Code   RO        14618    i.xTaskGetSchedulerState  tasks.o
    0x08011b80   0x0000000c   Code   RO        14619    i.xTaskGetTickCount  tasks.o
    0x08011b8c   0x00000160   Code   RO        14621    i.xTaskIncrementTick  tasks.o
    0x08011cec   0x000000d8   Code   RO        14624    i.xTaskPriorityDisinherit  tasks.o
    0x08011dc4   0x000000b4   Code   RO        14625    i.xTaskRemoveFromEventList  tasks.o
    0x08011e78   0x00000120   Code   RO        14627    i.xTaskResumeAll    tasks.o
    0x08011f98   0x00000074   Code   RO        14958    i.xTimerCreateTimerTask  timers.o
    0x0801200c   0x000000a4   Code   RO        14959    i.xTimerGenericCommand  timers.o
    0x080120b0   0x00000018   Data   RO          518    .constdata          system_stm32f7xx.o
    0x080120c8   0x00000008   Data   RO         2454    .constdata          stm32f7xx_hal_dma.o
    0x080120d0   0x00000050   Data   RO        11633    .constdata          inv_mpu_0.o
    0x08012120   0x00000050   Data   RO        11971    .constdata          inv_mpu_1.o
    0x08012170   0x00000050   Data   RO        12299    .constdata          inv_mpu_2.o
    0x080121c0   0x00000050   Data   RO        12627    .constdata          inv_mpu_3.o
    0x08012210   0x00000bf6   Data   RO        13130    .constdata          inv_mpu_dmp_motion_driver_1.o
    0x08012e06   0x00000bf6   Data   RO        13318    .constdata          inv_mpu_dmp_motion_driver_2.o
    0x080139fc   0x00000bf6   Data   RO        13506    .constdata          inv_mpu_dmp_motion_driver_3.o
    0x080145f2   0x00000006   Data   RO        15343    .constdata          M8266WIFIDrv_STM32F7xx.lib(m8266wifidrv.o)
    0x080145f8   0x00000050   Data   RO        15456    .constdata          m_wv.l(asin.o)
    0x08014648   0x00000098   Data   RO        15792    .constdata          m_wv.l(atan.o)
    0x080146e0   0x00000008   Data   RO        15827    .constdata          m_wv.l(qnan.o)
    0x080146e8   0x0000004d   Data   RO        11972    .conststring        inv_mpu_1.o
    0x08014735   0x00000003   PAD
    0x08014738   0x00000020   Data   RO        15886    Region$$Table       anon$$obj.o


    Execution Region RW_IRAM2 (Base: 0x20000000, Size: 0x00000000, Max: 0x00020000, ABSOLUTE)

    **** No section assigned to this execution region ****


    Execution Region RW_IRAM1 (Base: 0x20020000, Size: 0x0000cf10, Max: 0x00060000, ABSOLUTE, COMPRESSED[0x00000058])

    Base Addr    Size         Type   Attr      Idx    E Section Name        Object

    0x20020000   0x00000018   Data   RW           10    .data               main.o
    0x20020018   0x00000004   Data   RW          519    .data               system_stm32f7xx.o
    0x2002001c   0x00000004   Data   RW          706    .data               stm32f7xx_hal.o
    0x20020020   0x00000006   Data   RW        10568    .data               delay.o
    0x20020026   0x00000002   PAD
    0x20020028   0x0000000b   Data   RW        10683    .data               usart.o
    0x20020033   0x00000001   Data   RW        10927    .data               timer.o
    0x20020034   0x00000012   Data   RW        11209    .data               ads1299.o
    0x20020046   0x00000002   PAD
    0x20020048   0x00000035   Data   RW        11635    .data               inv_mpu_0.o
    0x2002007d   0x00000003   PAD
    0x20020080   0x00000035   Data   RW        11973    .data               inv_mpu_1.o
    0x200200b5   0x00000003   PAD
    0x200200b8   0x00000035   Data   RW        12301    .data               inv_mpu_2.o
    0x200200ed   0x00000003   PAD
    0x200200f0   0x00000035   Data   RW        12629    .data               inv_mpu_3.o
    0x20020125   0x00000001   PAD
    0x20020126   0x00000004   Data   RW        14088    .data               wifi.o
    0x2002012a   0x00000002   PAD
    0x2002012c   0x0000003c   Data   RW        14630    .data               tasks.o
    0x20020168   0x00000014   Data   RW        14967    .data               timers.o
    0x2002017c   0x0000000c   Data   RW        15097    .data               port.o
    0x20020188   0x00000018   Data   RW        15184    .data               heap_4.o
    0x200201a0   0x00000029   Data   RW        15344    .data               M8266WIFIDrv_STM32F7xx.lib(m8266wifidrv.o)
    0x200201c9   0x00000003   PAD
    0x200201cc   0x00000004   Data   RW        15865    .data               mc_w.l(errno.o)
    0x200201d0   0x00000530   Zero   RW            9    .bss                main.o
    0x20020700   0x00000270   Zero   RW        10682    .bss                usart.o
    0x20020970   0x000004a0   Zero   RW        10758    .bss                adc.o
    0x20020e10   0x00000028   Zero   RW        10881    .bss                dac.o
    0x20020e38   0x0000003c   Zero   RW        10926    .bss                timer.o
    0x20020e74   0x00000034   Zero   RW        11208    .bss                ads1299.o
    0x20020ea8   0x00000032   Zero   RW        11324    .bss                imucollecting.o
    0x20020eda   0x00000002   PAD
    0x20020edc   0x00000010   Zero   RW        12931    .bss                inv_mpu_dmp_motion_driver_0.o
    0x20020eec   0x00000010   Zero   RW        13129    .bss                inv_mpu_dmp_motion_driver_1.o
    0x20020efc   0x00000010   Zero   RW        13317    .bss                inv_mpu_dmp_motion_driver_2.o
    0x20020f0c   0x00000010   Zero   RW        13505    .bss                inv_mpu_dmp_motion_driver_3.o
    0x20020f1c   0x00000064   Zero   RW        13763    .bss                m8266hostif_stm32xx.o
    0x20020f80   0x00000040   Zero   RW        14362    .bss                queue.o
    0x20020fc0   0x000002e4   Zero   RW        14629    .bss                tasks.o
    0x200212a4   0x00000028   Zero   RW        14966    .bss                timers.o
    0x200212cc   0x0000b800   Zero   RW        15183    .bss                heap_4.o
    0x2002cacc   0x00000044   Zero   RW        15342    .bss                M8266WIFIDrv_STM32F7xx.lib(m8266wifidrv.o)
    0x2002cb10   0x00000400   Zero   RW          671    STACK               startup_stm32f767xx.o


==============================================================================

Image component sizes


      Code (inc. data)   RO Data    RW Data    ZI Data      Debug   Object Name

       344         44          0          0       1184       2924   adc.o
      1748        120          0         18         52      10094   ads1299.o
       616         24          0          0          0       2494   bf.o
       304         48          0          0         40       2419   dac.o
       224         18          0          6          0       2469   delay.o
       210          0          0          0          0       1640   emgprocessing.o
         0          0          0          0          0      11740   event_groups.o
       264         32          0          0          0       2593   exti.o
       752        176          0         24      47104       3907   heap_4.o
       474         20          0          0         50       3907   imucollecting.o
      1060         28         80         53          0       7249   inv_mpu_0.o
      6808        320        157         53          0      32053   inv_mpu_1.o
      6808        320         80         53          0      32053   inv_mpu_2.o
      6808        320         80         53          0      32053   inv_mpu_3.o
       556         12          0          0         16       7510   inv_mpu_dmp_motion_driver_0.o
      3124        140       3062          0         16      21498   inv_mpu_dmp_motion_driver_1.o
      3124        140       3062          0         16      21498   inv_mpu_dmp_motion_driver_2.o
      3124        140       3062          0         16      21498   inv_mpu_dmp_motion_driver_3.o
        72         10          0          0          0        843   led.o
       148          0          0          0          0       3150   list.o
       484         44          0          0        100       4903   m8266hostif_stm32xx.o
       472         60          0          0          0       3947   m8266wifi_ops.o
       914        234          0         24       1328     467204   main.o
       762         22          0          0          0      10133   mpu6050.o
      2726         54          0          0          0       7054   mpuiic.o
      1146        410          0         12          0      10697   port.o
       412         32          0          0          0       2625   pulser.o
      2168        238          0          0         64      15661   queue.o
        36          8        504          0       1024        824   startup_stm32f767xx.o
       108         20          0          4          0       2927   stm32f7xx_hal.o
      1402         68          0          0          0       7187   stm32f7xx_hal_adc.o
       338         22          0          0          0      36137   stm32f7xx_hal_cortex.o
       314          0          0          0          0       3314   stm32f7xx_hal_dac.o
       814         10          8          0          0       5617   stm32f7xx_hal_dma.o
       600         56          0          0          0       4047   stm32f7xx_hal_gpio.o
         2          0          0          0          0        438   stm32f7xx_hal_msp.o
       144          8          0          0          0       1164   stm32f7xx_hal_pwr_ex.o
       716         50          0          0          0       3732   stm32f7xx_hal_rcc.o
      1232         12          0          0          0       1732   stm32f7xx_hal_rcc_ex.o
       218          0          0          0          0       1633   stm32f7xx_hal_spi.o
       808         44          0          0          0       5882   stm32f7xx_hal_tim.o
         4          0          0          0          0       1482   stm32f7xx_hal_tim_ex.o
      2860         54          0          0          0      12715   stm32f7xx_hal_uart.o
        20          0          0          0          0       2661   stm32f7xx_it.o
       180         10          0          0          0       1211   sys.o
       100         18         24          4          0       1071   system_stm32f7xx.o
      3410        878          0         60        740      29227   tasks.o
       180         46          0          1         60       3737   timer.o
      1310        312          0         20         40       8711   timers.o
       796         90          0         11        624       6403   usart.o
       208         30          0          4          0       1813   wifi.o

    ----------------------------------------------------------------------
     61482       4742      10154        416      52476     889481   Object Totals
         0          0         32          0          0          0   (incl. Generated)
        30          0          3         16          2          0   (incl. Padding)

    ----------------------------------------------------------------------

      Code (inc. data)   RO Data    RW Data    ZI Data      Debug   Library Member Name

      6086        172          6         41         68       5920   m8266wifidrv.o
       520         88         80          0          0        252   asin.o
       528        110        152          0          0        348   atan.o
       448         68          0          0          0        180   atan2.o
        60         28          0          0          0        464   dunder.o
        24          0          0          0          0        124   fabs.o
        48          0          0          0          0        124   fpclassify.o
       112          0          0          0          0        116   poly.o
         0          0          8          0          0          0   qnan.o
       106          0          0          0          0        140   sqrt.o
        86          0          0          0          0          0   __dczerorl2.o
         0          0          0          0          0          0   entry.o
         0          0          0          0          0          0   entry10a.o
         0          0          0          0          0          0   entry11a.o
         8          4          0          0          0          0   entry2.o
         4          0          0          0          0          0   entry5.o
         0          0          0          0          0          0   entry7b.o
         0          0          0          0          0          0   entry8b.o
         8          4          0          0          0          0   entry9a.o
        12          6          0          4          0         68   errno.o
        30          0          0          0          0          0   handlers.o
        36          8          0          0          0         68   init.o
         0          0          0          0          0          0   iusefp.o
        98          0          0          0          0         84   ldiv.o
        30          0          0          0          0         68   llshl.o
        36          0          0          0          0         68   llsshr.o
        32          0          0          0          0         68   llushr.o
        26          0          0          0          0         80   memcmp.o
        36          0          0          0          0         68   memcpya.o
        36          0          0          0          0        108   memseta.o
      2258         90          0          0          0        452   printfa.o
        28          0          0          0          0         76   strcmp.o
        44          0          0          0          0         80   uidiv.o
        98          0          0          0          0         92   uldiv.o
        48          0          0          0          0         68   cdrcmple.o
       334          0          0          0          0        148   dadd.o
       222          0          0          0          0        100   ddiv.o
       186          0          0          0          0        176   depilogue.o
        48          0          0          0          0         68   dfixul.o
       228          0          0          0          0         96   dmul.o

    ----------------------------------------------------------------------
     11918        578        246         48         68       9704   Library Totals
        14          0          0          3          0          0   (incl. Padding)

    ----------------------------------------------------------------------

      Code (inc. data)   RO Data    RW Data    ZI Data      Debug   Library Name

      6086        172          6         41         68       5920   M8266WIFIDrv_STM32F7xx.lib
      1846        294        240          0          0       1748   m_wv.l
      2906        112          0          4          0       1380   mc_w.l
      1066          0          0          0          0        656   mf_w.l

    ----------------------------------------------------------------------
     11918        578        246         48         68       9704   Library Totals

    ----------------------------------------------------------------------

==============================================================================


      Code (inc. data)   RO Data    RW Data    ZI Data      Debug   

     73400       5320      10400        464      52544     852429   Grand Totals
     73400       5320      10400         88      52544     852429   ELF Image Totals (compressed)
     73400       5320      10400         88          0          0   ROM Totals

==============================================================================

    Total RO  Size (Code + RO Data)                83800 (  81.84kB)
    Total RW  Size (RW Data + ZI Data)             53008 (  51.77kB)
    Total ROM Size (Code + RO Data + RW Data)      83888 (  81.92kB)

==============================================================================

